******************************************************************************
                     PRU Linker Unix v2.0.0                    
******************************************************************************
>> Linked Thu Jun 19 12:32:30 2014

OUTPUT FILE NAME:   <PRU_edmaConfig.out>
ENTRY POINT SYMBOL: "_c_int00_noinit_noargs_noexit"  address: 00000000


MEMORY CONFIGURATION

         name            origin    length      used     unused   attr    fill
----------------------  --------  ---------  --------  --------  ----  --------
PAGE 0:
  PRUIMEM               00000000   00002000  0000020c  00001df4  RWIX

PAGE 1:
  PRUDMEM               00000000   00002000  0000010c  00001ef4  RWIX
  SHAREDMEM             00010000   00003000  00000000  00003000  RWIX
  INTC                  00020000   00001504  00000000  00001504  RWIX
  PRU0_CTRL             00022000   00000030  00000000  00000030  RWIX
  PRU1_CTRL             00024000   00000030  00000000  00000030  RWIX
  CFG                   00026000   00000100  00000044  000000bc  RWIX
  UART0                 00028000   00000100  00000000  00000100  RWIX
  IEP                   0002e000   0000031c  00000000  0000031c  RWIX
  ECAP                  00030000   00000100  00000000  00000100  RWIX
  MDIO                  00032400   00000100  00000000  00000100  RWIX
  L3OCMC                40000000   00010000  00000000  00010000  RWIX
  MCASP0_DMA            46000000   00000100  00000000  00000100  RWIX
  UART1                 48022000   00000100  00000000  00000100  RWIX
  UART2                 48024000   00000100  00000000  00000100  RWIX
  I2C1                  4802a000   00000100  00000000  00000100  RWIX
  MCSPI0                48030000   00000100  00000000  00000100  RWIX
  DMTIMER2              48040000   00000100  00000000  00000100  RWIX
  MMCHS0                48060000   00000100  00000000  00000100  RWIX
  MBX0                  480c8000   00000100  00000000  00000100  RWIX
  SPINLOCK              480ca000   00000100  00000000  00000100  RWIX
  I2C2                  4819c000   00000100  00000000  00000100  RWIX
  MCSPI1                481a0000   00000100  00000000  00000100  RWIX
  DCAN0                 481cc000   00000100  00000000  00000100  RWIX
  DCAN1                 481d0000   00000100  00000000  00000100  RWIX
  EHRPWM1               48300000   00000100  00000000  00000100  RWIX
  EHRPWM2               48302000   00000100  00000000  00000100  RWIX
  EHRPWM3               48304000   00000100  00000000  00000100  RWIX
  RSVD13                48310000   00000100  00000000  00000100  RWIX
  RSVD10                48318000   00000100  00000000  00000100  RWIX
  TPCC                  49000000   000010a0  00000000  000010a0  RWIX
  GEMAC                 4a100000   00000100  00000000  00000100  RWIX
  DDR                   80000000   00000100  00000000  00000100  RWIX


SECTION ALLOCATION MAP

 output                                  attributes/
section   page    origin      length       input sections
--------  ----  ----------  ----------   ----------------
.text:_c_int00* 
*          0    00000000    00000014     
                  00000000    00000014     rtspruv3_le.lib : boot_special.obj (.text:_c_int00_noinit_noargs_noexit)

.text      0    00000014    000001f8     
                  00000014    000001e8     PRU_edmaConfig.obj (.text:main)
                  000001fc    00000008     rtspruv3_le.lib : exit.obj (.text:abort)
                  00000204    00000008                     : exit.obj (.text:loader_exit)

.stack     1    0000000c    00000100     UNINITIALIZED
                  0000000c    00000004     rtspruv3_le.lib : boot.obj (.stack)
                  00000010    000000fc     --HOLE--

.cinit     1    00000000    00000000     UNINITIALIZED

.creg.CFG.noload.near 
*          1    00026000    00000044     NOLOAD SECTION
                  00026000    00000044     PRU_edmaConfig.obj (.creg.CFG.noload.near)

.creg.CFG.near 
*          1    00026044    00000000     UNINITIALIZED

.creg.CFG.noload.far 
*          1    00026044    00000000     NOLOAD SECTION

.creg.CFG.far 
*          1    00026044    00000000     UNINITIALIZED

.TI.bound:buf 
*          1    00000000    0000000c     UNINITIALIZED
                  00000000    0000000c     PRU_edmaConfig.obj (.TI.bound:buf)


SEGMENT ATTRIBUTES

    id tag       seg value
    -- ---       --- -----
     0 PHA_BOUND 1        
     1 PHA_PAGE  1   1    
     2 PHA_PAGE  2   1    


GLOBAL SYMBOLS: SORTED ALPHABETICALLY BY Name 

address    name
--------   ----
00000204   C$$EXIT
00026000   CT_CFG
00026000   __PRU_CREG_BASE_CFG
481cc000   __PRU_CREG_BASE_DCAN0
481d0000   __PRU_CREG_BASE_DCAN1
80000000   __PRU_CREG_BASE_DDR
48040000   __PRU_CREG_BASE_DMTIMER2
00030000   __PRU_CREG_BASE_ECAP
48300000   __PRU_CREG_BASE_EHRPWM1
48302000   __PRU_CREG_BASE_EHRPWM2
48304000   __PRU_CREG_BASE_EHRPWM3
4a100000   __PRU_CREG_BASE_GEMAC
4802a000   __PRU_CREG_BASE_I2C1
4819c000   __PRU_CREG_BASE_I2C2
0002e000   __PRU_CREG_BASE_IEP
00020000   __PRU_CREG_BASE_INTC
40000000   __PRU_CREG_BASE_L3OCMC
480c8000   __PRU_CREG_BASE_MBX0
46000000   __PRU_CREG_BASE_MCASP0_DMA
48030000   __PRU_CREG_BASE_MCSPI0
481a0000   __PRU_CREG_BASE_MCSPI1
00032400   __PRU_CREG_BASE_MDIO
48060000   __PRU_CREG_BASE_MMCHS0
48318000   __PRU_CREG_BASE_RSVD10
48310000   __PRU_CREG_BASE_RSVD13
480ca000   __PRU_CREG_BASE_SPINLOCK
49000000   __PRU_CREG_BASE_TPCC
00028000   __PRU_CREG_BASE_UART0
48022000   __PRU_CREG_BASE_UART1
48024000   __PRU_CREG_BASE_UART2
00000004   __PRU_CREG_CFG
0000000e   __PRU_CREG_DCAN0
0000000f   __PRU_CREG_DCAN1
0000001f   __PRU_CREG_DDR
00000001   __PRU_CREG_DMTIMER2
00000003   __PRU_CREG_ECAP
00000012   __PRU_CREG_EHRPWM1
00000013   __PRU_CREG_EHRPWM2
00000014   __PRU_CREG_EHRPWM3
00000009   __PRU_CREG_GEMAC
00000002   __PRU_CREG_I2C1
00000011   __PRU_CREG_I2C2
0000001a   __PRU_CREG_IEP
00000000   __PRU_CREG_INTC
0000001e   __PRU_CREG_L3OCMC
00000016   __PRU_CREG_MBX0
00000008   __PRU_CREG_MCASP0_DMA
00000006   __PRU_CREG_MCSPI0
00000010   __PRU_CREG_MCSPI1
00000015   __PRU_CREG_MDIO
00000005   __PRU_CREG_MMCHS0
0000000a   __PRU_CREG_RSVD10
0000000d   __PRU_CREG_RSVD13
00000017   __PRU_CREG_SPINLOCK
0000001d   __PRU_CREG_TPCC
00000007   __PRU_CREG_UART0
0000000b   __PRU_CREG_UART1
0000000c   __PRU_CREG_UART2
0000010c   __TI_STACK_END
00000100   __TI_STACK_SIZE
00000001   __TI_args_main
00000001   __TI_auto_init
00000001   __TI_c_int00
00000001   __TI_exit
ffffffff   __binit__
ffffffff   __c_args__
00000000   _c_int00_noinit_noargs_noexit
0000000c   _stack
000001fc   abort
ffffffff   binit
00000000   buf
00000014   main


GLOBAL SYMBOLS: SORTED BY Symbol Address 

address    name
--------   ----
00000000   __PRU_CREG_INTC
00000000   _c_int00_noinit_noargs_noexit
00000000   buf
00000001   __PRU_CREG_DMTIMER2
00000001   __TI_args_main
00000001   __TI_auto_init
00000001   __TI_c_int00
00000001   __TI_exit
00000002   __PRU_CREG_I2C1
00000003   __PRU_CREG_ECAP
00000004   __PRU_CREG_CFG
00000005   __PRU_CREG_MMCHS0
00000006   __PRU_CREG_MCSPI0
00000007   __PRU_CREG_UART0
00000008   __PRU_CREG_MCASP0_DMA
00000009   __PRU_CREG_GEMAC
0000000a   __PRU_CREG_RSVD10
0000000b   __PRU_CREG_UART1
0000000c   __PRU_CREG_UART2
0000000c   _stack
0000000d   __PRU_CREG_RSVD13
0000000e   __PRU_CREG_DCAN0
0000000f   __PRU_CREG_DCAN1
00000010   __PRU_CREG_MCSPI1
00000011   __PRU_CREG_I2C2
00000012   __PRU_CREG_EHRPWM1
00000013   __PRU_CREG_EHRPWM2
00000014   __PRU_CREG_EHRPWM3
00000014   main
00000015   __PRU_CREG_MDIO
00000016   __PRU_CREG_MBX0
00000017   __PRU_CREG_SPINLOCK
0000001a   __PRU_CREG_IEP
0000001d   __PRU_CREG_TPCC
0000001e   __PRU_CREG_L3OCMC
0000001f   __PRU_CREG_DDR
00000100   __TI_STACK_SIZE
0000010c   __TI_STACK_END
000001fc   abort
00000204   C$$EXIT
00020000   __PRU_CREG_BASE_INTC
00026000   CT_CFG
00026000   __PRU_CREG_BASE_CFG
00028000   __PRU_CREG_BASE_UART0
0002e000   __PRU_CREG_BASE_IEP
00030000   __PRU_CREG_BASE_ECAP
00032400   __PRU_CREG_BASE_MDIO
40000000   __PRU_CREG_BASE_L3OCMC
46000000   __PRU_CREG_BASE_MCASP0_DMA
48022000   __PRU_CREG_BASE_UART1
48024000   __PRU_CREG_BASE_UART2
4802a000   __PRU_CREG_BASE_I2C1
48030000   __PRU_CREG_BASE_MCSPI0
48040000   __PRU_CREG_BASE_DMTIMER2
48060000   __PRU_CREG_BASE_MMCHS0
480c8000   __PRU_CREG_BASE_MBX0
480ca000   __PRU_CREG_BASE_SPINLOCK
4819c000   __PRU_CREG_BASE_I2C2
481a0000   __PRU_CREG_BASE_MCSPI1
481cc000   __PRU_CREG_BASE_DCAN0
481d0000   __PRU_CREG_BASE_DCAN1
48300000   __PRU_CREG_BASE_EHRPWM1
48302000   __PRU_CREG_BASE_EHRPWM2
48304000   __PRU_CREG_BASE_EHRPWM3
48310000   __PRU_CREG_BASE_RSVD13
48318000   __PRU_CREG_BASE_RSVD10
49000000   __PRU_CREG_BASE_TPCC
4a100000   __PRU_CREG_BASE_GEMAC
80000000   __PRU_CREG_BASE_DDR
ffffffff   __binit__
ffffffff   __c_args__
ffffffff   binit

[72 symbols]
