******************************************************************************
                     PRU Linker PC v2.1.0                      
******************************************************************************
>> Linked Tue Nov 11 13:50:00 2014

OUTPUT FILE NAME:   <PRU_HDQ_TempSensor1.out>
ENTRY POINT SYMBOL: "_c_int00_noinit_noargs_noexit"  address: 00000000


MEMORY CONFIGURATION

         name            origin    length      used     unused   attr    fill
----------------------  --------  ---------  --------  --------  ----  --------
PAGE 0:
  PRUIMEM               00000000   00002000  00000204  00001dfc  RWIX

PAGE 1:
  PRUDMEM               00000000   00002000  00000100  00001f00  RWIX
  SHAREDMEM             00010000   00002ff4  00000000  00002ff4  RWIX
  GLB_BUF               00012ff4   0000000c  00000009  00000003  RWIX
  PRU_INTC              00020000   00001504  00001504  00000000  RWIX
  PRU0_CTRL             00022000   00000030  00000000  00000030  RWIX
  PRU1_CTRL             00024000   00000030  00000000  00000030  RWIX
  PRU_CFG               00026000   00000100  00000000  00000100  RWIX
  PRU_UART0             00028000   00000100  00000000  00000100  RWIX
  PRU_IEP               0002e000   0000031c  00000000  0000031c  RWIX
  PRU_ECAP              00030000   00000100  00000060  000000a0  RWIX
  MDIO                  00032400   00000100  00000000  00000100  RWIX
  L3OCMC                40000000   00010000  00000000  00010000  RWIX
  MCASP0_DMA            46000000   00000100  00000000  00000100  RWIX
  UART1                 48022000   00000100  00000000  00000100  RWIX
  UART2                 48024000   00000100  00000000  00000100  RWIX
  I2C1                  4802a000   00000100  00000000  00000100  RWIX
  MCSPI0                48030000   00000100  00000000  00000100  RWIX
  DMTIMER2              48040000   00000100  00000000  00000100  RWIX
  MMCHS0                48060000   00000100  00000000  00000100  RWIX
  MBX0                  480c8000   00000100  00000000  00000100  RWIX
  SPINLOCK              480ca000   00000100  00000000  00000100  RWIX
  I2C2                  4819c000   00000100  00000000  00000100  RWIX
  MCSPI1                481a0000   00000100  00000000  00000100  RWIX
  DCAN0                 481cc000   00000100  00000000  00000100  RWIX
  DCAN1                 481d0000   00000100  00000000  00000100  RWIX
  EHRPWM1               48300000   00000100  00000000  00000100  RWIX
  EHRPWM2               48302000   00000100  00000000  00000100  RWIX
  EHRPWM3               48304000   00000100  00000000  00000100  RWIX
  RSVD13                48310000   00000100  00000000  00000100  RWIX
  RSVD10                48318000   00000100  00000000  00000100  RWIX
  TPCC                  49000000   000010a0  00000000  000010a0  RWIX
  GEMAC                 4a100000   00000100  00000000  00000100  RWIX
  DDR                   80000000   00000100  00000000  00000100  RWIX


SECTION ALLOCATION MAP

 output                                  attributes/
section   page    origin      length       input sections
--------  ----  ----------  ----------   ----------------
.text:_c_int00* 
*          0    00000000    00000014     
                  00000000    00000014     rtspruv3_le.lib : boot_special.obj (.text:_c_int00_noinit_noargs_noexit)

.text      0    00000014    000001f0     
                  00000014    000001e0     temp_monitor_master_1.obj (.text:main)
                  000001f4    00000008     rtspruv3_le.lib : exit.obj (.text:abort)
                  000001fc    00000008                     : exit.obj (.text:loader_exit)

.stack     1    00000000    00000100     UNINITIALIZED
                  00000000    00000004     rtspruv3_le.lib : boot.obj (.stack)
                  00000004    000000fc     --HOLE--

.cinit     1    00000000    00000000     UNINITIALIZED

.TEMP_SENSOR_BUF 
*          1    00012ff4    00000009     UNINITIALIZED
                  00012ff4    00000009     temp_monitor_master_1.obj (.TEMP_SENSOR_BUF)

.creg.PRU_INTC.noload.near 
*          1    00020000    00000000     NOLOAD SECTION

.creg.PRU_INTC.near 
*          1    00020000    00000000     UNINITIALIZED

.creg.PRU_INTC.noload.far 
*          1    00020000    00001504     NOLOAD SECTION
                  00020000    00001504     temp_monitor_master_1.obj (.creg.PRU_INTC.noload.far)

.creg.PRU_INTC.far 
*          1    00021504    00000000     UNINITIALIZED

.creg.PRU_ECAP.noload.near 
*          1    00030000    00000060     NOLOAD SECTION
                  00030000    00000060     temp_monitor_master_1.obj (.creg.PRU_ECAP.noload.near)

.creg.PRU_ECAP.near 
*          1    00030060    00000000     UNINITIALIZED

.creg.PRU_ECAP.noload.far 
*          1    00030060    00000000     NOLOAD SECTION

.creg.PRU_ECAP.far 
*          1    00030060    00000000     UNINITIALIZED


SEGMENT ATTRIBUTES

    id tag      seg value
    -- ---      --- -----
     0 PHA_PAGE 1   1    
     1 PHA_PAGE 2   1    


GLOBAL SYMBOLS: SORTED ALPHABETICALLY BY Name 

page  address   name                         
----  -------   ----                         
0     000001fc  C$$EXIT                      
1     00030000  CT_ECAP                      
1     00020000  CT_INTC                      
1     00012ff4  TEMP_SENSOR_BUF              
abs   481cc000  __PRU_CREG_BASE_DCAN0        
abs   481d0000  __PRU_CREG_BASE_DCAN1        
abs   80000000  __PRU_CREG_BASE_DDR          
abs   48040000  __PRU_CREG_BASE_DMTIMER2     
abs   48300000  __PRU_CREG_BASE_EHRPWM1      
abs   48302000  __PRU_CREG_BASE_EHRPWM2      
abs   48304000  __PRU_CREG_BASE_EHRPWM3      
abs   4a100000  __PRU_CREG_BASE_GEMAC        
abs   4802a000  __PRU_CREG_BASE_I2C1         
abs   4819c000  __PRU_CREG_BASE_I2C2         
abs   40000000  __PRU_CREG_BASE_L3OCMC       
abs   480c8000  __PRU_CREG_BASE_MBX0         
abs   46000000  __PRU_CREG_BASE_MCASP0_DMA   
abs   48030000  __PRU_CREG_BASE_MCSPI0       
abs   481a0000  __PRU_CREG_BASE_MCSPI1       
abs   00032400  __PRU_CREG_BASE_MDIO         
abs   48060000  __PRU_CREG_BASE_MMCHS0       
abs   00026000  __PRU_CREG_BASE_PRU_CFG      
abs   00030000  __PRU_CREG_BASE_PRU_ECAP     
abs   0002e000  __PRU_CREG_BASE_PRU_IEP      
abs   00020000  __PRU_CREG_BASE_PRU_INTC     
abs   00028000  __PRU_CREG_BASE_PRU_UART0    
abs   48318000  __PRU_CREG_BASE_RSVD10       
abs   48310000  __PRU_CREG_BASE_RSVD13       
abs   480ca000  __PRU_CREG_BASE_SPINLOCK     
abs   49000000  __PRU_CREG_BASE_TPCC         
abs   48022000  __PRU_CREG_BASE_UART1        
abs   48024000  __PRU_CREG_BASE_UART2        
abs   0000000e  __PRU_CREG_DCAN0             
abs   0000000f  __PRU_CREG_DCAN1             
abs   0000001f  __PRU_CREG_DDR               
abs   00000001  __PRU_CREG_DMTIMER2          
abs   00000012  __PRU_CREG_EHRPWM1           
abs   00000013  __PRU_CREG_EHRPWM2           
abs   00000014  __PRU_CREG_EHRPWM3           
abs   00000009  __PRU_CREG_GEMAC             
abs   00000002  __PRU_CREG_I2C1              
abs   00000011  __PRU_CREG_I2C2              
abs   0000001e  __PRU_CREG_L3OCMC            
abs   00000016  __PRU_CREG_MBX0              
abs   00000008  __PRU_CREG_MCASP0_DMA        
abs   00000006  __PRU_CREG_MCSPI0            
abs   00000010  __PRU_CREG_MCSPI1            
abs   00000015  __PRU_CREG_MDIO              
abs   00000005  __PRU_CREG_MMCHS0            
abs   00000004  __PRU_CREG_PRU_CFG           
abs   00000003  __PRU_CREG_PRU_ECAP          
abs   0000001a  __PRU_CREG_PRU_IEP           
abs   00000000  __PRU_CREG_PRU_INTC          
abs   00000007  __PRU_CREG_PRU_UART0         
abs   0000000a  __PRU_CREG_RSVD10            
abs   0000000d  __PRU_CREG_RSVD13            
abs   00000017  __PRU_CREG_SPINLOCK          
abs   0000001d  __PRU_CREG_TPCC              
abs   0000000b  __PRU_CREG_UART1             
abs   0000000c  __PRU_CREG_UART2             
1     00000100  __TI_STACK_END               
abs   00000100  __TI_STACK_SIZE              
abs   ffffffff  __binit__                    
abs   ffffffff  __c_args__                   
0     00000000  _c_int00_noinit_noargs_noexit
1     00000000  _stack                       
0     000001f4  abort                        
abs   ffffffff  binit                        
0     00000014  main                         


GLOBAL SYMBOLS: SORTED BY Symbol Address 

page  address   name                         
----  -------   ----                         
0     00000000  _c_int00_noinit_noargs_noexit
0     00000014  main                         
0     000001f4  abort                        
0     000001fc  C$$EXIT                      
1     00000000  _stack                       
1     00000100  __TI_STACK_END               
1     00012ff4  TEMP_SENSOR_BUF              
1     00020000  CT_INTC                      
1     00030000  CT_ECAP                      
abs   00000000  __PRU_CREG_PRU_INTC          
abs   00000001  __PRU_CREG_DMTIMER2          
abs   00000002  __PRU_CREG_I2C1              
abs   00000003  __PRU_CREG_PRU_ECAP          
abs   00000004  __PRU_CREG_PRU_CFG           
abs   00000005  __PRU_CREG_MMCHS0            
abs   00000006  __PRU_CREG_MCSPI0            
abs   00000007  __PRU_CREG_PRU_UART0         
abs   00000008  __PRU_CREG_MCASP0_DMA        
abs   00000009  __PRU_CREG_GEMAC             
abs   0000000a  __PRU_CREG_RSVD10            
abs   0000000b  __PRU_CREG_UART1             
abs   0000000c  __PRU_CREG_UART2             
abs   0000000d  __PRU_CREG_RSVD13            
abs   0000000e  __PRU_CREG_DCAN0             
abs   0000000f  __PRU_CREG_DCAN1             
abs   00000010  __PRU_CREG_MCSPI1            
abs   00000011  __PRU_CREG_I2C2              
abs   00000012  __PRU_CREG_EHRPWM1           
abs   00000013  __PRU_CREG_EHRPWM2           
abs   00000014  __PRU_CREG_EHRPWM3           
abs   00000015  __PRU_CREG_MDIO              
abs   00000016  __PRU_CREG_MBX0              
abs   00000017  __PRU_CREG_SPINLOCK          
abs   0000001a  __PRU_CREG_PRU_IEP           
abs   0000001d  __PRU_CREG_TPCC              
abs   0000001e  __PRU_CREG_L3OCMC            
abs   0000001f  __PRU_CREG_DDR               
abs   00000100  __TI_STACK_SIZE              
abs   00020000  __PRU_CREG_BASE_PRU_INTC     
abs   00026000  __PRU_CREG_BASE_PRU_CFG      
abs   00028000  __PRU_CREG_BASE_PRU_UART0    
abs   0002e000  __PRU_CREG_BASE_PRU_IEP      
abs   00030000  __PRU_CREG_BASE_PRU_ECAP     
abs   00032400  __PRU_CREG_BASE_MDIO         
abs   40000000  __PRU_CREG_BASE_L3OCMC       
abs   46000000  __PRU_CREG_BASE_MCASP0_DMA   
abs   48022000  __PRU_CREG_BASE_UART1        
abs   48024000  __PRU_CREG_BASE_UART2        
abs   4802a000  __PRU_CREG_BASE_I2C1         
abs   48030000  __PRU_CREG_BASE_MCSPI0       
abs   48040000  __PRU_CREG_BASE_DMTIMER2     
abs   48060000  __PRU_CREG_BASE_MMCHS0       
abs   480c8000  __PRU_CREG_BASE_MBX0         
abs   480ca000  __PRU_CREG_BASE_SPINLOCK     
abs   4819c000  __PRU_CREG_BASE_I2C2         
abs   481a0000  __PRU_CREG_BASE_MCSPI1       
abs   481cc000  __PRU_CREG_BASE_DCAN0        
abs   481d0000  __PRU_CREG_BASE_DCAN1        
abs   48300000  __PRU_CREG_BASE_EHRPWM1      
abs   48302000  __PRU_CREG_BASE_EHRPWM2      
abs   48304000  __PRU_CREG_BASE_EHRPWM3      
abs   48310000  __PRU_CREG_BASE_RSVD13       
abs   48318000  __PRU_CREG_BASE_RSVD10       
abs   49000000  __PRU_CREG_BASE_TPCC         
abs   4a100000  __PRU_CREG_BASE_GEMAC        
abs   80000000  __PRU_CREG_BASE_DDR          
abs   ffffffff  __binit__                    
abs   ffffffff  __c_args__                   
abs   ffffffff  binit                        

[69 symbols]
