<?xml version="1.0"?>
<link_info>
   <banner>PRU Linker Unix v2.1.0</banner>
   <copyright>Copyright (c) 2012-2014 Texas Instruments Incorporated</copyright>
   <link_time>0x5458ab38</link_time>
   <link_errors>0x0</link_errors>
   <output_file>button_led_0.out</output_file>
   <entry_point>
      <name>_c_int00_noinit_noargs_noexit</name>
      <address>0xb4</address>
   </entry_point>
   <input_file_list>
      <input_file id="fl-2">
         <path>./</path>
         <kind>object</kind>
         <file>button_led_0.obj</file>
         <name>button_led_0.obj</name>
      </input_file>
      <input_file id="fl-14">
         <path>/home/sitara/ti-cgt-pru_2.1.0/lib/</path>
         <kind>archive</kind>
         <file>rtspruv3_le.lib</file>
         <name>boot.obj</name>
      </input_file>
      <input_file id="fl-15">
         <path>/home/sitara/ti-cgt-pru_2.1.0/lib/</path>
         <kind>archive</kind>
         <file>rtspruv3_le.lib</file>
         <name>boot_special.obj</name>
      </input_file>
      <input_file id="fl-16">
         <path>/home/sitara/ti-cgt-pru_2.1.0/lib/</path>
         <kind>archive</kind>
         <file>rtspruv3_le.lib</file>
         <name>exit.obj</name>
      </input_file>
      <input_file id="fl-17">
         <path>/home/sitara/ti-cgt-pru_2.1.0/lib/</path>
         <kind>archive</kind>
         <file>rtspruv3_le.lib</file>
         <name>_lock.obj</name>
      </input_file>
      <input_file id="fl-18">
         <path>/home/sitara/ti-cgt-pru_2.1.0/lib/</path>
         <kind>archive</kind>
         <file>rtspruv3_le.lib</file>
         <name>args_main.obj</name>
      </input_file>
      <input_file id="fl-19">
         <path>/home/sitara/ti-cgt-pru_2.1.0/lib/</path>
         <kind>archive</kind>
         <file>rtspruv3_le.lib</file>
         <name>autoinit.obj</name>
      </input_file>
   </input_file_list>
   <object_component_list>
      <object_component id="oc-7a">
         <name>.text:configIntc</name>
         <load_address>0x0</load_address>
         <run_address>0x0</run_address>
         <size>0x7c</size>
         <input_file_ref idref="fl-2"/>
      </object_component>
      <object_component id="oc-47">
         <name>.text:main</name>
         <load_address>0x7c</load_address>
         <run_address>0x7c</run_address>
         <size>0x38</size>
         <input_file_ref idref="fl-2"/>
      </object_component>
      <object_component id="oc-28">
         <name>.text:_c_int00_noinit_noargs_noexit</name>
         <load_address>0xb4</load_address>
         <run_address>0xb4</run_address>
         <size>0x14</size>
         <input_file_ref idref="fl-15"/>
      </object_component>
      <object_component id="oc-4e">
         <name>.text:abort</name>
         <load_address>0xc8</load_address>
         <run_address>0xc8</run_address>
         <size>0x8</size>
         <input_file_ref idref="fl-16"/>
      </object_component>
      <object_component id="oc-81">
         <name>.text:loader_exit</name>
         <load_address>0xd0</load_address>
         <run_address>0xd0</run_address>
         <size>0x8</size>
         <input_file_ref idref="fl-16"/>
      </object_component>
      <object_component id="oc-31">
         <name>.stack</name>
         <uninitialized>true</uninitialized>
         <run_address>0x0</run_address>
         <size>0x4</size>
         <input_file_ref idref="fl-14"/>
      </object_component>
      <object_component id="oc-1d7">
         <name>.stack</name>
         <uninitialized>true</uninitialized>
         <run_address>0x0</run_address>
         <size>0x0</size>
      </object_component>
      <object_component id="oc-57">
         <name>.data:pru_intc_map</name>
         <load_address>0x17c</load_address>
         <run_address>0x17c</run_address>
         <size>0x2</size>
         <input_file_ref idref="fl-2"/>
      </object_component>
      <object_component id="oc-2e">
         <name>.resource_table:retain</name>
         <load_address>0x100</load_address>
         <run_address>0x100</run_address>
         <size>0x7c</size>
         <input_file_ref idref="fl-2"/>
      </object_component>
      <object_component id="oc-af">
         <name>.creg.C0_INTC.noload.far</name>
         <uninitialized>true</uninitialized>
         <run_address>0x20000</run_address>
         <size>0x1504</size>
         <input_file_ref idref="fl-2"/>
      </object_component>
      <object_component id="oc-77">
         <name>.creg.C4_CFG.noload.near</name>
         <uninitialized>true</uninitialized>
         <run_address>0x26000</run_address>
         <size>0x44</size>
         <input_file_ref idref="fl-2"/>
      </object_component>
      <object_component id="oc-8a">
         <name>.debug_info</name>
         <load_address>0x0</load_address>
         <run_address>0x0</run_address>
         <size>0x869</size>
         <input_file_ref idref="fl-2"/>
      </object_component>
      <object_component id="oc-58">
         <name>.debug_info</name>
         <load_address>0x869</load_address>
         <run_address>0x869</run_address>
         <size>0xd5</size>
         <input_file_ref idref="fl-2"/>
      </object_component>
      <object_component id="oc-2f">
         <name>.debug_info</name>
         <load_address>0x93e</load_address>
         <run_address>0x93e</run_address>
         <size>0x103</size>
         <input_file_ref idref="fl-2"/>
      </object_component>
      <object_component id="oc-78">
         <name>.debug_info</name>
         <load_address>0xa41</load_address>
         <run_address>0xa41</run_address>
         <size>0xc9</size>
         <input_file_ref idref="fl-2"/>
      </object_component>
      <object_component id="oc-b0">
         <name>.debug_info</name>
         <load_address>0xb0a</load_address>
         <run_address>0xb0a</run_address>
         <size>0xcb</size>
         <input_file_ref idref="fl-2"/>
      </object_component>
      <object_component id="oc-7b">
         <name>.debug_info</name>
         <load_address>0xbd5</load_address>
         <run_address>0xbd5</run_address>
         <size>0x10b</size>
         <input_file_ref idref="fl-2"/>
      </object_component>
      <object_component id="oc-48">
         <name>.debug_info</name>
         <load_address>0xce0</load_address>
         <run_address>0xce0</run_address>
         <size>0x10a</size>
         <input_file_ref idref="fl-2"/>
      </object_component>
      <object_component id="oc-b6">
         <name>.debug_info</name>
         <load_address>0xdea</load_address>
         <run_address>0xdea</run_address>
         <size>0xb36</size>
         <input_file_ref idref="fl-2"/>
      </object_component>
      <object_component id="oc-bb">
         <name>.debug_info</name>
         <load_address>0x1920</load_address>
         <run_address>0x1920</run_address>
         <size>0x2ca7</size>
         <input_file_ref idref="fl-2"/>
      </object_component>
      <object_component id="oc-63">
         <name>.debug_info</name>
         <load_address>0x45c7</load_address>
         <run_address>0x45c7</run_address>
         <size>0x84</size>
         <input_file_ref idref="fl-2"/>
      </object_component>
      <object_component id="oc-c0">
         <name>.debug_info</name>
         <load_address>0x464b</load_address>
         <run_address>0x464b</run_address>
         <size>0x46</size>
         <input_file_ref idref="fl-2"/>
      </object_component>
      <object_component id="oc-c5">
         <name>.debug_info</name>
         <load_address>0x4691</load_address>
         <run_address>0x4691</run_address>
         <size>0xb3</size>
         <input_file_ref idref="fl-2"/>
      </object_component>
      <object_component id="oc-8b">
         <name>.debug_info</name>
         <load_address>0x4744</load_address>
         <run_address>0x4744</run_address>
         <size>0x255</size>
         <input_file_ref idref="fl-2"/>
      </object_component>
      <object_component id="oc-5c">
         <name>.debug_info</name>
         <load_address>0x4999</load_address>
         <run_address>0x4999</run_address>
         <size>0xa5</size>
         <input_file_ref idref="fl-2"/>
      </object_component>
      <object_component id="oc-32">
         <name>.debug_info</name>
         <load_address>0x4a3e</load_address>
         <run_address>0x4a3e</run_address>
         <size>0xd6</size>
         <input_file_ref idref="fl-14"/>
      </object_component>
      <object_component id="oc-29">
         <name>.debug_info</name>
         <load_address>0x4b14</load_address>
         <run_address>0x4b14</run_address>
         <size>0x15c</size>
         <input_file_ref idref="fl-15"/>
      </object_component>
      <object_component id="oc-82">
         <name>.debug_info</name>
         <load_address>0x4c70</load_address>
         <run_address>0x4c70</run_address>
         <size>0x10e</size>
         <input_file_ref idref="fl-16"/>
      </object_component>
      <object_component id="oc-4f">
         <name>.debug_info</name>
         <load_address>0x4d7e</load_address>
         <run_address>0x4d7e</run_address>
         <size>0x10f</size>
         <input_file_ref idref="fl-16"/>
      </object_component>
      <object_component id="oc-1d8">
         <name>.debug_info</name>
         <load_address>0x4e8d</load_address>
         <run_address>0x4e8d</run_address>
         <size>0x9b</size>
      </object_component>
      <object_component id="oc-b5">
         <name>.debug_line</name>
         <load_address>0x0</load_address>
         <run_address>0x0</run_address>
         <size>0x20</size>
         <input_file_ref idref="fl-2"/>
      </object_component>
      <object_component id="oc-89">
         <name>.debug_line</name>
         <load_address>0x20</load_address>
         <run_address>0x20</run_address>
         <size>0x39</size>
         <input_file_ref idref="fl-2"/>
      </object_component>
      <object_component id="oc-5b">
         <name>.debug_line</name>
         <load_address>0x59</load_address>
         <run_address>0x59</run_address>
         <size>0x39</size>
         <input_file_ref idref="fl-2"/>
      </object_component>
      <object_component id="oc-ae">
         <name>.debug_line</name>
         <load_address>0x92</load_address>
         <run_address>0x92</run_address>
         <size>0x35</size>
         <input_file_ref idref="fl-2"/>
      </object_component>
      <object_component id="oc-ce">
         <name>.debug_line</name>
         <load_address>0xc7</load_address>
         <run_address>0xc7</run_address>
         <size>0x35</size>
         <input_file_ref idref="fl-2"/>
      </object_component>
      <object_component id="oc-7e">
         <name>.debug_line</name>
         <load_address>0xfc</load_address>
         <run_address>0xfc</run_address>
         <size>0x50</size>
         <input_file_ref idref="fl-2"/>
      </object_component>
      <object_component id="oc-4b">
         <name>.debug_line</name>
         <load_address>0x14c</load_address>
         <run_address>0x14c</run_address>
         <size>0x57</size>
         <input_file_ref idref="fl-2"/>
      </object_component>
      <object_component id="oc-b9">
         <name>.debug_line</name>
         <load_address>0x1a3</load_address>
         <run_address>0x1a3</run_address>
         <size>0x79</size>
         <input_file_ref idref="fl-2"/>
      </object_component>
      <object_component id="oc-be">
         <name>.debug_line</name>
         <load_address>0x21c</load_address>
         <run_address>0x21c</run_address>
         <size>0x7a</size>
         <input_file_ref idref="fl-2"/>
      </object_component>
      <object_component id="oc-66">
         <name>.debug_line</name>
         <load_address>0x296</load_address>
         <run_address>0x296</run_address>
         <size>0x20</size>
         <input_file_ref idref="fl-2"/>
      </object_component>
      <object_component id="oc-c3">
         <name>.debug_line</name>
         <load_address>0x2b6</load_address>
         <run_address>0x2b6</run_address>
         <size>0x52</size>
         <input_file_ref idref="fl-2"/>
      </object_component>
      <object_component id="oc-c8">
         <name>.debug_line</name>
         <load_address>0x308</load_address>
         <run_address>0x308</run_address>
         <size>0x7b</size>
         <input_file_ref idref="fl-2"/>
      </object_component>
      <object_component id="oc-8e">
         <name>.debug_line</name>
         <load_address>0x383</load_address>
         <run_address>0x383</run_address>
         <size>0x7b</size>
         <input_file_ref idref="fl-2"/>
      </object_component>
      <object_component id="oc-5f">
         <name>.debug_line</name>
         <load_address>0x3fe</load_address>
         <run_address>0x3fe</run_address>
         <size>0x39</size>
         <input_file_ref idref="fl-2"/>
      </object_component>
      <object_component id="oc-62">
         <name>.debug_line</name>
         <load_address>0x437</load_address>
         <run_address>0x437</run_address>
         <size>0x2a</size>
         <input_file_ref idref="fl-14"/>
      </object_component>
      <object_component id="oc-2c">
         <name>.debug_line</name>
         <load_address>0x461</load_address>
         <run_address>0x461</run_address>
         <size>0x47</size>
         <input_file_ref idref="fl-15"/>
      </object_component>
      <object_component id="oc-85">
         <name>.debug_line</name>
         <load_address>0x4a8</load_address>
         <run_address>0x4a8</run_address>
         <size>0x37</size>
         <input_file_ref idref="fl-16"/>
      </object_component>
      <object_component id="oc-52">
         <name>.debug_line</name>
         <load_address>0x4df</load_address>
         <run_address>0x4df</run_address>
         <size>0x3b</size>
         <input_file_ref idref="fl-16"/>
      </object_component>
      <object_component id="oc-7f">
         <name>.debug_frame</name>
         <load_address>0x0</load_address>
         <run_address>0x0</run_address>
         <size>0x133</size>
         <input_file_ref idref="fl-2"/>
      </object_component>
      <object_component id="oc-4c">
         <name>.debug_frame</name>
         <load_address>0x133</load_address>
         <run_address>0x133</run_address>
         <size>0x133</size>
         <input_file_ref idref="fl-2"/>
      </object_component>
      <object_component id="oc-2d">
         <name>.debug_frame</name>
         <load_address>0x266</load_address>
         <run_address>0x266</run_address>
         <size>0x132</size>
         <input_file_ref idref="fl-15"/>
      </object_component>
      <object_component id="oc-86">
         <name>.debug_frame</name>
         <load_address>0x398</load_address>
         <run_address>0x398</run_address>
         <size>0x133</size>
         <input_file_ref idref="fl-16"/>
      </object_component>
      <object_component id="oc-53">
         <name>.debug_frame</name>
         <load_address>0x4cb</load_address>
         <run_address>0x4cb</run_address>
         <size>0x133</size>
         <input_file_ref idref="fl-16"/>
      </object_component>
      <object_component id="oc-b4">
         <name>.debug_abbrev</name>
         <load_address>0x0</load_address>
         <run_address>0x0</run_address>
         <size>0x84</size>
         <input_file_ref idref="fl-2"/>
      </object_component>
      <object_component id="oc-88">
         <name>.debug_abbrev</name>
         <load_address>0x84</load_address>
         <run_address>0x84</run_address>
         <size>0x29</size>
         <input_file_ref idref="fl-2"/>
      </object_component>
      <object_component id="oc-5a">
         <name>.debug_abbrev</name>
         <load_address>0xad</load_address>
         <run_address>0xad</run_address>
         <size>0x29</size>
         <input_file_ref idref="fl-2"/>
      </object_component>
      <object_component id="oc-ad">
         <name>.debug_abbrev</name>
         <load_address>0xd6</load_address>
         <run_address>0xd6</run_address>
         <size>0x29</size>
         <input_file_ref idref="fl-2"/>
      </object_component>
      <object_component id="oc-cd">
         <name>.debug_abbrev</name>
         <load_address>0xff</load_address>
         <run_address>0xff</run_address>
         <size>0x29</size>
         <input_file_ref idref="fl-2"/>
      </object_component>
      <object_component id="oc-b2">
         <name>.debug_abbrev</name>
         <load_address>0x128</load_address>
         <run_address>0x128</run_address>
         <size>0x50</size>
         <input_file_ref idref="fl-2"/>
      </object_component>
      <object_component id="oc-80">
         <name>.debug_abbrev</name>
         <load_address>0x178</load_address>
         <run_address>0x178</run_address>
         <size>0x52</size>
         <input_file_ref idref="fl-2"/>
      </object_component>
      <object_component id="oc-b8">
         <name>.debug_abbrev</name>
         <load_address>0x1ca</load_address>
         <run_address>0x1ca</run_address>
         <size>0x88</size>
         <input_file_ref idref="fl-2"/>
      </object_component>
      <object_component id="oc-bd">
         <name>.debug_abbrev</name>
         <load_address>0x252</load_address>
         <run_address>0x252</run_address>
         <size>0xfb</size>
         <input_file_ref idref="fl-2"/>
      </object_component>
      <object_component id="oc-65">
         <name>.debug_abbrev</name>
         <load_address>0x34d</load_address>
         <run_address>0x34d</run_address>
         <size>0x1f</size>
         <input_file_ref idref="fl-2"/>
      </object_component>
      <object_component id="oc-c2">
         <name>.debug_abbrev</name>
         <load_address>0x36c</load_address>
         <run_address>0x36c</run_address>
         <size>0x24</size>
         <input_file_ref idref="fl-2"/>
      </object_component>
      <object_component id="oc-c7">
         <name>.debug_abbrev</name>
         <load_address>0x390</load_address>
         <run_address>0x390</run_address>
         <size>0x3a</size>
         <input_file_ref idref="fl-2"/>
      </object_component>
      <object_component id="oc-8d">
         <name>.debug_abbrev</name>
         <load_address>0x3ca</load_address>
         <run_address>0x3ca</run_address>
         <size>0x88</size>
         <input_file_ref idref="fl-2"/>
      </object_component>
      <object_component id="oc-5e">
         <name>.debug_abbrev</name>
         <load_address>0x452</load_address>
         <run_address>0x452</run_address>
         <size>0x3a</size>
         <input_file_ref idref="fl-2"/>
      </object_component>
      <object_component id="oc-61">
         <name>.debug_abbrev</name>
         <load_address>0x48c</load_address>
         <run_address>0x48c</run_address>
         <size>0x29</size>
         <input_file_ref idref="fl-14"/>
      </object_component>
      <object_component id="oc-56">
         <name>.debug_abbrev</name>
         <load_address>0x4b5</load_address>
         <run_address>0x4b5</run_address>
         <size>0x55</size>
         <input_file_ref idref="fl-15"/>
      </object_component>
      <object_component id="oc-b3">
         <name>.debug_abbrev</name>
         <load_address>0x50a</load_address>
         <run_address>0x50a</run_address>
         <size>0x51</size>
         <input_file_ref idref="fl-16"/>
      </object_component>
      <object_component id="oc-87">
         <name>.debug_abbrev</name>
         <load_address>0x55b</load_address>
         <run_address>0x55b</run_address>
         <size>0x55</size>
         <input_file_ref idref="fl-16"/>
      </object_component>
      <object_component id="oc-1d9">
         <name>.debug_abbrev</name>
         <load_address>0x5b0</load_address>
         <run_address>0x5b0</run_address>
         <size>0xf</size>
      </object_component>
      <object_component id="oc-ba">
         <name>.debug_str</name>
         <load_address>0x0</load_address>
         <run_address>0x0</run_address>
         <size>0x5ee</size>
         <input_file_ref idref="fl-2"/>
      </object_component>
      <object_component id="oc-bf">
         <name>.debug_str</name>
         <load_address>0x5ee</load_address>
         <run_address>0x5ee</run_address>
         <size>0xce1</size>
         <input_file_ref idref="fl-2"/>
      </object_component>
      <object_component id="oc-67">
         <name>.debug_str</name>
         <load_address>0x12cf</load_address>
         <run_address>0x12cf</run_address>
         <size>0xf4</size>
         <input_file_ref idref="fl-2"/>
      </object_component>
      <object_component id="oc-c4">
         <name>.debug_str</name>
         <load_address>0x13c3</load_address>
         <run_address>0x13c3</run_address>
         <size>0xd1</size>
         <input_file_ref idref="fl-2"/>
      </object_component>
      <object_component id="oc-c9">
         <name>.debug_str</name>
         <load_address>0x1494</load_address>
         <run_address>0x1494</run_address>
         <size>0x12d</size>
         <input_file_ref idref="fl-2"/>
      </object_component>
      <object_component id="oc-8f">
         <name>.debug_str</name>
         <load_address>0x15c1</load_address>
         <run_address>0x15c1</run_address>
         <size>0x1a9</size>
         <input_file_ref idref="fl-2"/>
      </object_component>
      <object_component id="oc-60">
         <name>.debug_str</name>
         <load_address>0x176a</load_address>
         <run_address>0x176a</run_address>
         <size>0xea</size>
         <input_file_ref idref="fl-2"/>
      </object_component>
      <object_component id="oc-7c">
         <name>.debug_aranges</name>
         <load_address>0x0</load_address>
         <run_address>0x0</run_address>
         <size>0x20</size>
         <input_file_ref idref="fl-2"/>
      </object_component>
      <object_component id="oc-49">
         <name>.debug_aranges</name>
         <load_address>0x20</load_address>
         <run_address>0x20</run_address>
         <size>0x20</size>
         <input_file_ref idref="fl-2"/>
      </object_component>
      <object_component id="oc-2a">
         <name>.debug_aranges</name>
         <load_address>0x40</load_address>
         <run_address>0x40</run_address>
         <size>0x20</size>
         <input_file_ref idref="fl-15"/>
      </object_component>
      <object_component id="oc-83">
         <name>.debug_aranges</name>
         <load_address>0x60</load_address>
         <run_address>0x60</run_address>
         <size>0x20</size>
         <input_file_ref idref="fl-16"/>
      </object_component>
      <object_component id="oc-50">
         <name>.debug_aranges</name>
         <load_address>0x80</load_address>
         <run_address>0x80</run_address>
         <size>0x20</size>
         <input_file_ref idref="fl-16"/>
      </object_component>
      <object_component id="oc-59">
         <name>.debug_pubnames</name>
         <load_address>0x0</load_address>
         <run_address>0x0</run_address>
         <size>0x23</size>
         <input_file_ref idref="fl-2"/>
      </object_component>
      <object_component id="oc-30">
         <name>.debug_pubnames</name>
         <load_address>0x23</load_address>
         <run_address>0x23</run_address>
         <size>0x3a</size>
         <input_file_ref idref="fl-2"/>
      </object_component>
      <object_component id="oc-79">
         <name>.debug_pubnames</name>
         <load_address>0x5d</load_address>
         <run_address>0x5d</run_address>
         <size>0x1d</size>
         <input_file_ref idref="fl-2"/>
      </object_component>
      <object_component id="oc-b1">
         <name>.debug_pubnames</name>
         <load_address>0x7a</load_address>
         <run_address>0x7a</run_address>
         <size>0x1e</size>
         <input_file_ref idref="fl-2"/>
      </object_component>
      <object_component id="oc-7d">
         <name>.debug_pubnames</name>
         <load_address>0x98</load_address>
         <run_address>0x98</run_address>
         <size>0x21</size>
         <input_file_ref idref="fl-2"/>
      </object_component>
      <object_component id="oc-4a">
         <name>.debug_pubnames</name>
         <load_address>0xb9</load_address>
         <run_address>0xb9</run_address>
         <size>0x1b</size>
         <input_file_ref idref="fl-2"/>
      </object_component>
      <object_component id="oc-33">
         <name>.debug_pubnames</name>
         <load_address>0xd4</load_address>
         <run_address>0xd4</run_address>
         <size>0x1d</size>
         <input_file_ref idref="fl-14"/>
      </object_component>
      <object_component id="oc-2b">
         <name>.debug_pubnames</name>
         <load_address>0xf1</load_address>
         <run_address>0xf1</run_address>
         <size>0x34</size>
         <input_file_ref idref="fl-15"/>
      </object_component>
      <object_component id="oc-84">
         <name>.debug_pubnames</name>
         <load_address>0x125</load_address>
         <run_address>0x125</run_address>
         <size>0x22</size>
         <input_file_ref idref="fl-16"/>
      </object_component>
      <object_component id="oc-51">
         <name>.debug_pubnames</name>
         <load_address>0x147</load_address>
         <run_address>0x147</run_address>
         <size>0x1c</size>
         <input_file_ref idref="fl-16"/>
      </object_component>
      <object_component id="oc-b7">
         <name>.debug_pubtypes</name>
         <load_address>0x0</load_address>
         <run_address>0x0</run_address>
         <size>0x1d</size>
         <input_file_ref idref="fl-2"/>
      </object_component>
      <object_component id="oc-bc">
         <name>.debug_pubtypes</name>
         <load_address>0x1d</load_address>
         <run_address>0x1d</run_address>
         <size>0x1e</size>
         <input_file_ref idref="fl-2"/>
      </object_component>
      <object_component id="oc-64">
         <name>.debug_pubtypes</name>
         <load_address>0x3b</load_address>
         <run_address>0x3b</run_address>
         <size>0xed</size>
         <input_file_ref idref="fl-2"/>
      </object_component>
      <object_component id="oc-c1">
         <name>.debug_pubtypes</name>
         <load_address>0x128</load_address>
         <run_address>0x128</run_address>
         <size>0x38</size>
         <input_file_ref idref="fl-2"/>
      </object_component>
      <object_component id="oc-c6">
         <name>.debug_pubtypes</name>
         <load_address>0x160</load_address>
         <run_address>0x160</run_address>
         <size>0x34</size>
         <input_file_ref idref="fl-2"/>
      </object_component>
      <object_component id="oc-8c">
         <name>.debug_pubtypes</name>
         <load_address>0x194</load_address>
         <run_address>0x194</run_address>
         <size>0x6b</size>
         <input_file_ref idref="fl-2"/>
      </object_component>
      <object_component id="oc-5d">
         <name>.debug_pubtypes</name>
         <load_address>0x1ff</load_address>
         <run_address>0x1ff</run_address>
         <size>0x28</size>
         <input_file_ref idref="fl-2"/>
      </object_component>
   </object_component_list>
   <logical_group_list>
      <logical_group id="lg-2" display="no" color="cyan">
         <name>.text</name>
         <load_address>0x0</load_address>
         <run_address>0x0</run_address>
         <size>0xd8</size>
         <contents>
            <object_component_ref idref="oc-7a"/>
            <object_component_ref idref="oc-47"/>
            <object_component_ref idref="oc-28"/>
            <object_component_ref idref="oc-4e"/>
            <object_component_ref idref="oc-81"/>
         </contents>
      </logical_group>
      <logical_group id="lg-3" display="no" color="cyan">
         <name>.stack</name>
         <run_address>0x0</run_address>
         <size>0x100</size>
         <contents>
            <object_component_ref idref="oc-31"/>
            <object_component_ref idref="oc-1d7"/>
         </contents>
      </logical_group>
      <logical_group id="lg-4" display="no" color="cyan">
         <name>.bss</name>
         <run_address>0x0</run_address>
         <size>0x0</size>
         <contents>
         </contents>
      </logical_group>
      <logical_group id="lg-5" display="no" color="cyan">
         <name>.cio</name>
         <run_address>0x0</run_address>
         <size>0x0</size>
         <contents>
         </contents>
      </logical_group>
      <logical_group id="lg-6" display="no" color="cyan">
         <name>.data</name>
         <load_address>0x17c</load_address>
         <run_address>0x17c</run_address>
         <size>0x2</size>
         <contents>
            <object_component_ref idref="oc-57"/>
         </contents>
      </logical_group>
      <logical_group id="lg-7" display="no" color="cyan">
         <name>.switch</name>
         <run_address>0x0</run_address>
         <size>0x0</size>
         <contents>
         </contents>
      </logical_group>
      <logical_group id="lg-8" display="no" color="cyan">
         <name>.sysmem</name>
         <run_address>0x0</run_address>
         <size>0x0</size>
         <contents>
         </contents>
      </logical_group>
      <logical_group id="lg-9" display="no" color="cyan">
         <name>.cinit</name>
         <run_address>0x0</run_address>
         <size>0x0</size>
         <contents>
         </contents>
      </logical_group>
      <logical_group id="lg-a" display="no" color="cyan">
         <name>.rodata</name>
         <run_address>0x0</run_address>
         <size>0x0</size>
         <contents>
         </contents>
      </logical_group>
      <logical_group id="lg-b" display="no" color="cyan">
         <name>.rofardata</name>
         <run_address>0x0</run_address>
         <size>0x0</size>
         <contents>
         </contents>
      </logical_group>
      <logical_group id="lg-c" display="no" color="cyan">
         <name>.farbss</name>
         <run_address>0x0</run_address>
         <size>0x0</size>
         <contents>
         </contents>
      </logical_group>
      <logical_group id="lg-d" display="no" color="cyan">
         <name>.fardata</name>
         <run_address>0x0</run_address>
         <size>0x0</size>
         <contents>
         </contents>
      </logical_group>
      <logical_group id="lg-e" display="no" color="cyan">
         <name>.resource_table</name>
         <load_address>0x100</load_address>
         <run_address>0x100</run_address>
         <size>0x7c</size>
         <contents>
            <object_component_ref idref="oc-2e"/>
         </contents>
      </logical_group>
      <logical_group id="lg-d0" display="no" color="cyan">
         <name>.creg.C0_INTC.noload.near</name>
         <run_address>0x20000</run_address>
         <size>0x0</size>
         <contents>
         </contents>
      </logical_group>
      <logical_group id="lg-d1" display="no" color="cyan">
         <name>.creg.C0_INTC.near</name>
         <run_address>0x20000</run_address>
         <size>0x0</size>
         <contents>
         </contents>
      </logical_group>
      <logical_group id="lg-d2" display="no" color="cyan">
         <name>.creg.C0_INTC.noload.far</name>
         <run_address>0x20000</run_address>
         <size>0x1504</size>
         <contents>
            <object_component_ref idref="oc-af"/>
         </contents>
      </logical_group>
      <logical_group id="lg-d3" display="no" color="cyan">
         <name>.creg.C0_INTC.far</name>
         <run_address>0x21504</run_address>
         <size>0x0</size>
         <contents>
         </contents>
      </logical_group>
      <logical_group id="lg-cf" display="no" color="cyan">
         <name>C0_GROUP</name>
         <run_address>0x20000</run_address>
         <size>0x1504</size>
         <contents>
            <logical_group_ref idref="lg-d0"/>
            <logical_group_ref idref="lg-d1"/>
            <logical_group_ref idref="lg-d2"/>
            <logical_group_ref idref="lg-d3"/>
         </contents>
      </logical_group>
      <logical_group id="lg-d5" display="no" color="cyan">
         <name>.creg.C4_CFG.noload.near</name>
         <run_address>0x26000</run_address>
         <size>0x44</size>
         <contents>
            <object_component_ref idref="oc-77"/>
         </contents>
      </logical_group>
      <logical_group id="lg-d6" display="no" color="cyan">
         <name>.creg.C4_CFG.near</name>
         <run_address>0x26044</run_address>
         <size>0x0</size>
         <contents>
         </contents>
      </logical_group>
      <logical_group id="lg-d7" display="no" color="cyan">
         <name>.creg.C4_CFG.noload.far</name>
         <run_address>0x26044</run_address>
         <size>0x0</size>
         <contents>
         </contents>
      </logical_group>
      <logical_group id="lg-d8" display="no" color="cyan">
         <name>.creg.C4_CFG.far</name>
         <run_address>0x26044</run_address>
         <size>0x0</size>
         <contents>
         </contents>
      </logical_group>
      <logical_group id="lg-d4" display="no" color="cyan">
         <name>C4_GROUP</name>
         <run_address>0x26000</run_address>
         <size>0x44</size>
         <contents>
            <logical_group_ref idref="lg-d5"/>
            <logical_group_ref idref="lg-d6"/>
            <logical_group_ref idref="lg-d7"/>
            <logical_group_ref idref="lg-d8"/>
         </contents>
      </logical_group>
      <logical_group id="lg-da" display="no" color="cyan">
         <name>.creg.C7_UART0.noload.near</name>
         <run_address>0x0</run_address>
         <size>0x0</size>
         <contents>
         </contents>
      </logical_group>
      <logical_group id="lg-db" display="no" color="cyan">
         <name>.creg.C7_UART0.near</name>
         <run_address>0x0</run_address>
         <size>0x0</size>
         <contents>
         </contents>
      </logical_group>
      <logical_group id="lg-dc" display="no" color="cyan">
         <name>.creg.C7_UART0.noload.far</name>
         <run_address>0x0</run_address>
         <size>0x0</size>
         <contents>
         </contents>
      </logical_group>
      <logical_group id="lg-dd" display="no" color="cyan">
         <name>.creg.C7_UART0.far</name>
         <run_address>0x0</run_address>
         <size>0x0</size>
         <contents>
         </contents>
      </logical_group>
      <logical_group id="lg-d9" display="no" color="cyan">
         <name>C7_GROUP</name>
         <run_address>0x0</run_address>
         <size>0x0</size>
         <contents>
            <logical_group_ref idref="lg-da"/>
            <logical_group_ref idref="lg-db"/>
            <logical_group_ref idref="lg-dc"/>
            <logical_group_ref idref="lg-dd"/>
         </contents>
      </logical_group>
      <logical_group id="lg-df" display="no" color="cyan">
         <name>.creg.C26_IEP.noload.near</name>
         <run_address>0x0</run_address>
         <size>0x0</size>
         <contents>
         </contents>
      </logical_group>
      <logical_group id="lg-e0" display="no" color="cyan">
         <name>.creg.C26_IEP.near</name>
         <run_address>0x0</run_address>
         <size>0x0</size>
         <contents>
         </contents>
      </logical_group>
      <logical_group id="lg-e1" display="no" color="cyan">
         <name>.creg.C26_IEP.noload.far</name>
         <run_address>0x0</run_address>
         <size>0x0</size>
         <contents>
         </contents>
      </logical_group>
      <logical_group id="lg-e2" display="no" color="cyan">
         <name>.creg.C26_IEP.far</name>
         <run_address>0x0</run_address>
         <size>0x0</size>
         <contents>
         </contents>
      </logical_group>
      <logical_group id="lg-de" display="no" color="cyan">
         <name>C26_GROUP</name>
         <run_address>0x0</run_address>
         <size>0x0</size>
         <contents>
            <logical_group_ref idref="lg-df"/>
            <logical_group_ref idref="lg-e0"/>
            <logical_group_ref idref="lg-e1"/>
            <logical_group_ref idref="lg-e2"/>
         </contents>
      </logical_group>
      <logical_group id="lg-e4" display="no" color="cyan">
         <name>.creg.C3_ECAP.noload.near</name>
         <run_address>0x0</run_address>
         <size>0x0</size>
         <contents>
         </contents>
      </logical_group>
      <logical_group id="lg-e5" display="no" color="cyan">
         <name>.creg.C3_ECAP.near</name>
         <run_address>0x0</run_address>
         <size>0x0</size>
         <contents>
         </contents>
      </logical_group>
      <logical_group id="lg-e6" display="no" color="cyan">
         <name>.creg.C3_ECAP.noload.far</name>
         <run_address>0x0</run_address>
         <size>0x0</size>
         <contents>
         </contents>
      </logical_group>
      <logical_group id="lg-e7" display="no" color="cyan">
         <name>.creg.C3_ECAP.far</name>
         <run_address>0x0</run_address>
         <size>0x0</size>
         <contents>
         </contents>
      </logical_group>
      <logical_group id="lg-e3" display="no" color="cyan">
         <name>C3_GROUP</name>
         <run_address>0x0</run_address>
         <size>0x0</size>
         <contents>
            <logical_group_ref idref="lg-e4"/>
            <logical_group_ref idref="lg-e5"/>
            <logical_group_ref idref="lg-e6"/>
            <logical_group_ref idref="lg-e7"/>
         </contents>
      </logical_group>
      <logical_group id="lg-e9" display="no" color="cyan">
         <name>.creg.C21_MDIO.noload.near</name>
         <run_address>0x0</run_address>
         <size>0x0</size>
         <contents>
         </contents>
      </logical_group>
      <logical_group id="lg-ea" display="no" color="cyan">
         <name>.creg.C21_MDIO.near</name>
         <run_address>0x0</run_address>
         <size>0x0</size>
         <contents>
         </contents>
      </logical_group>
      <logical_group id="lg-eb" display="no" color="cyan">
         <name>.creg.C21_MDIO.noload.far</name>
         <run_address>0x0</run_address>
         <size>0x0</size>
         <contents>
         </contents>
      </logical_group>
      <logical_group id="lg-ec" display="no" color="cyan">
         <name>.creg.C21_MDIO.far</name>
         <run_address>0x0</run_address>
         <size>0x0</size>
         <contents>
         </contents>
      </logical_group>
      <logical_group id="lg-e8" display="no" color="cyan">
         <name>C21_GROUP</name>
         <run_address>0x0</run_address>
         <size>0x0</size>
         <contents>
            <logical_group_ref idref="lg-e9"/>
            <logical_group_ref idref="lg-ea"/>
            <logical_group_ref idref="lg-eb"/>
            <logical_group_ref idref="lg-ec"/>
         </contents>
      </logical_group>
      <logical_group id="lg-ee" display="no" color="cyan">
         <name>.creg.C8_MCASP0_DMA.noload.near</name>
         <run_address>0x0</run_address>
         <size>0x0</size>
         <contents>
         </contents>
      </logical_group>
      <logical_group id="lg-ef" display="no" color="cyan">
         <name>.creg.C8_MCASP0_DMA.near</name>
         <run_address>0x0</run_address>
         <size>0x0</size>
         <contents>
         </contents>
      </logical_group>
      <logical_group id="lg-f0" display="no" color="cyan">
         <name>.creg.C8_MCASP0_DMA.noload.far</name>
         <run_address>0x0</run_address>
         <size>0x0</size>
         <contents>
         </contents>
      </logical_group>
      <logical_group id="lg-f1" display="no" color="cyan">
         <name>.creg.C8_MCASP0_DMA.far</name>
         <run_address>0x0</run_address>
         <size>0x0</size>
         <contents>
         </contents>
      </logical_group>
      <logical_group id="lg-ed" display="no" color="cyan">
         <name>C8_GROUP</name>
         <run_address>0x0</run_address>
         <size>0x0</size>
         <contents>
            <logical_group_ref idref="lg-ee"/>
            <logical_group_ref idref="lg-ef"/>
            <logical_group_ref idref="lg-f0"/>
            <logical_group_ref idref="lg-f1"/>
         </contents>
      </logical_group>
      <logical_group id="lg-f3" display="no" color="cyan">
         <name>.creg.C11_UART1.noload.near</name>
         <run_address>0x0</run_address>
         <size>0x0</size>
         <contents>
         </contents>
      </logical_group>
      <logical_group id="lg-f4" display="no" color="cyan">
         <name>.creg.C11_UART1.near</name>
         <run_address>0x0</run_address>
         <size>0x0</size>
         <contents>
         </contents>
      </logical_group>
      <logical_group id="lg-f5" display="no" color="cyan">
         <name>.creg.C11_UART1.noload.far</name>
         <run_address>0x0</run_address>
         <size>0x0</size>
         <contents>
         </contents>
      </logical_group>
      <logical_group id="lg-f6" display="no" color="cyan">
         <name>.creg.C11_UART1.far</name>
         <run_address>0x0</run_address>
         <size>0x0</size>
         <contents>
         </contents>
      </logical_group>
      <logical_group id="lg-f2" display="no" color="cyan">
         <name>C11_GROUP</name>
         <run_address>0x0</run_address>
         <size>0x0</size>
         <contents>
            <logical_group_ref idref="lg-f3"/>
            <logical_group_ref idref="lg-f4"/>
            <logical_group_ref idref="lg-f5"/>
            <logical_group_ref idref="lg-f6"/>
         </contents>
      </logical_group>
      <logical_group id="lg-f8" display="no" color="cyan">
         <name>.creg.C12_UART2.noload.near</name>
         <run_address>0x0</run_address>
         <size>0x0</size>
         <contents>
         </contents>
      </logical_group>
      <logical_group id="lg-f9" display="no" color="cyan">
         <name>.creg.C12_UART2.near</name>
         <run_address>0x0</run_address>
         <size>0x0</size>
         <contents>
         </contents>
      </logical_group>
      <logical_group id="lg-fa" display="no" color="cyan">
         <name>.creg.C12_UART2.noload.far</name>
         <run_address>0x0</run_address>
         <size>0x0</size>
         <contents>
         </contents>
      </logical_group>
      <logical_group id="lg-fb" display="no" color="cyan">
         <name>.creg.C12_UART2.far</name>
         <run_address>0x0</run_address>
         <size>0x0</size>
         <contents>
         </contents>
      </logical_group>
      <logical_group id="lg-f7" display="no" color="cyan">
         <name>C12_GROUP</name>
         <run_address>0x0</run_address>
         <size>0x0</size>
         <contents>
            <logical_group_ref idref="lg-f8"/>
            <logical_group_ref idref="lg-f9"/>
            <logical_group_ref idref="lg-fa"/>
            <logical_group_ref idref="lg-fb"/>
         </contents>
      </logical_group>
      <logical_group id="lg-fd" display="no" color="cyan">
         <name>.creg.C2_I2C1.noload.near</name>
         <run_address>0x0</run_address>
         <size>0x0</size>
         <contents>
         </contents>
      </logical_group>
      <logical_group id="lg-fe" display="no" color="cyan">
         <name>.creg.C2_I2C1.near</name>
         <run_address>0x0</run_address>
         <size>0x0</size>
         <contents>
         </contents>
      </logical_group>
      <logical_group id="lg-ff" display="no" color="cyan">
         <name>.creg.C2_I2C1.noload.far</name>
         <run_address>0x0</run_address>
         <size>0x0</size>
         <contents>
         </contents>
      </logical_group>
      <logical_group id="lg-100" display="no" color="cyan">
         <name>.creg.C2_I2C1.far</name>
         <run_address>0x0</run_address>
         <size>0x0</size>
         <contents>
         </contents>
      </logical_group>
      <logical_group id="lg-fc" display="no" color="cyan">
         <name>C2_GROUP</name>
         <run_address>0x0</run_address>
         <size>0x0</size>
         <contents>
            <logical_group_ref idref="lg-fd"/>
            <logical_group_ref idref="lg-fe"/>
            <logical_group_ref idref="lg-ff"/>
            <logical_group_ref idref="lg-100"/>
         </contents>
      </logical_group>
      <logical_group id="lg-102" display="no" color="cyan">
         <name>.creg.C6_MCSPI0.noload.near</name>
         <run_address>0x0</run_address>
         <size>0x0</size>
         <contents>
         </contents>
      </logical_group>
      <logical_group id="lg-103" display="no" color="cyan">
         <name>.creg.C6_MCSPI0.near</name>
         <run_address>0x0</run_address>
         <size>0x0</size>
         <contents>
         </contents>
      </logical_group>
      <logical_group id="lg-104" display="no" color="cyan">
         <name>.creg.C6_MCSPI0.noload.far</name>
         <run_address>0x0</run_address>
         <size>0x0</size>
         <contents>
         </contents>
      </logical_group>
      <logical_group id="lg-105" display="no" color="cyan">
         <name>.creg.C6_MCSPI0.far</name>
         <run_address>0x0</run_address>
         <size>0x0</size>
         <contents>
         </contents>
      </logical_group>
      <logical_group id="lg-101" display="no" color="cyan">
         <name>C6_GROUP</name>
         <run_address>0x0</run_address>
         <size>0x0</size>
         <contents>
            <logical_group_ref idref="lg-102"/>
            <logical_group_ref idref="lg-103"/>
            <logical_group_ref idref="lg-104"/>
            <logical_group_ref idref="lg-105"/>
         </contents>
      </logical_group>
      <logical_group id="lg-107" display="no" color="cyan">
         <name>.creg.C1_DMTIMER2.noload.near</name>
         <run_address>0x0</run_address>
         <size>0x0</size>
         <contents>
         </contents>
      </logical_group>
      <logical_group id="lg-108" display="no" color="cyan">
         <name>.creg.C1_DMTIMER2.near</name>
         <run_address>0x0</run_address>
         <size>0x0</size>
         <contents>
         </contents>
      </logical_group>
      <logical_group id="lg-109" display="no" color="cyan">
         <name>.creg.C1_DMTIMER2.noload.far</name>
         <run_address>0x0</run_address>
         <size>0x0</size>
         <contents>
         </contents>
      </logical_group>
      <logical_group id="lg-10a" display="no" color="cyan">
         <name>.creg.C1_DMTIMER2.far</name>
         <run_address>0x0</run_address>
         <size>0x0</size>
         <contents>
         </contents>
      </logical_group>
      <logical_group id="lg-106" display="no" color="cyan">
         <name>C1_GROUP</name>
         <run_address>0x0</run_address>
         <size>0x0</size>
         <contents>
            <logical_group_ref idref="lg-107"/>
            <logical_group_ref idref="lg-108"/>
            <logical_group_ref idref="lg-109"/>
            <logical_group_ref idref="lg-10a"/>
         </contents>
      </logical_group>
      <logical_group id="lg-10c" display="no" color="cyan">
         <name>.creg.C5_MMCHS0.noload.near</name>
         <run_address>0x0</run_address>
         <size>0x0</size>
         <contents>
         </contents>
      </logical_group>
      <logical_group id="lg-10d" display="no" color="cyan">
         <name>.creg.C5_MMCHS0.near</name>
         <run_address>0x0</run_address>
         <size>0x0</size>
         <contents>
         </contents>
      </logical_group>
      <logical_group id="lg-10e" display="no" color="cyan">
         <name>.creg.C5_MMCHS0.noload.far</name>
         <run_address>0x0</run_address>
         <size>0x0</size>
         <contents>
         </contents>
      </logical_group>
      <logical_group id="lg-10f" display="no" color="cyan">
         <name>.creg.C5_MMCHS0.far</name>
         <run_address>0x0</run_address>
         <size>0x0</size>
         <contents>
         </contents>
      </logical_group>
      <logical_group id="lg-10b" display="no" color="cyan">
         <name>C5_GROUP</name>
         <run_address>0x0</run_address>
         <size>0x0</size>
         <contents>
            <logical_group_ref idref="lg-10c"/>
            <logical_group_ref idref="lg-10d"/>
            <logical_group_ref idref="lg-10e"/>
            <logical_group_ref idref="lg-10f"/>
         </contents>
      </logical_group>
      <logical_group id="lg-111" display="no" color="cyan">
         <name>.creg.C22_MBX0.noload.near</name>
         <run_address>0x0</run_address>
         <size>0x0</size>
         <contents>
         </contents>
      </logical_group>
      <logical_group id="lg-112" display="no" color="cyan">
         <name>.creg.C22_MBX0.near</name>
         <run_address>0x0</run_address>
         <size>0x0</size>
         <contents>
         </contents>
      </logical_group>
      <logical_group id="lg-113" display="no" color="cyan">
         <name>.creg.C22_MBX0.noload.far</name>
         <run_address>0x0</run_address>
         <size>0x0</size>
         <contents>
         </contents>
      </logical_group>
      <logical_group id="lg-114" display="no" color="cyan">
         <name>.creg.C22_MBX0.far</name>
         <run_address>0x0</run_address>
         <size>0x0</size>
         <contents>
         </contents>
      </logical_group>
      <logical_group id="lg-110" display="no" color="cyan">
         <name>C22_GROUP</name>
         <run_address>0x0</run_address>
         <size>0x0</size>
         <contents>
            <logical_group_ref idref="lg-111"/>
            <logical_group_ref idref="lg-112"/>
            <logical_group_ref idref="lg-113"/>
            <logical_group_ref idref="lg-114"/>
         </contents>
      </logical_group>
      <logical_group id="lg-116" display="no" color="cyan">
         <name>.creg.C23_SPINLOCK.noload.near</name>
         <run_address>0x0</run_address>
         <size>0x0</size>
         <contents>
         </contents>
      </logical_group>
      <logical_group id="lg-117" display="no" color="cyan">
         <name>.creg.C23_SPINLOCK.near</name>
         <run_address>0x0</run_address>
         <size>0x0</size>
         <contents>
         </contents>
      </logical_group>
      <logical_group id="lg-118" display="no" color="cyan">
         <name>.creg.C23_SPINLOCK.noload.far</name>
         <run_address>0x0</run_address>
         <size>0x0</size>
         <contents>
         </contents>
      </logical_group>
      <logical_group id="lg-119" display="no" color="cyan">
         <name>.creg.C23_SPINLOCK.far</name>
         <run_address>0x0</run_address>
         <size>0x0</size>
         <contents>
         </contents>
      </logical_group>
      <logical_group id="lg-115" display="no" color="cyan">
         <name>C23_GROUP</name>
         <run_address>0x0</run_address>
         <size>0x0</size>
         <contents>
            <logical_group_ref idref="lg-116"/>
            <logical_group_ref idref="lg-117"/>
            <logical_group_ref idref="lg-118"/>
            <logical_group_ref idref="lg-119"/>
         </contents>
      </logical_group>
      <logical_group id="lg-11b" display="no" color="cyan">
         <name>.creg.C17_I2C2.noload.near</name>
         <run_address>0x0</run_address>
         <size>0x0</size>
         <contents>
         </contents>
      </logical_group>
      <logical_group id="lg-11c" display="no" color="cyan">
         <name>.creg.C17_I2C2.near</name>
         <run_address>0x0</run_address>
         <size>0x0</size>
         <contents>
         </contents>
      </logical_group>
      <logical_group id="lg-11d" display="no" color="cyan">
         <name>.creg.C17_I2C2.noload.far</name>
         <run_address>0x0</run_address>
         <size>0x0</size>
         <contents>
         </contents>
      </logical_group>
      <logical_group id="lg-11e" display="no" color="cyan">
         <name>.creg.C17_I2C2.far</name>
         <run_address>0x0</run_address>
         <size>0x0</size>
         <contents>
         </contents>
      </logical_group>
      <logical_group id="lg-11a" display="no" color="cyan">
         <name>C17_GROUP</name>
         <run_address>0x0</run_address>
         <size>0x0</size>
         <contents>
            <logical_group_ref idref="lg-11b"/>
            <logical_group_ref idref="lg-11c"/>
            <logical_group_ref idref="lg-11d"/>
            <logical_group_ref idref="lg-11e"/>
         </contents>
      </logical_group>
      <logical_group id="lg-120" display="no" color="cyan">
         <name>.creg.C16_MCSPI1.noload.near</name>
         <run_address>0x0</run_address>
         <size>0x0</size>
         <contents>
         </contents>
      </logical_group>
      <logical_group id="lg-121" display="no" color="cyan">
         <name>.creg.C16_MCSPI1.near</name>
         <run_address>0x0</run_address>
         <size>0x0</size>
         <contents>
         </contents>
      </logical_group>
      <logical_group id="lg-122" display="no" color="cyan">
         <name>.creg.C16_MCSPI1.noload.far</name>
         <run_address>0x0</run_address>
         <size>0x0</size>
         <contents>
         </contents>
      </logical_group>
      <logical_group id="lg-123" display="no" color="cyan">
         <name>.creg.C16_MCSPI1.far</name>
         <run_address>0x0</run_address>
         <size>0x0</size>
         <contents>
         </contents>
      </logical_group>
      <logical_group id="lg-11f" display="no" color="cyan">
         <name>C16_GROUP</name>
         <run_address>0x0</run_address>
         <size>0x0</size>
         <contents>
            <logical_group_ref idref="lg-120"/>
            <logical_group_ref idref="lg-121"/>
            <logical_group_ref idref="lg-122"/>
            <logical_group_ref idref="lg-123"/>
         </contents>
      </logical_group>
      <logical_group id="lg-125" display="no" color="cyan">
         <name>.creg.C14_DCAN0.noload.near</name>
         <run_address>0x0</run_address>
         <size>0x0</size>
         <contents>
         </contents>
      </logical_group>
      <logical_group id="lg-126" display="no" color="cyan">
         <name>.creg.C14_DCAN0.near</name>
         <run_address>0x0</run_address>
         <size>0x0</size>
         <contents>
         </contents>
      </logical_group>
      <logical_group id="lg-127" display="no" color="cyan">
         <name>.creg.C14_DCAN0.noload.far</name>
         <run_address>0x0</run_address>
         <size>0x0</size>
         <contents>
         </contents>
      </logical_group>
      <logical_group id="lg-128" display="no" color="cyan">
         <name>.creg.C14_DCAN0.far</name>
         <run_address>0x0</run_address>
         <size>0x0</size>
         <contents>
         </contents>
      </logical_group>
      <logical_group id="lg-124" display="no" color="cyan">
         <name>C14_GROUP</name>
         <run_address>0x0</run_address>
         <size>0x0</size>
         <contents>
            <logical_group_ref idref="lg-125"/>
            <logical_group_ref idref="lg-126"/>
            <logical_group_ref idref="lg-127"/>
            <logical_group_ref idref="lg-128"/>
         </contents>
      </logical_group>
      <logical_group id="lg-12a" display="no" color="cyan">
         <name>.creg.C15_DCAN1.noload.near</name>
         <run_address>0x0</run_address>
         <size>0x0</size>
         <contents>
         </contents>
      </logical_group>
      <logical_group id="lg-12b" display="no" color="cyan">
         <name>.creg.C15_DCAN1.near</name>
         <run_address>0x0</run_address>
         <size>0x0</size>
         <contents>
         </contents>
      </logical_group>
      <logical_group id="lg-12c" display="no" color="cyan">
         <name>.creg.C15_DCAN1.noload.far</name>
         <run_address>0x0</run_address>
         <size>0x0</size>
         <contents>
         </contents>
      </logical_group>
      <logical_group id="lg-12d" display="no" color="cyan">
         <name>.creg.C15_DCAN1.far</name>
         <run_address>0x0</run_address>
         <size>0x0</size>
         <contents>
         </contents>
      </logical_group>
      <logical_group id="lg-129" display="no" color="cyan">
         <name>C15_GROUP</name>
         <run_address>0x0</run_address>
         <size>0x0</size>
         <contents>
            <logical_group_ref idref="lg-12a"/>
            <logical_group_ref idref="lg-12b"/>
            <logical_group_ref idref="lg-12c"/>
            <logical_group_ref idref="lg-12d"/>
         </contents>
      </logical_group>
      <logical_group id="lg-12f" display="no" color="cyan">
         <name>.creg.C18_EHRPWM1.noload.near</name>
         <run_address>0x0</run_address>
         <size>0x0</size>
         <contents>
         </contents>
      </logical_group>
      <logical_group id="lg-130" display="no" color="cyan">
         <name>.creg.C18_EHRPWM1.near</name>
         <run_address>0x0</run_address>
         <size>0x0</size>
         <contents>
         </contents>
      </logical_group>
      <logical_group id="lg-131" display="no" color="cyan">
         <name>.creg.C18_EHRPWM1.noload.far</name>
         <run_address>0x0</run_address>
         <size>0x0</size>
         <contents>
         </contents>
      </logical_group>
      <logical_group id="lg-132" display="no" color="cyan">
         <name>.creg.C18_EHRPWM1.far</name>
         <run_address>0x0</run_address>
         <size>0x0</size>
         <contents>
         </contents>
      </logical_group>
      <logical_group id="lg-12e" display="no" color="cyan">
         <name>C18_GROUP</name>
         <run_address>0x0</run_address>
         <size>0x0</size>
         <contents>
            <logical_group_ref idref="lg-12f"/>
            <logical_group_ref idref="lg-130"/>
            <logical_group_ref idref="lg-131"/>
            <logical_group_ref idref="lg-132"/>
         </contents>
      </logical_group>
      <logical_group id="lg-134" display="no" color="cyan">
         <name>.creg.C19_EHRPWM2.noload.near</name>
         <run_address>0x0</run_address>
         <size>0x0</size>
         <contents>
         </contents>
      </logical_group>
      <logical_group id="lg-135" display="no" color="cyan">
         <name>.creg.C19_EHRPWM2.near</name>
         <run_address>0x0</run_address>
         <size>0x0</size>
         <contents>
         </contents>
      </logical_group>
      <logical_group id="lg-136" display="no" color="cyan">
         <name>.creg.C19_EHRPWM2.noload.far</name>
         <run_address>0x0</run_address>
         <size>0x0</size>
         <contents>
         </contents>
      </logical_group>
      <logical_group id="lg-137" display="no" color="cyan">
         <name>.creg.C19_EHRPWM2.far</name>
         <run_address>0x0</run_address>
         <size>0x0</size>
         <contents>
         </contents>
      </logical_group>
      <logical_group id="lg-133" display="no" color="cyan">
         <name>C19_GROUP</name>
         <run_address>0x0</run_address>
         <size>0x0</size>
         <contents>
            <logical_group_ref idref="lg-134"/>
            <logical_group_ref idref="lg-135"/>
            <logical_group_ref idref="lg-136"/>
            <logical_group_ref idref="lg-137"/>
         </contents>
      </logical_group>
      <logical_group id="lg-139" display="no" color="cyan">
         <name>.creg.C20_EHRPWM3.noload.near</name>
         <run_address>0x0</run_address>
         <size>0x0</size>
         <contents>
         </contents>
      </logical_group>
      <logical_group id="lg-13a" display="no" color="cyan">
         <name>.creg.C20_EHRPWM3.near</name>
         <run_address>0x0</run_address>
         <size>0x0</size>
         <contents>
         </contents>
      </logical_group>
      <logical_group id="lg-13b" display="no" color="cyan">
         <name>.creg.C20_EHRPWM3.noload.far</name>
         <run_address>0x0</run_address>
         <size>0x0</size>
         <contents>
         </contents>
      </logical_group>
      <logical_group id="lg-13c" display="no" color="cyan">
         <name>.creg.C20_EHRPWM3.far</name>
         <run_address>0x0</run_address>
         <size>0x0</size>
         <contents>
         </contents>
      </logical_group>
      <logical_group id="lg-138" display="no" color="cyan">
         <name>C20_GROUP</name>
         <run_address>0x0</run_address>
         <size>0x0</size>
         <contents>
            <logical_group_ref idref="lg-139"/>
            <logical_group_ref idref="lg-13a"/>
            <logical_group_ref idref="lg-13b"/>
            <logical_group_ref idref="lg-13c"/>
         </contents>
      </logical_group>
      <logical_group id="lg-13e" display="no" color="cyan">
         <name>.creg.C13_RSVD.noload.near</name>
         <run_address>0x0</run_address>
         <size>0x0</size>
         <contents>
         </contents>
      </logical_group>
      <logical_group id="lg-13f" display="no" color="cyan">
         <name>.creg.C13_RSVD.near</name>
         <run_address>0x0</run_address>
         <size>0x0</size>
         <contents>
         </contents>
      </logical_group>
      <logical_group id="lg-140" display="no" color="cyan">
         <name>.creg.C13_RSVD.noload.far</name>
         <run_address>0x0</run_address>
         <size>0x0</size>
         <contents>
         </contents>
      </logical_group>
      <logical_group id="lg-141" display="no" color="cyan">
         <name>.creg.C13_RSVD.far</name>
         <run_address>0x0</run_address>
         <size>0x0</size>
         <contents>
         </contents>
      </logical_group>
      <logical_group id="lg-13d" display="no" color="cyan">
         <name>C13_GROUP</name>
         <run_address>0x0</run_address>
         <size>0x0</size>
         <contents>
            <logical_group_ref idref="lg-13e"/>
            <logical_group_ref idref="lg-13f"/>
            <logical_group_ref idref="lg-140"/>
            <logical_group_ref idref="lg-141"/>
         </contents>
      </logical_group>
      <logical_group id="lg-143" display="no" color="cyan">
         <name>.creg.C10_RSVD.noload.near</name>
         <run_address>0x0</run_address>
         <size>0x0</size>
         <contents>
         </contents>
      </logical_group>
      <logical_group id="lg-144" display="no" color="cyan">
         <name>.creg.C10_RSVD.near</name>
         <run_address>0x0</run_address>
         <size>0x0</size>
         <contents>
         </contents>
      </logical_group>
      <logical_group id="lg-145" display="no" color="cyan">
         <name>.creg.C10_RSVD.noload.far</name>
         <run_address>0x0</run_address>
         <size>0x0</size>
         <contents>
         </contents>
      </logical_group>
      <logical_group id="lg-146" display="no" color="cyan">
         <name>.creg.C10_RSVD.far</name>
         <run_address>0x0</run_address>
         <size>0x0</size>
         <contents>
         </contents>
      </logical_group>
      <logical_group id="lg-142" display="no" color="cyan">
         <name>C10_GROUP</name>
         <run_address>0x0</run_address>
         <size>0x0</size>
         <contents>
            <logical_group_ref idref="lg-143"/>
            <logical_group_ref idref="lg-144"/>
            <logical_group_ref idref="lg-145"/>
            <logical_group_ref idref="lg-146"/>
         </contents>
      </logical_group>
      <logical_group id="lg-148" display="no" color="cyan">
         <name>.creg.C9_GEMAC.noload.near</name>
         <run_address>0x0</run_address>
         <size>0x0</size>
         <contents>
         </contents>
      </logical_group>
      <logical_group id="lg-149" display="no" color="cyan">
         <name>.creg.C9_GEMAC.near</name>
         <run_address>0x0</run_address>
         <size>0x0</size>
         <contents>
         </contents>
      </logical_group>
      <logical_group id="lg-14a" display="no" color="cyan">
         <name>.creg.C9_GEMAC.noload.far</name>
         <run_address>0x0</run_address>
         <size>0x0</size>
         <contents>
         </contents>
      </logical_group>
      <logical_group id="lg-14b" display="no" color="cyan">
         <name>.creg.C9_GEMAC.far</name>
         <run_address>0x0</run_address>
         <size>0x0</size>
         <contents>
         </contents>
      </logical_group>
      <logical_group id="lg-147" display="no" color="cyan">
         <name>C9_GROUP</name>
         <run_address>0x0</run_address>
         <size>0x0</size>
         <contents>
            <logical_group_ref idref="lg-148"/>
            <logical_group_ref idref="lg-149"/>
            <logical_group_ref idref="lg-14a"/>
            <logical_group_ref idref="lg-14b"/>
         </contents>
      </logical_group>
      <logical_group id="lg-14d" display="no" color="cyan">
         <name>.creg.C31_DDR.noload.near</name>
         <run_address>0x0</run_address>
         <size>0x0</size>
         <contents>
         </contents>
      </logical_group>
      <logical_group id="lg-14e" display="no" color="cyan">
         <name>.creg.C31_DDR.near</name>
         <run_address>0x0</run_address>
         <size>0x0</size>
         <contents>
         </contents>
      </logical_group>
      <logical_group id="lg-14f" display="no" color="cyan">
         <name>.creg.C31_DDR.noload.far</name>
         <run_address>0x0</run_address>
         <size>0x0</size>
         <contents>
         </contents>
      </logical_group>
      <logical_group id="lg-150" display="no" color="cyan">
         <name>.creg.C31_DDR.far</name>
         <run_address>0x0</run_address>
         <size>0x0</size>
         <contents>
         </contents>
      </logical_group>
      <logical_group id="lg-14c" display="no" color="cyan">
         <name>C31_GROUP</name>
         <run_address>0x0</run_address>
         <size>0x0</size>
         <contents>
            <logical_group_ref idref="lg-14d"/>
            <logical_group_ref idref="lg-14e"/>
            <logical_group_ref idref="lg-14f"/>
            <logical_group_ref idref="lg-150"/>
         </contents>
      </logical_group>
      <logical_group id="lg-1c6" display="never" color="cyan">
         <name>.debug_info</name>
         <load_address>0x0</load_address>
         <run_address>0x0</run_address>
         <size>0x4f28</size>
         <contents>
            <object_component_ref idref="oc-8a"/>
            <object_component_ref idref="oc-58"/>
            <object_component_ref idref="oc-2f"/>
            <object_component_ref idref="oc-78"/>
            <object_component_ref idref="oc-b0"/>
            <object_component_ref idref="oc-7b"/>
            <object_component_ref idref="oc-48"/>
            <object_component_ref idref="oc-b6"/>
            <object_component_ref idref="oc-bb"/>
            <object_component_ref idref="oc-63"/>
            <object_component_ref idref="oc-c0"/>
            <object_component_ref idref="oc-c5"/>
            <object_component_ref idref="oc-8b"/>
            <object_component_ref idref="oc-5c"/>
            <object_component_ref idref="oc-32"/>
            <object_component_ref idref="oc-29"/>
            <object_component_ref idref="oc-82"/>
            <object_component_ref idref="oc-4f"/>
            <object_component_ref idref="oc-1d8"/>
         </contents>
      </logical_group>
      <logical_group id="lg-1c8" display="never" color="cyan">
         <name>.debug_line</name>
         <load_address>0x0</load_address>
         <run_address>0x0</run_address>
         <size>0x51a</size>
         <contents>
            <object_component_ref idref="oc-b5"/>
            <object_component_ref idref="oc-89"/>
            <object_component_ref idref="oc-5b"/>
            <object_component_ref idref="oc-ae"/>
            <object_component_ref idref="oc-ce"/>
            <object_component_ref idref="oc-7e"/>
            <object_component_ref idref="oc-4b"/>
            <object_component_ref idref="oc-b9"/>
            <object_component_ref idref="oc-be"/>
            <object_component_ref idref="oc-66"/>
            <object_component_ref idref="oc-c3"/>
            <object_component_ref idref="oc-c8"/>
            <object_component_ref idref="oc-8e"/>
            <object_component_ref idref="oc-5f"/>
            <object_component_ref idref="oc-62"/>
            <object_component_ref idref="oc-2c"/>
            <object_component_ref idref="oc-85"/>
            <object_component_ref idref="oc-52"/>
         </contents>
      </logical_group>
      <logical_group id="lg-1ca" display="never" color="cyan">
         <name>.debug_frame</name>
         <load_address>0x0</load_address>
         <run_address>0x0</run_address>
         <size>0x5fe</size>
         <contents>
            <object_component_ref idref="oc-7f"/>
            <object_component_ref idref="oc-4c"/>
            <object_component_ref idref="oc-2d"/>
            <object_component_ref idref="oc-86"/>
            <object_component_ref idref="oc-53"/>
         </contents>
      </logical_group>
      <logical_group id="lg-1cc" display="never" color="cyan">
         <name>.debug_abbrev</name>
         <load_address>0x0</load_address>
         <run_address>0x0</run_address>
         <size>0x5bf</size>
         <contents>
            <object_component_ref idref="oc-b4"/>
            <object_component_ref idref="oc-88"/>
            <object_component_ref idref="oc-5a"/>
            <object_component_ref idref="oc-ad"/>
            <object_component_ref idref="oc-cd"/>
            <object_component_ref idref="oc-b2"/>
            <object_component_ref idref="oc-80"/>
            <object_component_ref idref="oc-b8"/>
            <object_component_ref idref="oc-bd"/>
            <object_component_ref idref="oc-65"/>
            <object_component_ref idref="oc-c2"/>
            <object_component_ref idref="oc-c7"/>
            <object_component_ref idref="oc-8d"/>
            <object_component_ref idref="oc-5e"/>
            <object_component_ref idref="oc-61"/>
            <object_component_ref idref="oc-56"/>
            <object_component_ref idref="oc-b3"/>
            <object_component_ref idref="oc-87"/>
            <object_component_ref idref="oc-1d9"/>
         </contents>
      </logical_group>
      <logical_group id="lg-1ce" display="never" color="cyan">
         <name>.debug_str</name>
         <load_address>0x0</load_address>
         <run_address>0x0</run_address>
         <size>0x1854</size>
         <contents>
            <object_component_ref idref="oc-ba"/>
            <object_component_ref idref="oc-bf"/>
            <object_component_ref idref="oc-67"/>
            <object_component_ref idref="oc-c4"/>
            <object_component_ref idref="oc-c9"/>
            <object_component_ref idref="oc-8f"/>
            <object_component_ref idref="oc-60"/>
         </contents>
      </logical_group>
      <logical_group id="lg-1d0" display="never" color="cyan">
         <name>.debug_aranges</name>
         <load_address>0x0</load_address>
         <run_address>0x0</run_address>
         <size>0xa0</size>
         <contents>
            <object_component_ref idref="oc-7c"/>
            <object_component_ref idref="oc-49"/>
            <object_component_ref idref="oc-2a"/>
            <object_component_ref idref="oc-83"/>
            <object_component_ref idref="oc-50"/>
         </contents>
      </logical_group>
      <logical_group id="lg-1d2" display="never" color="cyan">
         <name>.debug_pubnames</name>
         <load_address>0x0</load_address>
         <run_address>0x0</run_address>
         <size>0x163</size>
         <contents>
            <object_component_ref idref="oc-59"/>
            <object_component_ref idref="oc-30"/>
            <object_component_ref idref="oc-79"/>
            <object_component_ref idref="oc-b1"/>
            <object_component_ref idref="oc-7d"/>
            <object_component_ref idref="oc-4a"/>
            <object_component_ref idref="oc-33"/>
            <object_component_ref idref="oc-2b"/>
            <object_component_ref idref="oc-84"/>
            <object_component_ref idref="oc-51"/>
         </contents>
      </logical_group>
      <logical_group id="lg-1d4" display="never" color="cyan">
         <name>.debug_pubtypes</name>
         <load_address>0x0</load_address>
         <run_address>0x0</run_address>
         <size>0x227</size>
         <contents>
            <object_component_ref idref="oc-b7"/>
            <object_component_ref idref="oc-bc"/>
            <object_component_ref idref="oc-64"/>
            <object_component_ref idref="oc-c1"/>
            <object_component_ref idref="oc-c6"/>
            <object_component_ref idref="oc-8c"/>
            <object_component_ref idref="oc-5d"/>
         </contents>
      </logical_group>
      <load_segment id="lg-1da" display="no" color="cyan">
         <name>SEGMENT_0</name>
         <load_address>0x0</load_address>
         <run_address>0x0</run_address>
         <size>0xd8</size>
         <flags>0x5</flags>
         <contents>
            <logical_group_ref idref="lg-2"/>
         </contents>
      </load_segment>
      <load_segment id="lg-1db" display="no" color="cyan">
         <name>SEGMENT_1</name>
         <run_address>0x0</run_address>
         <size>0x100</size>
         <flags>0x6</flags>
         <contents>
            <logical_group_ref idref="lg-3"/>
         </contents>
      </load_segment>
      <load_segment id="lg-1dc" display="no" color="cyan">
         <name>SEGMENT_2</name>
         <load_address>0x100</load_address>
         <run_address>0x100</run_address>
         <size>0x7e</size>
         <flags>0x6</flags>
         <contents>
            <logical_group_ref idref="lg-e"/>
            <logical_group_ref idref="lg-6"/>
         </contents>
      </load_segment>
   </logical_group_list>
   <placement_map>
      <memory_area display="yes" color="green">
         <name>PRUIMEM</name>
         <page_id>0x0</page_id>
         <origin>0x0</origin>
         <length>0x1000</length>
         <used_space>0xd8</used_space>
         <unused_space>0xf28</unused_space>
         <attributes>RWIX</attributes>
         <usage_details>
            <allocated_space>
               <start_address>0x0</start_address>
               <size>0xd8</size>
               <logical_group_ref idref="lg-2"/>
            </allocated_space>
            <available_space>
               <start_address>0xd8</start_address>
               <size>0xf28</size>
            </available_space>
         </usage_details>
      </memory_area>
      <memory_area display="yes" color="green">
         <name>PRUDMEM</name>
         <page_id>0x1</page_id>
         <origin>0x0</origin>
         <length>0x1000</length>
         <used_space>0x17e</used_space>
         <unused_space>0xe82</unused_space>
         <attributes>RWIX</attributes>
         <usage_details>
            <allocated_space>
               <start_address>0x0</start_address>
               <size>0x100</size>
               <logical_group_ref idref="lg-3"/>
            </allocated_space>
            <allocated_space>
               <start_address>0x100</start_address>
               <size>0x7c</size>
               <logical_group_ref idref="lg-e"/>
            </allocated_space>
            <allocated_space>
               <start_address>0x17c</start_address>
               <size>0x2</size>
               <logical_group_ref idref="lg-6"/>
            </allocated_space>
            <available_space>
               <start_address>0x17e</start_address>
               <size>0xe82</size>
            </available_space>
         </usage_details>
      </memory_area>
      <memory_area display="yes" color="green">
         <name>SHAREDMEM</name>
         <page_id>0x1</page_id>
         <origin>0x10000</origin>
         <length>0x10000</length>
         <used_space>0x0</used_space>
         <unused_space>0x10000</unused_space>
         <attributes>RWIX</attributes>
         <usage_details>
         </usage_details>
      </memory_area>
      <memory_area display="yes" color="green">
         <name>C0_INTC</name>
         <page_id>0x1</page_id>
         <origin>0x20000</origin>
         <length>0x1504</length>
         <used_space>0x1504</used_space>
         <unused_space>0x0</unused_space>
         <attributes>RWIX</attributes>
         <usage_details>
            <allocated_space>
               <start_address>0x20000</start_address>
               <size>0x1504</size>
               <logical_group_ref idref="lg-cf"/>
            </allocated_space>
         </usage_details>
      </memory_area>
      <memory_area display="yes" color="green">
         <name>C4_CFG</name>
         <page_id>0x1</page_id>
         <origin>0x26000</origin>
         <length>0x100</length>
         <used_space>0x44</used_space>
         <unused_space>0xbc</unused_space>
         <attributes>RWIX</attributes>
         <usage_details>
            <allocated_space>
               <start_address>0x26000</start_address>
               <size>0x44</size>
               <logical_group_ref idref="lg-d4"/>
            </allocated_space>
            <available_space>
               <start_address>0x26044</start_address>
               <size>0xbc</size>
            </available_space>
         </usage_details>
      </memory_area>
      <memory_area display="yes" color="green">
         <name>C7_UART0</name>
         <page_id>0x1</page_id>
         <origin>0x28000</origin>
         <length>0x100</length>
         <used_space>0x0</used_space>
         <unused_space>0x100</unused_space>
         <attributes>RWIX</attributes>
         <usage_details>
         </usage_details>
      </memory_area>
      <memory_area display="yes" color="green">
         <name>C26_IEP</name>
         <page_id>0x1</page_id>
         <origin>0x2e000</origin>
         <length>0x68</length>
         <used_space>0x0</used_space>
         <unused_space>0x68</unused_space>
         <attributes>RWIX</attributes>
         <usage_details>
         </usage_details>
      </memory_area>
      <memory_area display="yes" color="green">
         <name>C3_ECAP</name>
         <page_id>0x1</page_id>
         <origin>0x30000</origin>
         <length>0x100</length>
         <used_space>0x0</used_space>
         <unused_space>0x100</unused_space>
         <attributes>RWIX</attributes>
         <usage_details>
         </usage_details>
      </memory_area>
      <memory_area display="yes" color="green">
         <name>C21_MDIO</name>
         <page_id>0x1</page_id>
         <origin>0x32400</origin>
         <length>0x100</length>
         <used_space>0x0</used_space>
         <unused_space>0x100</unused_space>
         <attributes>RWIX</attributes>
         <usage_details>
         </usage_details>
      </memory_area>
      <memory_area display="yes" color="green">
         <name>C8_MCASP0_DMA</name>
         <page_id>0x1</page_id>
         <origin>0x46000000</origin>
         <length>0x100</length>
         <used_space>0x0</used_space>
         <unused_space>0x100</unused_space>
         <attributes>RWIX</attributes>
         <usage_details>
         </usage_details>
      </memory_area>
      <memory_area display="yes" color="green">
         <name>C11_UART1</name>
         <page_id>0x1</page_id>
         <origin>0x48022000</origin>
         <length>0x100</length>
         <used_space>0x0</used_space>
         <unused_space>0x100</unused_space>
         <attributes>RWIX</attributes>
         <usage_details>
         </usage_details>
      </memory_area>
      <memory_area display="yes" color="green">
         <name>C12_UART2</name>
         <page_id>0x1</page_id>
         <origin>0x48024000</origin>
         <length>0x100</length>
         <used_space>0x0</used_space>
         <unused_space>0x100</unused_space>
         <attributes>RWIX</attributes>
         <usage_details>
         </usage_details>
      </memory_area>
      <memory_area display="yes" color="green">
         <name>C2_I2C1</name>
         <page_id>0x1</page_id>
         <origin>0x4802a000</origin>
         <length>0x100</length>
         <used_space>0x0</used_space>
         <unused_space>0x100</unused_space>
         <attributes>RWIX</attributes>
         <usage_details>
         </usage_details>
      </memory_area>
      <memory_area display="yes" color="green">
         <name>C6_MCSPI0</name>
         <page_id>0x1</page_id>
         <origin>0x48030000</origin>
         <length>0x100</length>
         <used_space>0x0</used_space>
         <unused_space>0x100</unused_space>
         <attributes>RWIX</attributes>
         <usage_details>
         </usage_details>
      </memory_area>
      <memory_area display="yes" color="green">
         <name>C1_DMTIMER2</name>
         <page_id>0x1</page_id>
         <origin>0x48040000</origin>
         <length>0x100</length>
         <used_space>0x0</used_space>
         <unused_space>0x100</unused_space>
         <attributes>RWIX</attributes>
         <usage_details>
         </usage_details>
      </memory_area>
      <memory_area display="yes" color="green">
         <name>C5_MMCHS0</name>
         <page_id>0x1</page_id>
         <origin>0x48060000</origin>
         <length>0x100</length>
         <used_space>0x0</used_space>
         <unused_space>0x100</unused_space>
         <attributes>RWIX</attributes>
         <usage_details>
         </usage_details>
      </memory_area>
      <memory_area display="yes" color="green">
         <name>C22_MBX0</name>
         <page_id>0x1</page_id>
         <origin>0x480c8000</origin>
         <length>0x100</length>
         <used_space>0x0</used_space>
         <unused_space>0x100</unused_space>
         <attributes>RWIX</attributes>
         <usage_details>
         </usage_details>
      </memory_area>
      <memory_area display="yes" color="green">
         <name>C23_SPINLOCK</name>
         <page_id>0x1</page_id>
         <origin>0x480ca000</origin>
         <length>0x100</length>
         <used_space>0x0</used_space>
         <unused_space>0x100</unused_space>
         <attributes>RWIX</attributes>
         <usage_details>
         </usage_details>
      </memory_area>
      <memory_area display="yes" color="green">
         <name>C17_I2C2</name>
         <page_id>0x1</page_id>
         <origin>0x4819c000</origin>
         <length>0x100</length>
         <used_space>0x0</used_space>
         <unused_space>0x100</unused_space>
         <attributes>RWIX</attributes>
         <usage_details>
         </usage_details>
      </memory_area>
      <memory_area display="yes" color="green">
         <name>C16_MCSPI1</name>
         <page_id>0x1</page_id>
         <origin>0x481a0000</origin>
         <length>0x100</length>
         <used_space>0x0</used_space>
         <unused_space>0x100</unused_space>
         <attributes>RWIX</attributes>
         <usage_details>
         </usage_details>
      </memory_area>
      <memory_area display="yes" color="green">
         <name>C14_DCAN0</name>
         <page_id>0x1</page_id>
         <origin>0x481cc000</origin>
         <length>0x100</length>
         <used_space>0x0</used_space>
         <unused_space>0x100</unused_space>
         <attributes>RWIX</attributes>
         <usage_details>
         </usage_details>
      </memory_area>
      <memory_area display="yes" color="green">
         <name>C15_DCAN1</name>
         <page_id>0x1</page_id>
         <origin>0x481d0000</origin>
         <length>0x100</length>
         <used_space>0x0</used_space>
         <unused_space>0x100</unused_space>
         <attributes>RWIX</attributes>
         <usage_details>
         </usage_details>
      </memory_area>
      <memory_area display="yes" color="green">
         <name>C18_EHRPWM1</name>
         <page_id>0x1</page_id>
         <origin>0x48300000</origin>
         <length>0x100</length>
         <used_space>0x0</used_space>
         <unused_space>0x100</unused_space>
         <attributes>RWIX</attributes>
         <usage_details>
         </usage_details>
      </memory_area>
      <memory_area display="yes" color="green">
         <name>C19_EHRPWM2</name>
         <page_id>0x1</page_id>
         <origin>0x48302000</origin>
         <length>0x100</length>
         <used_space>0x0</used_space>
         <unused_space>0x100</unused_space>
         <attributes>RWIX</attributes>
         <usage_details>
         </usage_details>
      </memory_area>
      <memory_area display="yes" color="green">
         <name>C20_EHRPWM3</name>
         <page_id>0x1</page_id>
         <origin>0x48304000</origin>
         <length>0x100</length>
         <used_space>0x0</used_space>
         <unused_space>0x100</unused_space>
         <attributes>RWIX</attributes>
         <usage_details>
         </usage_details>
      </memory_area>
      <memory_area display="yes" color="green">
         <name>C13_RSVD</name>
         <page_id>0x1</page_id>
         <origin>0x48310000</origin>
         <length>0x100</length>
         <used_space>0x0</used_space>
         <unused_space>0x100</unused_space>
         <attributes>RWIX</attributes>
         <usage_details>
         </usage_details>
      </memory_area>
      <memory_area display="yes" color="green">
         <name>C10_RSVD</name>
         <page_id>0x1</page_id>
         <origin>0x48318000</origin>
         <length>0x100</length>
         <used_space>0x0</used_space>
         <unused_space>0x100</unused_space>
         <attributes>RWIX</attributes>
         <usage_details>
         </usage_details>
      </memory_area>
      <memory_area display="yes" color="green">
         <name>C9_GEMAC</name>
         <page_id>0x1</page_id>
         <origin>0x4a100000</origin>
         <length>0x100</length>
         <used_space>0x0</used_space>
         <unused_space>0x100</unused_space>
         <attributes>RWIX</attributes>
         <usage_details>
         </usage_details>
      </memory_area>
      <memory_area display="yes" color="green">
         <name>C31_DDR</name>
         <page_id>0x1</page_id>
         <origin>0x80000000</origin>
         <length>0x100</length>
         <used_space>0x0</used_space>
         <unused_space>0x100</unused_space>
         <attributes>RWIX</attributes>
         <usage_details>
         </usage_details>
      </memory_area>
   </placement_map>
   <symbol_table>
      <symbol id="sm-1">
         <name>__PRU_CREG_C0_INTC</name>
         <value>0x0</value>
      </symbol>
      <symbol id="sm-2">
         <name>__PRU_CREG_BASE_C0_INTC</name>
         <value>0x20000</value>
      </symbol>
      <symbol id="sm-3">
         <name>__PRU_CREG_C4_CFG</name>
         <value>0x4</value>
      </symbol>
      <symbol id="sm-4">
         <name>__PRU_CREG_BASE_C4_CFG</name>
         <value>0x26000</value>
      </symbol>
      <symbol id="sm-5">
         <name>__PRU_CREG_C7_UART0</name>
         <value>0x7</value>
      </symbol>
      <symbol id="sm-6">
         <name>__PRU_CREG_BASE_C7_UART0</name>
         <value>0x28000</value>
      </symbol>
      <symbol id="sm-7">
         <name>__PRU_CREG_C26_IEP</name>
         <value>0x1a</value>
      </symbol>
      <symbol id="sm-8">
         <name>__PRU_CREG_BASE_C26_IEP</name>
         <value>0x2e000</value>
      </symbol>
      <symbol id="sm-9">
         <name>__PRU_CREG_C3_ECAP</name>
         <value>0x3</value>
      </symbol>
      <symbol id="sm-a">
         <name>__PRU_CREG_BASE_C3_ECAP</name>
         <value>0x30000</value>
      </symbol>
      <symbol id="sm-b">
         <name>__PRU_CREG_C21_MDIO</name>
         <value>0x15</value>
      </symbol>
      <symbol id="sm-c">
         <name>__PRU_CREG_BASE_C21_MDIO</name>
         <value>0x32400</value>
      </symbol>
      <symbol id="sm-d">
         <name>__PRU_CREG_C8_MCASP0_DMA</name>
         <value>0x8</value>
      </symbol>
      <symbol id="sm-e">
         <name>__PRU_CREG_BASE_C8_MCASP0_DMA</name>
         <value>0x46000000</value>
      </symbol>
      <symbol id="sm-f">
         <name>__PRU_CREG_C11_UART1</name>
         <value>0xb</value>
      </symbol>
      <symbol id="sm-10">
         <name>__PRU_CREG_BASE_C11_UART1</name>
         <value>0x48022000</value>
      </symbol>
      <symbol id="sm-11">
         <name>__PRU_CREG_C12_UART2</name>
         <value>0xc</value>
      </symbol>
      <symbol id="sm-12">
         <name>__PRU_CREG_BASE_C12_UART2</name>
         <value>0x48024000</value>
      </symbol>
      <symbol id="sm-13">
         <name>__PRU_CREG_C2_I2C1</name>
         <value>0x2</value>
      </symbol>
      <symbol id="sm-14">
         <name>__PRU_CREG_BASE_C2_I2C1</name>
         <value>0x4802a000</value>
      </symbol>
      <symbol id="sm-15">
         <name>__PRU_CREG_C6_MCSPI0</name>
         <value>0x6</value>
      </symbol>
      <symbol id="sm-16">
         <name>__PRU_CREG_BASE_C6_MCSPI0</name>
         <value>0x48030000</value>
      </symbol>
      <symbol id="sm-17">
         <name>__PRU_CREG_C1_DMTIMER2</name>
         <value>0x1</value>
      </symbol>
      <symbol id="sm-18">
         <name>__PRU_CREG_BASE_C1_DMTIMER2</name>
         <value>0x48040000</value>
      </symbol>
      <symbol id="sm-19">
         <name>__PRU_CREG_C5_MMCHS0</name>
         <value>0x5</value>
      </symbol>
      <symbol id="sm-1a">
         <name>__PRU_CREG_BASE_C5_MMCHS0</name>
         <value>0x48060000</value>
      </symbol>
      <symbol id="sm-1b">
         <name>__PRU_CREG_C22_MBX0</name>
         <value>0x16</value>
      </symbol>
      <symbol id="sm-1c">
         <name>__PRU_CREG_BASE_C22_MBX0</name>
         <value>0x480c8000</value>
      </symbol>
      <symbol id="sm-1d">
         <name>__PRU_CREG_C23_SPINLOCK</name>
         <value>0x17</value>
      </symbol>
      <symbol id="sm-1e">
         <name>__PRU_CREG_BASE_C23_SPINLOCK</name>
         <value>0x480ca000</value>
      </symbol>
      <symbol id="sm-1f">
         <name>__PRU_CREG_C17_I2C2</name>
         <value>0x11</value>
      </symbol>
      <symbol id="sm-20">
         <name>__PRU_CREG_BASE_C17_I2C2</name>
         <value>0x4819c000</value>
      </symbol>
      <symbol id="sm-21">
         <name>__PRU_CREG_C16_MCSPI1</name>
         <value>0x10</value>
      </symbol>
      <symbol id="sm-22">
         <name>__PRU_CREG_BASE_C16_MCSPI1</name>
         <value>0x481a0000</value>
      </symbol>
      <symbol id="sm-23">
         <name>__PRU_CREG_C14_DCAN0</name>
         <value>0xe</value>
      </symbol>
      <symbol id="sm-24">
         <name>__PRU_CREG_BASE_C14_DCAN0</name>
         <value>0x481cc000</value>
      </symbol>
      <symbol id="sm-25">
         <name>__PRU_CREG_C15_DCAN1</name>
         <value>0xf</value>
      </symbol>
      <symbol id="sm-26">
         <name>__PRU_CREG_BASE_C15_DCAN1</name>
         <value>0x481d0000</value>
      </symbol>
      <symbol id="sm-27">
         <name>__PRU_CREG_C18_EHRPWM1</name>
         <value>0x12</value>
      </symbol>
      <symbol id="sm-28">
         <name>__PRU_CREG_BASE_C18_EHRPWM1</name>
         <value>0x48300000</value>
      </symbol>
      <symbol id="sm-29">
         <name>__PRU_CREG_C19_EHRPWM2</name>
         <value>0x13</value>
      </symbol>
      <symbol id="sm-2a">
         <name>__PRU_CREG_BASE_C19_EHRPWM2</name>
         <value>0x48302000</value>
      </symbol>
      <symbol id="sm-2b">
         <name>__PRU_CREG_C20_EHRPWM3</name>
         <value>0x14</value>
      </symbol>
      <symbol id="sm-2c">
         <name>__PRU_CREG_BASE_C20_EHRPWM3</name>
         <value>0x48304000</value>
      </symbol>
      <symbol id="sm-2d">
         <name>__PRU_CREG_C13_RSVD</name>
         <value>0xd</value>
      </symbol>
      <symbol id="sm-2e">
         <name>__PRU_CREG_BASE_C13_RSVD</name>
         <value>0x48310000</value>
      </symbol>
      <symbol id="sm-2f">
         <name>__PRU_CREG_C10_RSVD</name>
         <value>0xa</value>
      </symbol>
      <symbol id="sm-30">
         <name>__PRU_CREG_BASE_C10_RSVD</name>
         <value>0x48318000</value>
      </symbol>
      <symbol id="sm-31">
         <name>__PRU_CREG_C9_GEMAC</name>
         <value>0x9</value>
      </symbol>
      <symbol id="sm-32">
         <name>__PRU_CREG_BASE_C9_GEMAC</name>
         <value>0x4a100000</value>
      </symbol>
      <symbol id="sm-33">
         <name>__PRU_CREG_C31_DDR</name>
         <value>0x1f</value>
      </symbol>
      <symbol id="sm-34">
         <name>__PRU_CREG_BASE_C31_DDR</name>
         <value>0x80000000</value>
      </symbol>
      <symbol id="sm-35">
         <name>binit</name>
         <value>0xffffffff</value>
      </symbol>
      <symbol id="sm-36">
         <name>__binit__</name>
         <value>0xffffffff</value>
      </symbol>
      <symbol id="sm-37">
         <name>__TI_STACK_SIZE</name>
         <value>0x100</value>
      </symbol>
      <symbol id="sm-38">
         <name>__TI_STACK_END</name>
         <value>0x100</value>
      </symbol>
      <symbol id="sm-39">
         <name>__c_args__</name>
         <value>0xffffffff</value>
      </symbol>
      <symbol id="sm-102">
         <name>configIntc</name>
         <value>0x0</value>
         <object_component_ref idref="oc-7a"/>
      </symbol>
      <symbol id="sm-103">
         <name>pru_intc_map</name>
         <value>0x17c</value>
         <object_component_ref idref="oc-57"/>
      </symbol>
      <symbol id="sm-104">
         <name>main</name>
         <value>0x7c</value>
         <object_component_ref idref="oc-47"/>
      </symbol>
      <symbol id="sm-105">
         <name>CT_INTC</name>
         <value>0x20000</value>
         <object_component_ref idref="oc-af"/>
      </symbol>
      <symbol id="sm-106">
         <name>CT_CFG</name>
         <value>0x26000</value>
         <object_component_ref idref="oc-77"/>
      </symbol>
      <symbol id="sm-107">
         <name>am335x_pru_remoteproc_ResourceTable</name>
         <value>0x100</value>
         <object_component_ref idref="oc-2e"/>
      </symbol>
      <symbol id="sm-110">
         <name>_stack</name>
         <value>0x0</value>
         <object_component_ref idref="oc-31"/>
      </symbol>
      <symbol id="sm-11a">
         <name>_c_int00_noinit_noargs_noexit</name>
         <value>0xb4</value>
         <object_component_ref idref="oc-28"/>
      </symbol>
      <symbol id="sm-12d">
         <name>C$$EXIT</name>
         <value>0xd0</value>
         <object_component_ref idref="oc-81"/>
      </symbol>
      <symbol id="sm-12e">
         <name>abort</name>
         <value>0xc8</value>
         <object_component_ref idref="oc-4e"/>
      </symbol>
   </symbol_table>
   <title>Link successful</title>
</link_info>
