<?xml version="1.0"?>
<link_info>
   <banner>PRU Linker Unix v2.0.0B2</banner>
   <copyright>Copyright (c) 2012-2014 Texas Instruments Incorporated</copyright>
   <link_time>0x53a320ed</link_time>
   <link_errors>0x0</link_errors>
   <output_file>PRU_mem1DTransfer.out</output_file>
   <entry_point>
      <name>_c_int00_noinit_noargs_noexit</name>
      <address>0x0</address>
   </entry_point>
   <input_file_list>
      <input_file id="fl-2">
         <path>./</path>
         <kind>object</kind>
         <file>PRU_mem1DTransfer.obj</file>
         <name>PRU_mem1DTransfer.obj</name>
      </input_file>
      <input_file id="fl-14">
         <path>/opt/ti/ga/ccsv6/tools/compiler/pru_2.0.0B2/lib/</path>
         <kind>archive</kind>
         <file>rtspruv3_le.lib</file>
         <name>boot.obj</name>
      </input_file>
      <input_file id="fl-15">
         <path>/opt/ti/ga/ccsv6/tools/compiler/pru_2.0.0B2/lib/</path>
         <kind>archive</kind>
         <file>rtspruv3_le.lib</file>
         <name>boot_special.obj</name>
      </input_file>
      <input_file id="fl-16">
         <path>/opt/ti/ga/ccsv6/tools/compiler/pru_2.0.0B2/lib/</path>
         <kind>archive</kind>
         <file>rtspruv3_le.lib</file>
         <name>exit.obj</name>
      </input_file>
      <input_file id="fl-17">
         <path>/opt/ti/ga/ccsv6/tools/compiler/pru_2.0.0B2/lib/</path>
         <kind>archive</kind>
         <file>rtspruv3_le.lib</file>
         <name>_lock.obj</name>
      </input_file>
      <input_file id="fl-18">
         <path>/opt/ti/ga/ccsv6/tools/compiler/pru_2.0.0B2/lib/</path>
         <kind>archive</kind>
         <file>rtspruv3_le.lib</file>
         <name>args_main.obj</name>
      </input_file>
      <input_file id="fl-19">
         <path>/opt/ti/ga/ccsv6/tools/compiler/pru_2.0.0B2/lib/</path>
         <kind>archive</kind>
         <file>rtspruv3_le.lib</file>
         <name>autoinit.obj</name>
      </input_file>
   </input_file_list>
   <object_component_list>
      <object_component id="oc-29">
         <name>.text:_c_int00_noinit_noargs_noexit</name>
         <load_address>0x0</load_address>
         <run_address>0x0</run_address>
         <size>0x14</size>
         <input_file_ref idref="fl-15"/>
      </object_component>
      <object_component id="oc-45">
         <name>.text:main</name>
         <load_address>0x14</load_address>
         <run_address>0x14</run_address>
         <size>0xa4</size>
         <input_file_ref idref="fl-2"/>
      </object_component>
      <object_component id="oc-4c">
         <name>.text:abort</name>
         <load_address>0xb8</load_address>
         <run_address>0xb8</run_address>
         <size>0x8</size>
         <input_file_ref idref="fl-16"/>
      </object_component>
      <object_component id="oc-80">
         <name>.text:loader_exit</name>
         <load_address>0xc0</load_address>
         <run_address>0xc0</run_address>
         <size>0x8</size>
         <input_file_ref idref="fl-16"/>
      </object_component>
      <object_component id="oc-2f">
         <name>.stack</name>
         <uninitialized>true</uninitialized>
         <run_address>0x0</run_address>
         <size>0x4</size>
         <input_file_ref idref="fl-14"/>
      </object_component>
      <object_component id="oc-1d5">
         <name>.stack</name>
         <uninitialized>true</uninitialized>
         <run_address>0x0</run_address>
         <size>0x0</size>
      </object_component>
      <object_component id="oc-71">
         <name>.bss</name>
         <uninitialized>true</uninitialized>
         <run_address>0x100</run_address>
         <size>0xc</size>
         <input_file_ref idref="fl-2"/>
      </object_component>
      <object_component id="oc-6e">
         <name>.PRU0_CTRL</name>
         <uninitialized>true</uninitialized>
         <run_address>0x22000</run_address>
         <size>0x30</size>
         <input_file_ref idref="fl-2"/>
      </object_component>
      <object_component id="oc-6b">
         <name>.creg.CFG.noload.near</name>
         <uninitialized>true</uninitialized>
         <run_address>0x26000</run_address>
         <size>0x44</size>
         <input_file_ref idref="fl-2"/>
      </object_component>
      <object_component id="oc-7a">
         <name>.debug_info</name>
         <load_address>0x0</load_address>
         <run_address>0x0</run_address>
         <size>0x6be</size>
         <input_file_ref idref="fl-2"/>
      </object_component>
      <object_component id="oc-6c">
         <name>.debug_info</name>
         <load_address>0x6be</load_address>
         <run_address>0x6be</run_address>
         <size>0xea</size>
         <input_file_ref idref="fl-2"/>
      </object_component>
      <object_component id="oc-6f">
         <name>.debug_info</name>
         <load_address>0x7a8</load_address>
         <run_address>0x7a8</run_address>
         <size>0xf0</size>
         <input_file_ref idref="fl-2"/>
      </object_component>
      <object_component id="oc-72">
         <name>.debug_info</name>
         <load_address>0x898</load_address>
         <run_address>0x898</run_address>
         <size>0xea</size>
         <input_file_ref idref="fl-2"/>
      </object_component>
      <object_component id="oc-46">
         <name>.debug_info</name>
         <load_address>0x982</load_address>
         <run_address>0x982</run_address>
         <size>0x17e</size>
         <input_file_ref idref="fl-2"/>
      </object_component>
      <object_component id="oc-b1">
         <name>.debug_info</name>
         <load_address>0xb00</load_address>
         <run_address>0xb00</run_address>
         <size>0xb36</size>
         <input_file_ref idref="fl-2"/>
      </object_component>
      <object_component id="oc-a8">
         <name>.debug_info</name>
         <load_address>0x1636</load_address>
         <run_address>0x1636</run_address>
         <size>0x556</size>
         <input_file_ref idref="fl-2"/>
      </object_component>
      <object_component id="oc-75">
         <name>.debug_info</name>
         <load_address>0x1b8c</load_address>
         <run_address>0x1b8c</run_address>
         <size>0x72</size>
         <input_file_ref idref="fl-2"/>
      </object_component>
      <object_component id="oc-57">
         <name>.debug_info</name>
         <load_address>0x1bfe</load_address>
         <run_address>0x1bfe</run_address>
         <size>0x84</size>
         <input_file_ref idref="fl-2"/>
      </object_component>
      <object_component id="oc-7b">
         <name>.debug_info</name>
         <load_address>0x1c82</load_address>
         <run_address>0x1c82</run_address>
         <size>0x39</size>
         <input_file_ref idref="fl-2"/>
      </object_component>
      <object_component id="oc-30">
         <name>.debug_info</name>
         <load_address>0x1cbb</load_address>
         <run_address>0x1cbb</run_address>
         <size>0xd4</size>
         <input_file_ref idref="fl-14"/>
      </object_component>
      <object_component id="oc-2a">
         <name>.debug_info</name>
         <load_address>0x1d8f</load_address>
         <run_address>0x1d8f</run_address>
         <size>0x15a</size>
         <input_file_ref idref="fl-15"/>
      </object_component>
      <object_component id="oc-81">
         <name>.debug_info</name>
         <load_address>0x1ee9</load_address>
         <run_address>0x1ee9</run_address>
         <size>0x10c</size>
         <input_file_ref idref="fl-16"/>
      </object_component>
      <object_component id="oc-4d">
         <name>.debug_info</name>
         <load_address>0x1ff5</load_address>
         <run_address>0x1ff5</run_address>
         <size>0x10d</size>
         <input_file_ref idref="fl-16"/>
      </object_component>
      <object_component id="oc-1d6">
         <name>.debug_info</name>
         <load_address>0x2102</load_address>
         <run_address>0x2102</run_address>
         <size>0xb5</size>
      </object_component>
      <object_component id="oc-b0">
         <name>.debug_line</name>
         <load_address>0x0</load_address>
         <run_address>0x0</run_address>
         <size>0x20</size>
         <input_file_ref idref="fl-2"/>
      </object_component>
      <object_component id="oc-a5">
         <name>.debug_line</name>
         <load_address>0x20</load_address>
         <run_address>0x20</run_address>
         <size>0x3a</size>
         <input_file_ref idref="fl-2"/>
      </object_component>
      <object_component id="oc-a7">
         <name>.debug_line</name>
         <load_address>0x5a</load_address>
         <run_address>0x5a</run_address>
         <size>0x3a</size>
         <input_file_ref idref="fl-2"/>
      </object_component>
      <object_component id="oc-ae">
         <name>.debug_line</name>
         <load_address>0x94</load_address>
         <run_address>0x94</run_address>
         <size>0x3a</size>
         <input_file_ref idref="fl-2"/>
      </object_component>
      <object_component id="oc-49">
         <name>.debug_line</name>
         <load_address>0xce</load_address>
         <run_address>0xce</run_address>
         <size>0x63</size>
         <input_file_ref idref="fl-2"/>
      </object_component>
      <object_component id="oc-b4">
         <name>.debug_line</name>
         <load_address>0x131</load_address>
         <run_address>0x131</run_address>
         <size>0x3d</size>
         <input_file_ref idref="fl-2"/>
      </object_component>
      <object_component id="oc-ab">
         <name>.debug_line</name>
         <load_address>0x16e</load_address>
         <run_address>0x16e</run_address>
         <size>0x3e</size>
         <input_file_ref idref="fl-2"/>
      </object_component>
      <object_component id="oc-78">
         <name>.debug_line</name>
         <load_address>0x1ac</load_address>
         <run_address>0x1ac</run_address>
         <size>0x3a</size>
         <input_file_ref idref="fl-2"/>
      </object_component>
      <object_component id="oc-5a">
         <name>.debug_line</name>
         <load_address>0x1e6</load_address>
         <run_address>0x1e6</run_address>
         <size>0x20</size>
         <input_file_ref idref="fl-2"/>
      </object_component>
      <object_component id="oc-7e">
         <name>.debug_line</name>
         <load_address>0x206</load_address>
         <run_address>0x206</run_address>
         <size>0x60</size>
         <input_file_ref idref="fl-2"/>
      </object_component>
      <object_component id="oc-56">
         <name>.debug_line</name>
         <load_address>0x266</load_address>
         <run_address>0x266</run_address>
         <size>0x2a</size>
         <input_file_ref idref="fl-14"/>
      </object_component>
      <object_component id="oc-2d">
         <name>.debug_line</name>
         <load_address>0x290</load_address>
         <run_address>0x290</run_address>
         <size>0x47</size>
         <input_file_ref idref="fl-15"/>
      </object_component>
      <object_component id="oc-84">
         <name>.debug_line</name>
         <load_address>0x2d7</load_address>
         <run_address>0x2d7</run_address>
         <size>0x37</size>
         <input_file_ref idref="fl-16"/>
      </object_component>
      <object_component id="oc-50">
         <name>.debug_line</name>
         <load_address>0x30e</load_address>
         <run_address>0x30e</run_address>
         <size>0x3b</size>
         <input_file_ref idref="fl-16"/>
      </object_component>
      <object_component id="oc-4a">
         <name>.debug_frame</name>
         <load_address>0x0</load_address>
         <run_address>0x0</run_address>
         <size>0x139</size>
         <input_file_ref idref="fl-2"/>
      </object_component>
      <object_component id="oc-2e">
         <name>.debug_frame</name>
         <load_address>0x139</load_address>
         <run_address>0x139</run_address>
         <size>0x132</size>
         <input_file_ref idref="fl-15"/>
      </object_component>
      <object_component id="oc-85">
         <name>.debug_frame</name>
         <load_address>0x26b</load_address>
         <run_address>0x26b</run_address>
         <size>0x133</size>
         <input_file_ref idref="fl-16"/>
      </object_component>
      <object_component id="oc-51">
         <name>.debug_frame</name>
         <load_address>0x39e</load_address>
         <run_address>0x39e</run_address>
         <size>0x133</size>
         <input_file_ref idref="fl-16"/>
      </object_component>
      <object_component id="oc-af">
         <name>.debug_abbrev</name>
         <load_address>0x0</load_address>
         <run_address>0x0</run_address>
         <size>0x50</size>
         <input_file_ref idref="fl-2"/>
      </object_component>
      <object_component id="oc-a4">
         <name>.debug_abbrev</name>
         <load_address>0x50</load_address>
         <run_address>0x50</run_address>
         <size>0x29</size>
         <input_file_ref idref="fl-2"/>
      </object_component>
      <object_component id="oc-a6">
         <name>.debug_abbrev</name>
         <load_address>0x79</load_address>
         <run_address>0x79</run_address>
         <size>0x29</size>
         <input_file_ref idref="fl-2"/>
      </object_component>
      <object_component id="oc-ad">
         <name>.debug_abbrev</name>
         <load_address>0xa2</load_address>
         <run_address>0xa2</run_address>
         <size>0x29</size>
         <input_file_ref idref="fl-2"/>
      </object_component>
      <object_component id="oc-74">
         <name>.debug_abbrev</name>
         <load_address>0xcb</load_address>
         <run_address>0xcb</run_address>
         <size>0x5e</size>
         <input_file_ref idref="fl-2"/>
      </object_component>
      <object_component id="oc-b3">
         <name>.debug_abbrev</name>
         <load_address>0x129</load_address>
         <run_address>0x129</run_address>
         <size>0x88</size>
         <input_file_ref idref="fl-2"/>
      </object_component>
      <object_component id="oc-aa">
         <name>.debug_abbrev</name>
         <load_address>0x1b1</load_address>
         <run_address>0x1b1</run_address>
         <size>0x88</size>
         <input_file_ref idref="fl-2"/>
      </object_component>
      <object_component id="oc-77">
         <name>.debug_abbrev</name>
         <load_address>0x239</load_address>
         <run_address>0x239</run_address>
         <size>0x49</size>
         <input_file_ref idref="fl-2"/>
      </object_component>
      <object_component id="oc-59">
         <name>.debug_abbrev</name>
         <load_address>0x282</load_address>
         <run_address>0x282</run_address>
         <size>0x1f</size>
         <input_file_ref idref="fl-2"/>
      </object_component>
      <object_component id="oc-7d">
         <name>.debug_abbrev</name>
         <load_address>0x2a1</load_address>
         <run_address>0x2a1</run_address>
         <size>0x24</size>
         <input_file_ref idref="fl-2"/>
      </object_component>
      <object_component id="oc-55">
         <name>.debug_abbrev</name>
         <load_address>0x2c5</load_address>
         <run_address>0x2c5</run_address>
         <size>0x29</size>
         <input_file_ref idref="fl-14"/>
      </object_component>
      <object_component id="oc-54">
         <name>.debug_abbrev</name>
         <load_address>0x2ee</load_address>
         <run_address>0x2ee</run_address>
         <size>0x55</size>
         <input_file_ref idref="fl-15"/>
      </object_component>
      <object_component id="oc-b6">
         <name>.debug_abbrev</name>
         <load_address>0x343</load_address>
         <run_address>0x343</run_address>
         <size>0x51</size>
         <input_file_ref idref="fl-16"/>
      </object_component>
      <object_component id="oc-86">
         <name>.debug_abbrev</name>
         <load_address>0x394</load_address>
         <run_address>0x394</run_address>
         <size>0x55</size>
         <input_file_ref idref="fl-16"/>
      </object_component>
      <object_component id="oc-1d7">
         <name>.debug_abbrev</name>
         <load_address>0x3e9</load_address>
         <run_address>0x3e9</run_address>
         <size>0xf</size>
      </object_component>
      <object_component id="oc-b5">
         <name>.debug_str</name>
         <load_address>0x0</load_address>
         <run_address>0x0</run_address>
         <size>0x5ce</size>
         <input_file_ref idref="fl-2"/>
      </object_component>
      <object_component id="oc-ac">
         <name>.debug_str</name>
         <load_address>0x5ce</load_address>
         <run_address>0x5ce</run_address>
         <size>0x2a4</size>
         <input_file_ref idref="fl-2"/>
      </object_component>
      <object_component id="oc-79">
         <name>.debug_str</name>
         <load_address>0x872</load_address>
         <run_address>0x872</run_address>
         <size>0xd3</size>
         <input_file_ref idref="fl-2"/>
      </object_component>
      <object_component id="oc-5b">
         <name>.debug_str</name>
         <load_address>0x945</load_address>
         <run_address>0x945</run_address>
         <size>0xf6</size>
         <input_file_ref idref="fl-2"/>
      </object_component>
      <object_component id="oc-7f">
         <name>.debug_str</name>
         <load_address>0xa3b</load_address>
         <run_address>0xa3b</run_address>
         <size>0xf2</size>
         <input_file_ref idref="fl-2"/>
      </object_component>
      <object_component id="oc-47">
         <name>.debug_aranges</name>
         <load_address>0x0</load_address>
         <run_address>0x0</run_address>
         <size>0x20</size>
         <input_file_ref idref="fl-2"/>
      </object_component>
      <object_component id="oc-2b">
         <name>.debug_aranges</name>
         <load_address>0x20</load_address>
         <run_address>0x20</run_address>
         <size>0x20</size>
         <input_file_ref idref="fl-15"/>
      </object_component>
      <object_component id="oc-82">
         <name>.debug_aranges</name>
         <load_address>0x40</load_address>
         <run_address>0x40</run_address>
         <size>0x20</size>
         <input_file_ref idref="fl-16"/>
      </object_component>
      <object_component id="oc-4e">
         <name>.debug_aranges</name>
         <load_address>0x60</load_address>
         <run_address>0x60</run_address>
         <size>0x20</size>
         <input_file_ref idref="fl-16"/>
      </object_component>
      <object_component id="oc-6d">
         <name>.debug_pubnames</name>
         <load_address>0x0</load_address>
         <run_address>0x0</run_address>
         <size>0x1d</size>
         <input_file_ref idref="fl-2"/>
      </object_component>
      <object_component id="oc-70">
         <name>.debug_pubnames</name>
         <load_address>0x1d</load_address>
         <run_address>0x1d</run_address>
         <size>0x20</size>
         <input_file_ref idref="fl-2"/>
      </object_component>
      <object_component id="oc-73">
         <name>.debug_pubnames</name>
         <load_address>0x3d</load_address>
         <run_address>0x3d</run_address>
         <size>0x1d</size>
         <input_file_ref idref="fl-2"/>
      </object_component>
      <object_component id="oc-48">
         <name>.debug_pubnames</name>
         <load_address>0x5a</load_address>
         <run_address>0x5a</run_address>
         <size>0x1b</size>
         <input_file_ref idref="fl-2"/>
      </object_component>
      <object_component id="oc-31">
         <name>.debug_pubnames</name>
         <load_address>0x75</load_address>
         <run_address>0x75</run_address>
         <size>0x1d</size>
         <input_file_ref idref="fl-14"/>
      </object_component>
      <object_component id="oc-2c">
         <name>.debug_pubnames</name>
         <load_address>0x92</load_address>
         <run_address>0x92</run_address>
         <size>0x34</size>
         <input_file_ref idref="fl-15"/>
      </object_component>
      <object_component id="oc-83">
         <name>.debug_pubnames</name>
         <load_address>0xc6</load_address>
         <run_address>0xc6</run_address>
         <size>0x22</size>
         <input_file_ref idref="fl-16"/>
      </object_component>
      <object_component id="oc-4f">
         <name>.debug_pubnames</name>
         <load_address>0xe8</load_address>
         <run_address>0xe8</run_address>
         <size>0x1c</size>
         <input_file_ref idref="fl-16"/>
      </object_component>
      <object_component id="oc-b2">
         <name>.debug_pubtypes</name>
         <load_address>0x0</load_address>
         <run_address>0x0</run_address>
         <size>0x1d</size>
         <input_file_ref idref="fl-2"/>
      </object_component>
      <object_component id="oc-a9">
         <name>.debug_pubtypes</name>
         <load_address>0x1d</load_address>
         <run_address>0x1d</run_address>
         <size>0x1e</size>
         <input_file_ref idref="fl-2"/>
      </object_component>
      <object_component id="oc-76">
         <name>.debug_pubtypes</name>
         <load_address>0x3b</load_address>
         <run_address>0x3b</run_address>
         <size>0x22</size>
         <input_file_ref idref="fl-2"/>
      </object_component>
      <object_component id="oc-58">
         <name>.debug_pubtypes</name>
         <load_address>0x5d</load_address>
         <run_address>0x5d</run_address>
         <size>0xed</size>
         <input_file_ref idref="fl-2"/>
      </object_component>
      <object_component id="oc-7c">
         <name>.debug_pubtypes</name>
         <load_address>0x14a</load_address>
         <run_address>0x14a</run_address>
         <size>0x2b</size>
         <input_file_ref idref="fl-2"/>
      </object_component>
   </object_component_list>
   <logical_group_list>
      <logical_group id="lg-2" display="no" color="cyan">
         <name>.text:_c_int00*</name>
         <load_address>0x0</load_address>
         <run_address>0x0</run_address>
         <size>0x14</size>
         <contents>
            <object_component_ref idref="oc-29"/>
         </contents>
      </logical_group>
      <logical_group id="lg-3" display="no" color="cyan">
         <name>.text</name>
         <load_address>0x14</load_address>
         <run_address>0x14</run_address>
         <size>0xb4</size>
         <contents>
            <object_component_ref idref="oc-45"/>
            <object_component_ref idref="oc-4c"/>
            <object_component_ref idref="oc-80"/>
         </contents>
      </logical_group>
      <logical_group id="lg-4" display="no" color="cyan">
         <name>.stack</name>
         <run_address>0x0</run_address>
         <size>0x100</size>
         <contents>
            <object_component_ref idref="oc-2f"/>
            <object_component_ref idref="oc-1d5"/>
         </contents>
      </logical_group>
      <logical_group id="lg-5" display="no" color="cyan">
         <name>.bss</name>
         <run_address>0x100</run_address>
         <size>0xc</size>
         <contents>
            <object_component_ref idref="oc-71"/>
         </contents>
      </logical_group>
      <logical_group id="lg-6" display="no" color="cyan">
         <name>.cio</name>
         <run_address>0x0</run_address>
         <size>0x0</size>
         <contents>
         </contents>
      </logical_group>
      <logical_group id="lg-7" display="no" color="cyan">
         <name>.data</name>
         <run_address>0x0</run_address>
         <size>0x0</size>
         <contents>
         </contents>
      </logical_group>
      <logical_group id="lg-8" display="no" color="cyan">
         <name>.switch</name>
         <run_address>0x0</run_address>
         <size>0x0</size>
         <contents>
         </contents>
      </logical_group>
      <logical_group id="lg-9" display="no" color="cyan">
         <name>.sysmem</name>
         <run_address>0x0</run_address>
         <size>0x0</size>
         <contents>
         </contents>
      </logical_group>
      <logical_group id="lg-a" display="no" color="cyan">
         <name>.cinit</name>
         <run_address>0x0</run_address>
         <size>0x0</size>
         <contents>
         </contents>
      </logical_group>
      <logical_group id="lg-b" display="no" color="cyan">
         <name>.rodata</name>
         <run_address>0x0</run_address>
         <size>0x0</size>
         <contents>
         </contents>
      </logical_group>
      <logical_group id="lg-c" display="no" color="cyan">
         <name>.rofardata</name>
         <run_address>0x0</run_address>
         <size>0x0</size>
         <contents>
         </contents>
      </logical_group>
      <logical_group id="lg-d" display="no" color="cyan">
         <name>.farbss</name>
         <run_address>0x0</run_address>
         <size>0x0</size>
         <contents>
         </contents>
      </logical_group>
      <logical_group id="lg-e" display="no" color="cyan">
         <name>.fardata</name>
         <run_address>0x0</run_address>
         <size>0x0</size>
         <contents>
         </contents>
      </logical_group>
      <logical_group id="lg-f" display="no" color="cyan">
         <name>.PRU0_CTRL</name>
         <run_address>0x22000</run_address>
         <size>0x30</size>
         <contents>
            <object_component_ref idref="oc-6e"/>
         </contents>
      </logical_group>
      <logical_group id="lg-bb" display="no" color="cyan">
         <name>.creg.INTC.noload.near</name>
         <run_address>0x0</run_address>
         <size>0x0</size>
         <contents>
         </contents>
      </logical_group>
      <logical_group id="lg-bc" display="no" color="cyan">
         <name>.creg.INTC.near</name>
         <run_address>0x0</run_address>
         <size>0x0</size>
         <contents>
         </contents>
      </logical_group>
      <logical_group id="lg-bd" display="no" color="cyan">
         <name>.creg.INTC.noload.far</name>
         <run_address>0x0</run_address>
         <size>0x0</size>
         <contents>
         </contents>
      </logical_group>
      <logical_group id="lg-be" display="no" color="cyan">
         <name>.creg.INTC.far</name>
         <run_address>0x0</run_address>
         <size>0x0</size>
         <contents>
         </contents>
      </logical_group>
      <logical_group id="lg-ba" display="no" color="cyan">
         <name>C0_GROUP</name>
         <run_address>0x0</run_address>
         <size>0x0</size>
         <contents>
            <logical_group_ref idref="lg-bb"/>
            <logical_group_ref idref="lg-bc"/>
            <logical_group_ref idref="lg-bd"/>
            <logical_group_ref idref="lg-be"/>
         </contents>
      </logical_group>
      <logical_group id="lg-c0" display="no" color="cyan">
         <name>.creg.CFG.noload.near</name>
         <run_address>0x26000</run_address>
         <size>0x44</size>
         <contents>
            <object_component_ref idref="oc-6b"/>
         </contents>
      </logical_group>
      <logical_group id="lg-c1" display="no" color="cyan">
         <name>.creg.CFG.near</name>
         <run_address>0x26044</run_address>
         <size>0x0</size>
         <contents>
         </contents>
      </logical_group>
      <logical_group id="lg-c2" display="no" color="cyan">
         <name>.creg.CFG.noload.far</name>
         <run_address>0x26044</run_address>
         <size>0x0</size>
         <contents>
         </contents>
      </logical_group>
      <logical_group id="lg-c3" display="no" color="cyan">
         <name>.creg.CFG.far</name>
         <run_address>0x26044</run_address>
         <size>0x0</size>
         <contents>
         </contents>
      </logical_group>
      <logical_group id="lg-bf" display="no" color="cyan">
         <name>C4_GROUP</name>
         <run_address>0x26000</run_address>
         <size>0x44</size>
         <contents>
            <logical_group_ref idref="lg-c0"/>
            <logical_group_ref idref="lg-c1"/>
            <logical_group_ref idref="lg-c2"/>
            <logical_group_ref idref="lg-c3"/>
         </contents>
      </logical_group>
      <logical_group id="lg-c5" display="no" color="cyan">
         <name>.creg.UART0.noload.near</name>
         <run_address>0x0</run_address>
         <size>0x0</size>
         <contents>
         </contents>
      </logical_group>
      <logical_group id="lg-c6" display="no" color="cyan">
         <name>.creg.UART0.near</name>
         <run_address>0x0</run_address>
         <size>0x0</size>
         <contents>
         </contents>
      </logical_group>
      <logical_group id="lg-c7" display="no" color="cyan">
         <name>.creg.UART0.noload.far</name>
         <run_address>0x0</run_address>
         <size>0x0</size>
         <contents>
         </contents>
      </logical_group>
      <logical_group id="lg-c8" display="no" color="cyan">
         <name>.creg.UART0.far</name>
         <run_address>0x0</run_address>
         <size>0x0</size>
         <contents>
         </contents>
      </logical_group>
      <logical_group id="lg-c4" display="no" color="cyan">
         <name>C7_GROUP</name>
         <run_address>0x0</run_address>
         <size>0x0</size>
         <contents>
            <logical_group_ref idref="lg-c5"/>
            <logical_group_ref idref="lg-c6"/>
            <logical_group_ref idref="lg-c7"/>
            <logical_group_ref idref="lg-c8"/>
         </contents>
      </logical_group>
      <logical_group id="lg-ca" display="no" color="cyan">
         <name>.creg.IEP.noload.near</name>
         <run_address>0x0</run_address>
         <size>0x0</size>
         <contents>
         </contents>
      </logical_group>
      <logical_group id="lg-cb" display="no" color="cyan">
         <name>.creg.IEP.near</name>
         <run_address>0x0</run_address>
         <size>0x0</size>
         <contents>
         </contents>
      </logical_group>
      <logical_group id="lg-cc" display="no" color="cyan">
         <name>.creg.IEP.noload.far</name>
         <run_address>0x0</run_address>
         <size>0x0</size>
         <contents>
         </contents>
      </logical_group>
      <logical_group id="lg-cd" display="no" color="cyan">
         <name>.creg.IEP.far</name>
         <run_address>0x0</run_address>
         <size>0x0</size>
         <contents>
         </contents>
      </logical_group>
      <logical_group id="lg-c9" display="no" color="cyan">
         <name>C26_GROUP</name>
         <run_address>0x0</run_address>
         <size>0x0</size>
         <contents>
            <logical_group_ref idref="lg-ca"/>
            <logical_group_ref idref="lg-cb"/>
            <logical_group_ref idref="lg-cc"/>
            <logical_group_ref idref="lg-cd"/>
         </contents>
      </logical_group>
      <logical_group id="lg-cf" display="no" color="cyan">
         <name>.creg.ECAP.noload.near</name>
         <run_address>0x0</run_address>
         <size>0x0</size>
         <contents>
         </contents>
      </logical_group>
      <logical_group id="lg-d0" display="no" color="cyan">
         <name>.creg.ECAP.near</name>
         <run_address>0x0</run_address>
         <size>0x0</size>
         <contents>
         </contents>
      </logical_group>
      <logical_group id="lg-d1" display="no" color="cyan">
         <name>.creg.ECAP.noload.far</name>
         <run_address>0x0</run_address>
         <size>0x0</size>
         <contents>
         </contents>
      </logical_group>
      <logical_group id="lg-d2" display="no" color="cyan">
         <name>.creg.ECAP.far</name>
         <run_address>0x0</run_address>
         <size>0x0</size>
         <contents>
         </contents>
      </logical_group>
      <logical_group id="lg-ce" display="no" color="cyan">
         <name>C3_GROUP</name>
         <run_address>0x0</run_address>
         <size>0x0</size>
         <contents>
            <logical_group_ref idref="lg-cf"/>
            <logical_group_ref idref="lg-d0"/>
            <logical_group_ref idref="lg-d1"/>
            <logical_group_ref idref="lg-d2"/>
         </contents>
      </logical_group>
      <logical_group id="lg-d4" display="no" color="cyan">
         <name>.creg.MDIO.noload.near</name>
         <run_address>0x0</run_address>
         <size>0x0</size>
         <contents>
         </contents>
      </logical_group>
      <logical_group id="lg-d5" display="no" color="cyan">
         <name>.creg.MDIO.near</name>
         <run_address>0x0</run_address>
         <size>0x0</size>
         <contents>
         </contents>
      </logical_group>
      <logical_group id="lg-d6" display="no" color="cyan">
         <name>.creg.MDIO.noload.far</name>
         <run_address>0x0</run_address>
         <size>0x0</size>
         <contents>
         </contents>
      </logical_group>
      <logical_group id="lg-d7" display="no" color="cyan">
         <name>.creg.MDIO.far</name>
         <run_address>0x0</run_address>
         <size>0x0</size>
         <contents>
         </contents>
      </logical_group>
      <logical_group id="lg-d3" display="no" color="cyan">
         <name>C21_GROUP</name>
         <run_address>0x0</run_address>
         <size>0x0</size>
         <contents>
            <logical_group_ref idref="lg-d4"/>
            <logical_group_ref idref="lg-d5"/>
            <logical_group_ref idref="lg-d6"/>
            <logical_group_ref idref="lg-d7"/>
         </contents>
      </logical_group>
      <logical_group id="lg-d9" display="no" color="cyan">
         <name>.creg.L3OCMC.noload.near</name>
         <run_address>0x0</run_address>
         <size>0x0</size>
         <contents>
         </contents>
      </logical_group>
      <logical_group id="lg-da" display="no" color="cyan">
         <name>.creg.L3OCMC.near</name>
         <run_address>0x0</run_address>
         <size>0x0</size>
         <contents>
         </contents>
      </logical_group>
      <logical_group id="lg-db" display="no" color="cyan">
         <name>.creg.L3OCMC.noload.far</name>
         <run_address>0x0</run_address>
         <size>0x0</size>
         <contents>
         </contents>
      </logical_group>
      <logical_group id="lg-dc" display="no" color="cyan">
         <name>.creg.L3OCMC.far</name>
         <run_address>0x0</run_address>
         <size>0x0</size>
         <contents>
         </contents>
      </logical_group>
      <logical_group id="lg-d8" display="no" color="cyan">
         <name>C30_GROUP</name>
         <run_address>0x0</run_address>
         <size>0x0</size>
         <contents>
            <logical_group_ref idref="lg-d9"/>
            <logical_group_ref idref="lg-da"/>
            <logical_group_ref idref="lg-db"/>
            <logical_group_ref idref="lg-dc"/>
         </contents>
      </logical_group>
      <logical_group id="lg-de" display="no" color="cyan">
         <name>.creg.MCASP0_DMA.noload.near</name>
         <run_address>0x0</run_address>
         <size>0x0</size>
         <contents>
         </contents>
      </logical_group>
      <logical_group id="lg-df" display="no" color="cyan">
         <name>.creg.MCASP0_DMA.near</name>
         <run_address>0x0</run_address>
         <size>0x0</size>
         <contents>
         </contents>
      </logical_group>
      <logical_group id="lg-e0" display="no" color="cyan">
         <name>.creg.MCASP0_DMA.noload.far</name>
         <run_address>0x0</run_address>
         <size>0x0</size>
         <contents>
         </contents>
      </logical_group>
      <logical_group id="lg-e1" display="no" color="cyan">
         <name>.creg.MCASP0_DMA.far</name>
         <run_address>0x0</run_address>
         <size>0x0</size>
         <contents>
         </contents>
      </logical_group>
      <logical_group id="lg-dd" display="no" color="cyan">
         <name>C8_GROUP</name>
         <run_address>0x0</run_address>
         <size>0x0</size>
         <contents>
            <logical_group_ref idref="lg-de"/>
            <logical_group_ref idref="lg-df"/>
            <logical_group_ref idref="lg-e0"/>
            <logical_group_ref idref="lg-e1"/>
         </contents>
      </logical_group>
      <logical_group id="lg-e3" display="no" color="cyan">
         <name>.creg.UART1.noload.near</name>
         <run_address>0x0</run_address>
         <size>0x0</size>
         <contents>
         </contents>
      </logical_group>
      <logical_group id="lg-e4" display="no" color="cyan">
         <name>.creg.UART1.near</name>
         <run_address>0x0</run_address>
         <size>0x0</size>
         <contents>
         </contents>
      </logical_group>
      <logical_group id="lg-e5" display="no" color="cyan">
         <name>.creg.UART1.noload.far</name>
         <run_address>0x0</run_address>
         <size>0x0</size>
         <contents>
         </contents>
      </logical_group>
      <logical_group id="lg-e6" display="no" color="cyan">
         <name>.creg.UART1.far</name>
         <run_address>0x0</run_address>
         <size>0x0</size>
         <contents>
         </contents>
      </logical_group>
      <logical_group id="lg-e2" display="no" color="cyan">
         <name>C11_GROUP</name>
         <run_address>0x0</run_address>
         <size>0x0</size>
         <contents>
            <logical_group_ref idref="lg-e3"/>
            <logical_group_ref idref="lg-e4"/>
            <logical_group_ref idref="lg-e5"/>
            <logical_group_ref idref="lg-e6"/>
         </contents>
      </logical_group>
      <logical_group id="lg-e8" display="no" color="cyan">
         <name>.creg.UART2.noload.near</name>
         <run_address>0x0</run_address>
         <size>0x0</size>
         <contents>
         </contents>
      </logical_group>
      <logical_group id="lg-e9" display="no" color="cyan">
         <name>.creg.UART2.near</name>
         <run_address>0x0</run_address>
         <size>0x0</size>
         <contents>
         </contents>
      </logical_group>
      <logical_group id="lg-ea" display="no" color="cyan">
         <name>.creg.UART2.noload.far</name>
         <run_address>0x0</run_address>
         <size>0x0</size>
         <contents>
         </contents>
      </logical_group>
      <logical_group id="lg-eb" display="no" color="cyan">
         <name>.creg.UART2.far</name>
         <run_address>0x0</run_address>
         <size>0x0</size>
         <contents>
         </contents>
      </logical_group>
      <logical_group id="lg-e7" display="no" color="cyan">
         <name>C12_GROUP</name>
         <run_address>0x0</run_address>
         <size>0x0</size>
         <contents>
            <logical_group_ref idref="lg-e8"/>
            <logical_group_ref idref="lg-e9"/>
            <logical_group_ref idref="lg-ea"/>
            <logical_group_ref idref="lg-eb"/>
         </contents>
      </logical_group>
      <logical_group id="lg-ed" display="no" color="cyan">
         <name>.creg.I2C1.noload.near</name>
         <run_address>0x0</run_address>
         <size>0x0</size>
         <contents>
         </contents>
      </logical_group>
      <logical_group id="lg-ee" display="no" color="cyan">
         <name>.creg.I2C1.near</name>
         <run_address>0x0</run_address>
         <size>0x0</size>
         <contents>
         </contents>
      </logical_group>
      <logical_group id="lg-ef" display="no" color="cyan">
         <name>.creg.I2C1.noload.far</name>
         <run_address>0x0</run_address>
         <size>0x0</size>
         <contents>
         </contents>
      </logical_group>
      <logical_group id="lg-f0" display="no" color="cyan">
         <name>.creg.I2C1.far</name>
         <run_address>0x0</run_address>
         <size>0x0</size>
         <contents>
         </contents>
      </logical_group>
      <logical_group id="lg-ec" display="no" color="cyan">
         <name>C2_GROUP</name>
         <run_address>0x0</run_address>
         <size>0x0</size>
         <contents>
            <logical_group_ref idref="lg-ed"/>
            <logical_group_ref idref="lg-ee"/>
            <logical_group_ref idref="lg-ef"/>
            <logical_group_ref idref="lg-f0"/>
         </contents>
      </logical_group>
      <logical_group id="lg-f2" display="no" color="cyan">
         <name>.creg.MCSPI0.noload.near</name>
         <run_address>0x0</run_address>
         <size>0x0</size>
         <contents>
         </contents>
      </logical_group>
      <logical_group id="lg-f3" display="no" color="cyan">
         <name>.creg.MCSPI0.near</name>
         <run_address>0x0</run_address>
         <size>0x0</size>
         <contents>
         </contents>
      </logical_group>
      <logical_group id="lg-f4" display="no" color="cyan">
         <name>.creg.MCSPI0.noload.far</name>
         <run_address>0x0</run_address>
         <size>0x0</size>
         <contents>
         </contents>
      </logical_group>
      <logical_group id="lg-f5" display="no" color="cyan">
         <name>.creg.MCSPI0.far</name>
         <run_address>0x0</run_address>
         <size>0x0</size>
         <contents>
         </contents>
      </logical_group>
      <logical_group id="lg-f1" display="no" color="cyan">
         <name>C6_GROUP</name>
         <run_address>0x0</run_address>
         <size>0x0</size>
         <contents>
            <logical_group_ref idref="lg-f2"/>
            <logical_group_ref idref="lg-f3"/>
            <logical_group_ref idref="lg-f4"/>
            <logical_group_ref idref="lg-f5"/>
         </contents>
      </logical_group>
      <logical_group id="lg-f7" display="no" color="cyan">
         <name>.creg.DMTIMER2.noload.near</name>
         <run_address>0x0</run_address>
         <size>0x0</size>
         <contents>
         </contents>
      </logical_group>
      <logical_group id="lg-f8" display="no" color="cyan">
         <name>.creg.DMTIMER2.near</name>
         <run_address>0x0</run_address>
         <size>0x0</size>
         <contents>
         </contents>
      </logical_group>
      <logical_group id="lg-f9" display="no" color="cyan">
         <name>.creg.DMTIMER2.noload.far</name>
         <run_address>0x0</run_address>
         <size>0x0</size>
         <contents>
         </contents>
      </logical_group>
      <logical_group id="lg-fa" display="no" color="cyan">
         <name>.creg.DMTIMER2.far</name>
         <run_address>0x0</run_address>
         <size>0x0</size>
         <contents>
         </contents>
      </logical_group>
      <logical_group id="lg-f6" display="no" color="cyan">
         <name>C1_GROUP</name>
         <run_address>0x0</run_address>
         <size>0x0</size>
         <contents>
            <logical_group_ref idref="lg-f7"/>
            <logical_group_ref idref="lg-f8"/>
            <logical_group_ref idref="lg-f9"/>
            <logical_group_ref idref="lg-fa"/>
         </contents>
      </logical_group>
      <logical_group id="lg-fc" display="no" color="cyan">
         <name>.creg.MMCHS0.noload.near</name>
         <run_address>0x0</run_address>
         <size>0x0</size>
         <contents>
         </contents>
      </logical_group>
      <logical_group id="lg-fd" display="no" color="cyan">
         <name>.creg.MMCHS0.near</name>
         <run_address>0x0</run_address>
         <size>0x0</size>
         <contents>
         </contents>
      </logical_group>
      <logical_group id="lg-fe" display="no" color="cyan">
         <name>.creg.MMCHS0.noload.far</name>
         <run_address>0x0</run_address>
         <size>0x0</size>
         <contents>
         </contents>
      </logical_group>
      <logical_group id="lg-ff" display="no" color="cyan">
         <name>.creg.MMCHS0.far</name>
         <run_address>0x0</run_address>
         <size>0x0</size>
         <contents>
         </contents>
      </logical_group>
      <logical_group id="lg-fb" display="no" color="cyan">
         <name>C5_GROUP</name>
         <run_address>0x0</run_address>
         <size>0x0</size>
         <contents>
            <logical_group_ref idref="lg-fc"/>
            <logical_group_ref idref="lg-fd"/>
            <logical_group_ref idref="lg-fe"/>
            <logical_group_ref idref="lg-ff"/>
         </contents>
      </logical_group>
      <logical_group id="lg-101" display="no" color="cyan">
         <name>.creg.MBX0.noload.near</name>
         <run_address>0x0</run_address>
         <size>0x0</size>
         <contents>
         </contents>
      </logical_group>
      <logical_group id="lg-102" display="no" color="cyan">
         <name>.creg.MBX0.near</name>
         <run_address>0x0</run_address>
         <size>0x0</size>
         <contents>
         </contents>
      </logical_group>
      <logical_group id="lg-103" display="no" color="cyan">
         <name>.creg.MBX0.noload.far</name>
         <run_address>0x0</run_address>
         <size>0x0</size>
         <contents>
         </contents>
      </logical_group>
      <logical_group id="lg-104" display="no" color="cyan">
         <name>.creg.MBX0.far</name>
         <run_address>0x0</run_address>
         <size>0x0</size>
         <contents>
         </contents>
      </logical_group>
      <logical_group id="lg-100" display="no" color="cyan">
         <name>C22_GROUP</name>
         <run_address>0x0</run_address>
         <size>0x0</size>
         <contents>
            <logical_group_ref idref="lg-101"/>
            <logical_group_ref idref="lg-102"/>
            <logical_group_ref idref="lg-103"/>
            <logical_group_ref idref="lg-104"/>
         </contents>
      </logical_group>
      <logical_group id="lg-106" display="no" color="cyan">
         <name>.creg.SPINLOCK.noload.near</name>
         <run_address>0x0</run_address>
         <size>0x0</size>
         <contents>
         </contents>
      </logical_group>
      <logical_group id="lg-107" display="no" color="cyan">
         <name>.creg.SPINLOCK.near</name>
         <run_address>0x0</run_address>
         <size>0x0</size>
         <contents>
         </contents>
      </logical_group>
      <logical_group id="lg-108" display="no" color="cyan">
         <name>.creg.SPINLOCK.noload.far</name>
         <run_address>0x0</run_address>
         <size>0x0</size>
         <contents>
         </contents>
      </logical_group>
      <logical_group id="lg-109" display="no" color="cyan">
         <name>.creg.SPINLOCK.far</name>
         <run_address>0x0</run_address>
         <size>0x0</size>
         <contents>
         </contents>
      </logical_group>
      <logical_group id="lg-105" display="no" color="cyan">
         <name>C23_GROUP</name>
         <run_address>0x0</run_address>
         <size>0x0</size>
         <contents>
            <logical_group_ref idref="lg-106"/>
            <logical_group_ref idref="lg-107"/>
            <logical_group_ref idref="lg-108"/>
            <logical_group_ref idref="lg-109"/>
         </contents>
      </logical_group>
      <logical_group id="lg-10b" display="no" color="cyan">
         <name>.creg.I2C2.noload.near</name>
         <run_address>0x0</run_address>
         <size>0x0</size>
         <contents>
         </contents>
      </logical_group>
      <logical_group id="lg-10c" display="no" color="cyan">
         <name>.creg.I2C2.near</name>
         <run_address>0x0</run_address>
         <size>0x0</size>
         <contents>
         </contents>
      </logical_group>
      <logical_group id="lg-10d" display="no" color="cyan">
         <name>.creg.I2C2.noload.far</name>
         <run_address>0x0</run_address>
         <size>0x0</size>
         <contents>
         </contents>
      </logical_group>
      <logical_group id="lg-10e" display="no" color="cyan">
         <name>.creg.I2C2.far</name>
         <run_address>0x0</run_address>
         <size>0x0</size>
         <contents>
         </contents>
      </logical_group>
      <logical_group id="lg-10a" display="no" color="cyan">
         <name>C17_GROUP</name>
         <run_address>0x0</run_address>
         <size>0x0</size>
         <contents>
            <logical_group_ref idref="lg-10b"/>
            <logical_group_ref idref="lg-10c"/>
            <logical_group_ref idref="lg-10d"/>
            <logical_group_ref idref="lg-10e"/>
         </contents>
      </logical_group>
      <logical_group id="lg-110" display="no" color="cyan">
         <name>.creg.MCSPI1.noload.near</name>
         <run_address>0x0</run_address>
         <size>0x0</size>
         <contents>
         </contents>
      </logical_group>
      <logical_group id="lg-111" display="no" color="cyan">
         <name>.creg.MCSPI1.near</name>
         <run_address>0x0</run_address>
         <size>0x0</size>
         <contents>
         </contents>
      </logical_group>
      <logical_group id="lg-112" display="no" color="cyan">
         <name>.creg.MCSPI1.noload.far</name>
         <run_address>0x0</run_address>
         <size>0x0</size>
         <contents>
         </contents>
      </logical_group>
      <logical_group id="lg-113" display="no" color="cyan">
         <name>.creg.MCSPI1.far</name>
         <run_address>0x0</run_address>
         <size>0x0</size>
         <contents>
         </contents>
      </logical_group>
      <logical_group id="lg-10f" display="no" color="cyan">
         <name>C16_GROUP</name>
         <run_address>0x0</run_address>
         <size>0x0</size>
         <contents>
            <logical_group_ref idref="lg-110"/>
            <logical_group_ref idref="lg-111"/>
            <logical_group_ref idref="lg-112"/>
            <logical_group_ref idref="lg-113"/>
         </contents>
      </logical_group>
      <logical_group id="lg-115" display="no" color="cyan">
         <name>.creg.DCAN0.noload.near</name>
         <run_address>0x0</run_address>
         <size>0x0</size>
         <contents>
         </contents>
      </logical_group>
      <logical_group id="lg-116" display="no" color="cyan">
         <name>.creg.DCAN0.near</name>
         <run_address>0x0</run_address>
         <size>0x0</size>
         <contents>
         </contents>
      </logical_group>
      <logical_group id="lg-117" display="no" color="cyan">
         <name>.creg.DCAN0.noload.far</name>
         <run_address>0x0</run_address>
         <size>0x0</size>
         <contents>
         </contents>
      </logical_group>
      <logical_group id="lg-118" display="no" color="cyan">
         <name>.creg.DCAN0.far</name>
         <run_address>0x0</run_address>
         <size>0x0</size>
         <contents>
         </contents>
      </logical_group>
      <logical_group id="lg-114" display="no" color="cyan">
         <name>C14_GROUP</name>
         <run_address>0x0</run_address>
         <size>0x0</size>
         <contents>
            <logical_group_ref idref="lg-115"/>
            <logical_group_ref idref="lg-116"/>
            <logical_group_ref idref="lg-117"/>
            <logical_group_ref idref="lg-118"/>
         </contents>
      </logical_group>
      <logical_group id="lg-11a" display="no" color="cyan">
         <name>.creg.DCAN1.noload.near</name>
         <run_address>0x0</run_address>
         <size>0x0</size>
         <contents>
         </contents>
      </logical_group>
      <logical_group id="lg-11b" display="no" color="cyan">
         <name>.creg.DCAN1.near</name>
         <run_address>0x0</run_address>
         <size>0x0</size>
         <contents>
         </contents>
      </logical_group>
      <logical_group id="lg-11c" display="no" color="cyan">
         <name>.creg.DCAN1.noload.far</name>
         <run_address>0x0</run_address>
         <size>0x0</size>
         <contents>
         </contents>
      </logical_group>
      <logical_group id="lg-11d" display="no" color="cyan">
         <name>.creg.DCAN1.far</name>
         <run_address>0x0</run_address>
         <size>0x0</size>
         <contents>
         </contents>
      </logical_group>
      <logical_group id="lg-119" display="no" color="cyan">
         <name>C15_GROUP</name>
         <run_address>0x0</run_address>
         <size>0x0</size>
         <contents>
            <logical_group_ref idref="lg-11a"/>
            <logical_group_ref idref="lg-11b"/>
            <logical_group_ref idref="lg-11c"/>
            <logical_group_ref idref="lg-11d"/>
         </contents>
      </logical_group>
      <logical_group id="lg-11f" display="no" color="cyan">
         <name>.creg.EHRPWM1.noload.near</name>
         <run_address>0x0</run_address>
         <size>0x0</size>
         <contents>
         </contents>
      </logical_group>
      <logical_group id="lg-120" display="no" color="cyan">
         <name>.creg.EHRPWM1.near</name>
         <run_address>0x0</run_address>
         <size>0x0</size>
         <contents>
         </contents>
      </logical_group>
      <logical_group id="lg-121" display="no" color="cyan">
         <name>.creg.EHRPWM1.noload.far</name>
         <run_address>0x0</run_address>
         <size>0x0</size>
         <contents>
         </contents>
      </logical_group>
      <logical_group id="lg-122" display="no" color="cyan">
         <name>.creg.EHRPWM1.far</name>
         <run_address>0x0</run_address>
         <size>0x0</size>
         <contents>
         </contents>
      </logical_group>
      <logical_group id="lg-11e" display="no" color="cyan">
         <name>C18_GROUP</name>
         <run_address>0x0</run_address>
         <size>0x0</size>
         <contents>
            <logical_group_ref idref="lg-11f"/>
            <logical_group_ref idref="lg-120"/>
            <logical_group_ref idref="lg-121"/>
            <logical_group_ref idref="lg-122"/>
         </contents>
      </logical_group>
      <logical_group id="lg-124" display="no" color="cyan">
         <name>.creg.EHRPWM2.noload.near</name>
         <run_address>0x0</run_address>
         <size>0x0</size>
         <contents>
         </contents>
      </logical_group>
      <logical_group id="lg-125" display="no" color="cyan">
         <name>.creg.EHRPWM2.near</name>
         <run_address>0x0</run_address>
         <size>0x0</size>
         <contents>
         </contents>
      </logical_group>
      <logical_group id="lg-126" display="no" color="cyan">
         <name>.creg.EHRPWM2.noload.far</name>
         <run_address>0x0</run_address>
         <size>0x0</size>
         <contents>
         </contents>
      </logical_group>
      <logical_group id="lg-127" display="no" color="cyan">
         <name>.creg.EHRPWM2.far</name>
         <run_address>0x0</run_address>
         <size>0x0</size>
         <contents>
         </contents>
      </logical_group>
      <logical_group id="lg-123" display="no" color="cyan">
         <name>C19_GROUP</name>
         <run_address>0x0</run_address>
         <size>0x0</size>
         <contents>
            <logical_group_ref idref="lg-124"/>
            <logical_group_ref idref="lg-125"/>
            <logical_group_ref idref="lg-126"/>
            <logical_group_ref idref="lg-127"/>
         </contents>
      </logical_group>
      <logical_group id="lg-129" display="no" color="cyan">
         <name>.creg.EHRPWM3.noload.near</name>
         <run_address>0x0</run_address>
         <size>0x0</size>
         <contents>
         </contents>
      </logical_group>
      <logical_group id="lg-12a" display="no" color="cyan">
         <name>.creg.EHRPWM3.near</name>
         <run_address>0x0</run_address>
         <size>0x0</size>
         <contents>
         </contents>
      </logical_group>
      <logical_group id="lg-12b" display="no" color="cyan">
         <name>.creg.EHRPWM3.noload.far</name>
         <run_address>0x0</run_address>
         <size>0x0</size>
         <contents>
         </contents>
      </logical_group>
      <logical_group id="lg-12c" display="no" color="cyan">
         <name>.creg.EHRPWM3.far</name>
         <run_address>0x0</run_address>
         <size>0x0</size>
         <contents>
         </contents>
      </logical_group>
      <logical_group id="lg-128" display="no" color="cyan">
         <name>C20_GROUP</name>
         <run_address>0x0</run_address>
         <size>0x0</size>
         <contents>
            <logical_group_ref idref="lg-129"/>
            <logical_group_ref idref="lg-12a"/>
            <logical_group_ref idref="lg-12b"/>
            <logical_group_ref idref="lg-12c"/>
         </contents>
      </logical_group>
      <logical_group id="lg-12e" display="no" color="cyan">
         <name>.creg.RSVD13.noload.near</name>
         <run_address>0x0</run_address>
         <size>0x0</size>
         <contents>
         </contents>
      </logical_group>
      <logical_group id="lg-12f" display="no" color="cyan">
         <name>.creg.RSVD13.near</name>
         <run_address>0x0</run_address>
         <size>0x0</size>
         <contents>
         </contents>
      </logical_group>
      <logical_group id="lg-130" display="no" color="cyan">
         <name>.creg.RSVD13.noload.far</name>
         <run_address>0x0</run_address>
         <size>0x0</size>
         <contents>
         </contents>
      </logical_group>
      <logical_group id="lg-131" display="no" color="cyan">
         <name>.creg.RSVD13.far</name>
         <run_address>0x0</run_address>
         <size>0x0</size>
         <contents>
         </contents>
      </logical_group>
      <logical_group id="lg-12d" display="no" color="cyan">
         <name>C13_GROUP</name>
         <run_address>0x0</run_address>
         <size>0x0</size>
         <contents>
            <logical_group_ref idref="lg-12e"/>
            <logical_group_ref idref="lg-12f"/>
            <logical_group_ref idref="lg-130"/>
            <logical_group_ref idref="lg-131"/>
         </contents>
      </logical_group>
      <logical_group id="lg-133" display="no" color="cyan">
         <name>.creg.RSVD10.noload.near</name>
         <run_address>0x0</run_address>
         <size>0x0</size>
         <contents>
         </contents>
      </logical_group>
      <logical_group id="lg-134" display="no" color="cyan">
         <name>.creg.RSVD10.near</name>
         <run_address>0x0</run_address>
         <size>0x0</size>
         <contents>
         </contents>
      </logical_group>
      <logical_group id="lg-135" display="no" color="cyan">
         <name>.creg.RSVD10.noload.far</name>
         <run_address>0x0</run_address>
         <size>0x0</size>
         <contents>
         </contents>
      </logical_group>
      <logical_group id="lg-136" display="no" color="cyan">
         <name>.creg.RSVD10.far</name>
         <run_address>0x0</run_address>
         <size>0x0</size>
         <contents>
         </contents>
      </logical_group>
      <logical_group id="lg-132" display="no" color="cyan">
         <name>C10_GROUP</name>
         <run_address>0x0</run_address>
         <size>0x0</size>
         <contents>
            <logical_group_ref idref="lg-133"/>
            <logical_group_ref idref="lg-134"/>
            <logical_group_ref idref="lg-135"/>
            <logical_group_ref idref="lg-136"/>
         </contents>
      </logical_group>
      <logical_group id="lg-138" display="no" color="cyan">
         <name>.creg.TPCC.noload.near</name>
         <run_address>0x0</run_address>
         <size>0x0</size>
         <contents>
         </contents>
      </logical_group>
      <logical_group id="lg-139" display="no" color="cyan">
         <name>.creg.TPCC.near</name>
         <run_address>0x0</run_address>
         <size>0x0</size>
         <contents>
         </contents>
      </logical_group>
      <logical_group id="lg-13a" display="no" color="cyan">
         <name>.creg.TPCC.noload.far</name>
         <run_address>0x0</run_address>
         <size>0x0</size>
         <contents>
         </contents>
      </logical_group>
      <logical_group id="lg-13b" display="no" color="cyan">
         <name>.creg.TPCC.far</name>
         <run_address>0x0</run_address>
         <size>0x0</size>
         <contents>
         </contents>
      </logical_group>
      <logical_group id="lg-137" display="no" color="cyan">
         <name>C29_GROUP</name>
         <run_address>0x0</run_address>
         <size>0x0</size>
         <contents>
            <logical_group_ref idref="lg-138"/>
            <logical_group_ref idref="lg-139"/>
            <logical_group_ref idref="lg-13a"/>
            <logical_group_ref idref="lg-13b"/>
         </contents>
      </logical_group>
      <logical_group id="lg-13d" display="no" color="cyan">
         <name>.creg.GEMAC.noload.near</name>
         <run_address>0x0</run_address>
         <size>0x0</size>
         <contents>
         </contents>
      </logical_group>
      <logical_group id="lg-13e" display="no" color="cyan">
         <name>.creg.GEMAC.near</name>
         <run_address>0x0</run_address>
         <size>0x0</size>
         <contents>
         </contents>
      </logical_group>
      <logical_group id="lg-13f" display="no" color="cyan">
         <name>.creg.GEMAC.noload.far</name>
         <run_address>0x0</run_address>
         <size>0x0</size>
         <contents>
         </contents>
      </logical_group>
      <logical_group id="lg-140" display="no" color="cyan">
         <name>.creg.GEMAC.far</name>
         <run_address>0x0</run_address>
         <size>0x0</size>
         <contents>
         </contents>
      </logical_group>
      <logical_group id="lg-13c" display="no" color="cyan">
         <name>C9_GROUP</name>
         <run_address>0x0</run_address>
         <size>0x0</size>
         <contents>
            <logical_group_ref idref="lg-13d"/>
            <logical_group_ref idref="lg-13e"/>
            <logical_group_ref idref="lg-13f"/>
            <logical_group_ref idref="lg-140"/>
         </contents>
      </logical_group>
      <logical_group id="lg-142" display="no" color="cyan">
         <name>.creg.DDR.noload.near</name>
         <run_address>0x0</run_address>
         <size>0x0</size>
         <contents>
         </contents>
      </logical_group>
      <logical_group id="lg-143" display="no" color="cyan">
         <name>.creg.DDR.near</name>
         <run_address>0x0</run_address>
         <size>0x0</size>
         <contents>
         </contents>
      </logical_group>
      <logical_group id="lg-144" display="no" color="cyan">
         <name>.creg.DDR.noload.far</name>
         <run_address>0x0</run_address>
         <size>0x0</size>
         <contents>
         </contents>
      </logical_group>
      <logical_group id="lg-145" display="no" color="cyan">
         <name>.creg.DDR.far</name>
         <run_address>0x0</run_address>
         <size>0x0</size>
         <contents>
         </contents>
      </logical_group>
      <logical_group id="lg-141" display="no" color="cyan">
         <name>C31_GROUP</name>
         <run_address>0x0</run_address>
         <size>0x0</size>
         <contents>
            <logical_group_ref idref="lg-142"/>
            <logical_group_ref idref="lg-143"/>
            <logical_group_ref idref="lg-144"/>
            <logical_group_ref idref="lg-145"/>
         </contents>
      </logical_group>
      <logical_group id="lg-1c4" display="never" color="cyan">
         <name>.debug_info</name>
         <load_address>0x0</load_address>
         <run_address>0x0</run_address>
         <size>0x21b7</size>
         <contents>
            <object_component_ref idref="oc-7a"/>
            <object_component_ref idref="oc-6c"/>
            <object_component_ref idref="oc-6f"/>
            <object_component_ref idref="oc-72"/>
            <object_component_ref idref="oc-46"/>
            <object_component_ref idref="oc-b1"/>
            <object_component_ref idref="oc-a8"/>
            <object_component_ref idref="oc-75"/>
            <object_component_ref idref="oc-57"/>
            <object_component_ref idref="oc-7b"/>
            <object_component_ref idref="oc-30"/>
            <object_component_ref idref="oc-2a"/>
            <object_component_ref idref="oc-81"/>
            <object_component_ref idref="oc-4d"/>
            <object_component_ref idref="oc-1d6"/>
         </contents>
      </logical_group>
      <logical_group id="lg-1c6" display="never" color="cyan">
         <name>.debug_line</name>
         <load_address>0x0</load_address>
         <run_address>0x0</run_address>
         <size>0x349</size>
         <contents>
            <object_component_ref idref="oc-b0"/>
            <object_component_ref idref="oc-a5"/>
            <object_component_ref idref="oc-a7"/>
            <object_component_ref idref="oc-ae"/>
            <object_component_ref idref="oc-49"/>
            <object_component_ref idref="oc-b4"/>
            <object_component_ref idref="oc-ab"/>
            <object_component_ref idref="oc-78"/>
            <object_component_ref idref="oc-5a"/>
            <object_component_ref idref="oc-7e"/>
            <object_component_ref idref="oc-56"/>
            <object_component_ref idref="oc-2d"/>
            <object_component_ref idref="oc-84"/>
            <object_component_ref idref="oc-50"/>
         </contents>
      </logical_group>
      <logical_group id="lg-1c8" display="never" color="cyan">
         <name>.debug_frame</name>
         <load_address>0x0</load_address>
         <run_address>0x0</run_address>
         <size>0x4d1</size>
         <contents>
            <object_component_ref idref="oc-4a"/>
            <object_component_ref idref="oc-2e"/>
            <object_component_ref idref="oc-85"/>
            <object_component_ref idref="oc-51"/>
         </contents>
      </logical_group>
      <logical_group id="lg-1ca" display="never" color="cyan">
         <name>.debug_abbrev</name>
         <load_address>0x0</load_address>
         <run_address>0x0</run_address>
         <size>0x3f8</size>
         <contents>
            <object_component_ref idref="oc-af"/>
            <object_component_ref idref="oc-a4"/>
            <object_component_ref idref="oc-a6"/>
            <object_component_ref idref="oc-ad"/>
            <object_component_ref idref="oc-74"/>
            <object_component_ref idref="oc-b3"/>
            <object_component_ref idref="oc-aa"/>
            <object_component_ref idref="oc-77"/>
            <object_component_ref idref="oc-59"/>
            <object_component_ref idref="oc-7d"/>
            <object_component_ref idref="oc-55"/>
            <object_component_ref idref="oc-54"/>
            <object_component_ref idref="oc-b6"/>
            <object_component_ref idref="oc-86"/>
            <object_component_ref idref="oc-1d7"/>
         </contents>
      </logical_group>
      <logical_group id="lg-1cc" display="never" color="cyan">
         <name>.debug_str</name>
         <load_address>0x0</load_address>
         <run_address>0x0</run_address>
         <size>0xb2d</size>
         <contents>
            <object_component_ref idref="oc-b5"/>
            <object_component_ref idref="oc-ac"/>
            <object_component_ref idref="oc-79"/>
            <object_component_ref idref="oc-5b"/>
            <object_component_ref idref="oc-7f"/>
         </contents>
      </logical_group>
      <logical_group id="lg-1ce" display="never" color="cyan">
         <name>.debug_aranges</name>
         <load_address>0x0</load_address>
         <run_address>0x0</run_address>
         <size>0x80</size>
         <contents>
            <object_component_ref idref="oc-47"/>
            <object_component_ref idref="oc-2b"/>
            <object_component_ref idref="oc-82"/>
            <object_component_ref idref="oc-4e"/>
         </contents>
      </logical_group>
      <logical_group id="lg-1d0" display="never" color="cyan">
         <name>.debug_pubnames</name>
         <load_address>0x0</load_address>
         <run_address>0x0</run_address>
         <size>0x104</size>
         <contents>
            <object_component_ref idref="oc-6d"/>
            <object_component_ref idref="oc-70"/>
            <object_component_ref idref="oc-73"/>
            <object_component_ref idref="oc-48"/>
            <object_component_ref idref="oc-31"/>
            <object_component_ref idref="oc-2c"/>
            <object_component_ref idref="oc-83"/>
            <object_component_ref idref="oc-4f"/>
         </contents>
      </logical_group>
      <logical_group id="lg-1d2" display="never" color="cyan">
         <name>.debug_pubtypes</name>
         <load_address>0x0</load_address>
         <run_address>0x0</run_address>
         <size>0x175</size>
         <contents>
            <object_component_ref idref="oc-b2"/>
            <object_component_ref idref="oc-a9"/>
            <object_component_ref idref="oc-76"/>
            <object_component_ref idref="oc-58"/>
            <object_component_ref idref="oc-7c"/>
         </contents>
      </logical_group>
      <load_segment id="lg-1d8" display="no" color="cyan">
         <name>SEGMENT_0</name>
         <load_address>0x0</load_address>
         <run_address>0x0</run_address>
         <size>0xc8</size>
         <flags>0x5</flags>
         <contents>
            <logical_group_ref idref="lg-2"/>
            <logical_group_ref idref="lg-3"/>
         </contents>
      </load_segment>
      <load_segment id="lg-1d9" display="no" color="cyan">
         <name>SEGMENT_1</name>
         <run_address>0x0</run_address>
         <size>0x10c</size>
         <flags>0x6</flags>
         <contents>
            <logical_group_ref idref="lg-4"/>
            <logical_group_ref idref="lg-5"/>
         </contents>
      </load_segment>
      <load_segment id="lg-1da" display="no" color="cyan">
         <name>SEGMENT_2</name>
         <run_address>0x22000</run_address>
         <size>0x30</size>
         <flags>0x6</flags>
         <contents>
            <logical_group_ref idref="lg-f"/>
         </contents>
      </load_segment>
   </logical_group_list>
   <placement_map>
      <memory_area display="yes" color="green">
         <name>PRUIMEM</name>
         <page_id>0x0</page_id>
         <origin>0x0</origin>
         <length>0x2000</length>
         <used_space>0xc8</used_space>
         <unused_space>0x1f38</unused_space>
         <attributes>RWIX</attributes>
         <usage_details>
            <allocated_space>
               <start_address>0x0</start_address>
               <size>0x14</size>
               <logical_group_ref idref="lg-2"/>
            </allocated_space>
            <allocated_space>
               <start_address>0x14</start_address>
               <size>0xb4</size>
               <logical_group_ref idref="lg-3"/>
            </allocated_space>
            <available_space>
               <start_address>0xc8</start_address>
               <size>0x1f38</size>
            </available_space>
         </usage_details>
      </memory_area>
      <memory_area display="yes" color="green">
         <name>PRUDMEM</name>
         <page_id>0x1</page_id>
         <origin>0x0</origin>
         <length>0x2000</length>
         <used_space>0x10c</used_space>
         <unused_space>0x1ef4</unused_space>
         <attributes>RWIX</attributes>
         <usage_details>
            <allocated_space>
               <start_address>0x0</start_address>
               <size>0x100</size>
               <logical_group_ref idref="lg-4"/>
            </allocated_space>
            <allocated_space>
               <start_address>0x100</start_address>
               <size>0xc</size>
               <logical_group_ref idref="lg-5"/>
            </allocated_space>
            <available_space>
               <start_address>0x10c</start_address>
               <size>0x1ef4</size>
            </available_space>
         </usage_details>
      </memory_area>
      <memory_area display="yes" color="green">
         <name>SHAREDMEM</name>
         <page_id>0x1</page_id>
         <origin>0x10000</origin>
         <length>0x3000</length>
         <used_space>0x0</used_space>
         <unused_space>0x3000</unused_space>
         <attributes>RWIX</attributes>
         <usage_details>
         </usage_details>
      </memory_area>
      <memory_area display="yes" color="green">
         <name>INTC</name>
         <page_id>0x1</page_id>
         <origin>0x20000</origin>
         <length>0x1504</length>
         <used_space>0x0</used_space>
         <unused_space>0x1504</unused_space>
         <attributes>RWIX</attributes>
         <usage_details>
         </usage_details>
      </memory_area>
      <memory_area display="no" color="green">
         <name>PRU0_CTRL</name>
         <page_id>0x1</page_id>
         <origin>0x22000</origin>
         <length>0x30</length>
         <used_space>0x30</used_space>
         <unused_space>0x0</unused_space>
         <attributes>RWIX</attributes>
         <usage_details>
            <allocated_space>
               <start_address>0x22000</start_address>
               <size>0x30</size>
               <logical_group_ref idref="lg-f"/>
            </allocated_space>
         </usage_details>
      </memory_area>
      <memory_area display="no" color="green">
         <name>PRU1_CTRL</name>
         <page_id>0x1</page_id>
         <origin>0x24000</origin>
         <length>0x30</length>
         <used_space>0x0</used_space>
         <unused_space>0x30</unused_space>
         <attributes>RWIX</attributes>
         <usage_details>
         </usage_details>
      </memory_area>
      <memory_area display="yes" color="green">
         <name>CFG</name>
         <page_id>0x1</page_id>
         <origin>0x26000</origin>
         <length>0x100</length>
         <used_space>0x44</used_space>
         <unused_space>0xbc</unused_space>
         <attributes>RWIX</attributes>
         <usage_details>
            <allocated_space>
               <start_address>0x26000</start_address>
               <size>0x44</size>
               <logical_group_ref idref="lg-bf"/>
            </allocated_space>
            <available_space>
               <start_address>0x26044</start_address>
               <size>0xbc</size>
            </available_space>
         </usage_details>
      </memory_area>
      <memory_area display="yes" color="green">
         <name>UART0</name>
         <page_id>0x1</page_id>
         <origin>0x28000</origin>
         <length>0x100</length>
         <used_space>0x0</used_space>
         <unused_space>0x100</unused_space>
         <attributes>RWIX</attributes>
         <usage_details>
         </usage_details>
      </memory_area>
      <memory_area display="yes" color="green">
         <name>IEP</name>
         <page_id>0x1</page_id>
         <origin>0x2e000</origin>
         <length>0x31c</length>
         <used_space>0x0</used_space>
         <unused_space>0x31c</unused_space>
         <attributes>RWIX</attributes>
         <usage_details>
         </usage_details>
      </memory_area>
      <memory_area display="yes" color="green">
         <name>ECAP</name>
         <page_id>0x1</page_id>
         <origin>0x30000</origin>
         <length>0x100</length>
         <used_space>0x0</used_space>
         <unused_space>0x100</unused_space>
         <attributes>RWIX</attributes>
         <usage_details>
         </usage_details>
      </memory_area>
      <memory_area display="yes" color="green">
         <name>MDIO</name>
         <page_id>0x1</page_id>
         <origin>0x32400</origin>
         <length>0x100</length>
         <used_space>0x0</used_space>
         <unused_space>0x100</unused_space>
         <attributes>RWIX</attributes>
         <usage_details>
         </usage_details>
      </memory_area>
      <memory_area display="yes" color="green">
         <name>L3OCMC</name>
         <page_id>0x1</page_id>
         <origin>0x40000000</origin>
         <length>0x10000</length>
         <used_space>0x0</used_space>
         <unused_space>0x10000</unused_space>
         <attributes>RWIX</attributes>
         <usage_details>
         </usage_details>
      </memory_area>
      <memory_area display="yes" color="green">
         <name>MCASP0_DMA</name>
         <page_id>0x1</page_id>
         <origin>0x46000000</origin>
         <length>0x100</length>
         <used_space>0x0</used_space>
         <unused_space>0x100</unused_space>
         <attributes>RWIX</attributes>
         <usage_details>
         </usage_details>
      </memory_area>
      <memory_area display="yes" color="green">
         <name>UART1</name>
         <page_id>0x1</page_id>
         <origin>0x48022000</origin>
         <length>0x100</length>
         <used_space>0x0</used_space>
         <unused_space>0x100</unused_space>
         <attributes>RWIX</attributes>
         <usage_details>
         </usage_details>
      </memory_area>
      <memory_area display="yes" color="green">
         <name>UART2</name>
         <page_id>0x1</page_id>
         <origin>0x48024000</origin>
         <length>0x100</length>
         <used_space>0x0</used_space>
         <unused_space>0x100</unused_space>
         <attributes>RWIX</attributes>
         <usage_details>
         </usage_details>
      </memory_area>
      <memory_area display="yes" color="green">
         <name>I2C1</name>
         <page_id>0x1</page_id>
         <origin>0x4802a000</origin>
         <length>0x100</length>
         <used_space>0x0</used_space>
         <unused_space>0x100</unused_space>
         <attributes>RWIX</attributes>
         <usage_details>
         </usage_details>
      </memory_area>
      <memory_area display="yes" color="green">
         <name>MCSPI0</name>
         <page_id>0x1</page_id>
         <origin>0x48030000</origin>
         <length>0x100</length>
         <used_space>0x0</used_space>
         <unused_space>0x100</unused_space>
         <attributes>RWIX</attributes>
         <usage_details>
         </usage_details>
      </memory_area>
      <memory_area display="yes" color="green">
         <name>DMTIMER2</name>
         <page_id>0x1</page_id>
         <origin>0x48040000</origin>
         <length>0x100</length>
         <used_space>0x0</used_space>
         <unused_space>0x100</unused_space>
         <attributes>RWIX</attributes>
         <usage_details>
         </usage_details>
      </memory_area>
      <memory_area display="yes" color="green">
         <name>MMCHS0</name>
         <page_id>0x1</page_id>
         <origin>0x48060000</origin>
         <length>0x100</length>
         <used_space>0x0</used_space>
         <unused_space>0x100</unused_space>
         <attributes>RWIX</attributes>
         <usage_details>
         </usage_details>
      </memory_area>
      <memory_area display="yes" color="green">
         <name>MBX0</name>
         <page_id>0x1</page_id>
         <origin>0x480c8000</origin>
         <length>0x100</length>
         <used_space>0x0</used_space>
         <unused_space>0x100</unused_space>
         <attributes>RWIX</attributes>
         <usage_details>
         </usage_details>
      </memory_area>
      <memory_area display="yes" color="green">
         <name>SPINLOCK</name>
         <page_id>0x1</page_id>
         <origin>0x480ca000</origin>
         <length>0x100</length>
         <used_space>0x0</used_space>
         <unused_space>0x100</unused_space>
         <attributes>RWIX</attributes>
         <usage_details>
         </usage_details>
      </memory_area>
      <memory_area display="yes" color="green">
         <name>I2C2</name>
         <page_id>0x1</page_id>
         <origin>0x4819c000</origin>
         <length>0x100</length>
         <used_space>0x0</used_space>
         <unused_space>0x100</unused_space>
         <attributes>RWIX</attributes>
         <usage_details>
         </usage_details>
      </memory_area>
      <memory_area display="yes" color="green">
         <name>MCSPI1</name>
         <page_id>0x1</page_id>
         <origin>0x481a0000</origin>
         <length>0x100</length>
         <used_space>0x0</used_space>
         <unused_space>0x100</unused_space>
         <attributes>RWIX</attributes>
         <usage_details>
         </usage_details>
      </memory_area>
      <memory_area display="yes" color="green">
         <name>DCAN0</name>
         <page_id>0x1</page_id>
         <origin>0x481cc000</origin>
         <length>0x100</length>
         <used_space>0x0</used_space>
         <unused_space>0x100</unused_space>
         <attributes>RWIX</attributes>
         <usage_details>
         </usage_details>
      </memory_area>
      <memory_area display="yes" color="green">
         <name>DCAN1</name>
         <page_id>0x1</page_id>
         <origin>0x481d0000</origin>
         <length>0x100</length>
         <used_space>0x0</used_space>
         <unused_space>0x100</unused_space>
         <attributes>RWIX</attributes>
         <usage_details>
         </usage_details>
      </memory_area>
      <memory_area display="yes" color="green">
         <name>EHRPWM1</name>
         <page_id>0x1</page_id>
         <origin>0x48300000</origin>
         <length>0x100</length>
         <used_space>0x0</used_space>
         <unused_space>0x100</unused_space>
         <attributes>RWIX</attributes>
         <usage_details>
         </usage_details>
      </memory_area>
      <memory_area display="yes" color="green">
         <name>EHRPWM2</name>
         <page_id>0x1</page_id>
         <origin>0x48302000</origin>
         <length>0x100</length>
         <used_space>0x0</used_space>
         <unused_space>0x100</unused_space>
         <attributes>RWIX</attributes>
         <usage_details>
         </usage_details>
      </memory_area>
      <memory_area display="yes" color="green">
         <name>EHRPWM3</name>
         <page_id>0x1</page_id>
         <origin>0x48304000</origin>
         <length>0x100</length>
         <used_space>0x0</used_space>
         <unused_space>0x100</unused_space>
         <attributes>RWIX</attributes>
         <usage_details>
         </usage_details>
      </memory_area>
      <memory_area display="yes" color="green">
         <name>RSVD13</name>
         <page_id>0x1</page_id>
         <origin>0x48310000</origin>
         <length>0x100</length>
         <used_space>0x0</used_space>
         <unused_space>0x100</unused_space>
         <attributes>RWIX</attributes>
         <usage_details>
         </usage_details>
      </memory_area>
      <memory_area display="yes" color="green">
         <name>RSVD10</name>
         <page_id>0x1</page_id>
         <origin>0x48318000</origin>
         <length>0x100</length>
         <used_space>0x0</used_space>
         <unused_space>0x100</unused_space>
         <attributes>RWIX</attributes>
         <usage_details>
         </usage_details>
      </memory_area>
      <memory_area display="yes" color="green">
         <name>TPCC</name>
         <page_id>0x1</page_id>
         <origin>0x49000000</origin>
         <length>0x10a0</length>
         <used_space>0x0</used_space>
         <unused_space>0x10a0</unused_space>
         <attributes>RWIX</attributes>
         <usage_details>
         </usage_details>
      </memory_area>
      <memory_area display="yes" color="green">
         <name>GEMAC</name>
         <page_id>0x1</page_id>
         <origin>0x4a100000</origin>
         <length>0x100</length>
         <used_space>0x0</used_space>
         <unused_space>0x100</unused_space>
         <attributes>RWIX</attributes>
         <usage_details>
         </usage_details>
      </memory_area>
      <memory_area display="yes" color="green">
         <name>DDR</name>
         <page_id>0x1</page_id>
         <origin>0x80000000</origin>
         <length>0x100</length>
         <used_space>0x0</used_space>
         <unused_space>0x100</unused_space>
         <attributes>RWIX</attributes>
         <usage_details>
         </usage_details>
      </memory_area>
   </placement_map>
   <symbol_table>
      <symbol id="sm-1">
         <name>__PRU_CREG_INTC</name>
         <value>0x0</value>
      </symbol>
      <symbol id="sm-2">
         <name>__PRU_CREG_BASE_INTC</name>
         <value>0x20000</value>
      </symbol>
      <symbol id="sm-3">
         <name>__PRU_CREG_CFG</name>
         <value>0x4</value>
      </symbol>
      <symbol id="sm-4">
         <name>__PRU_CREG_BASE_CFG</name>
         <value>0x26000</value>
      </symbol>
      <symbol id="sm-5">
         <name>__PRU_CREG_UART0</name>
         <value>0x7</value>
      </symbol>
      <symbol id="sm-6">
         <name>__PRU_CREG_BASE_UART0</name>
         <value>0x28000</value>
      </symbol>
      <symbol id="sm-7">
         <name>__PRU_CREG_IEP</name>
         <value>0x1a</value>
      </symbol>
      <symbol id="sm-8">
         <name>__PRU_CREG_BASE_IEP</name>
         <value>0x2e000</value>
      </symbol>
      <symbol id="sm-9">
         <name>__PRU_CREG_ECAP</name>
         <value>0x3</value>
      </symbol>
      <symbol id="sm-a">
         <name>__PRU_CREG_BASE_ECAP</name>
         <value>0x30000</value>
      </symbol>
      <symbol id="sm-b">
         <name>__PRU_CREG_MDIO</name>
         <value>0x15</value>
      </symbol>
      <symbol id="sm-c">
         <name>__PRU_CREG_BASE_MDIO</name>
         <value>0x32400</value>
      </symbol>
      <symbol id="sm-d">
         <name>__PRU_CREG_L3OCMC</name>
         <value>0x1e</value>
      </symbol>
      <symbol id="sm-e">
         <name>__PRU_CREG_BASE_L3OCMC</name>
         <value>0x40000000</value>
      </symbol>
      <symbol id="sm-f">
         <name>__PRU_CREG_MCASP0_DMA</name>
         <value>0x8</value>
      </symbol>
      <symbol id="sm-10">
         <name>__PRU_CREG_BASE_MCASP0_DMA</name>
         <value>0x46000000</value>
      </symbol>
      <symbol id="sm-11">
         <name>__PRU_CREG_UART1</name>
         <value>0xb</value>
      </symbol>
      <symbol id="sm-12">
         <name>__PRU_CREG_BASE_UART1</name>
         <value>0x48022000</value>
      </symbol>
      <symbol id="sm-13">
         <name>__PRU_CREG_UART2</name>
         <value>0xc</value>
      </symbol>
      <symbol id="sm-14">
         <name>__PRU_CREG_BASE_UART2</name>
         <value>0x48024000</value>
      </symbol>
      <symbol id="sm-15">
         <name>__PRU_CREG_I2C1</name>
         <value>0x2</value>
      </symbol>
      <symbol id="sm-16">
         <name>__PRU_CREG_BASE_I2C1</name>
         <value>0x4802a000</value>
      </symbol>
      <symbol id="sm-17">
         <name>__PRU_CREG_MCSPI0</name>
         <value>0x6</value>
      </symbol>
      <symbol id="sm-18">
         <name>__PRU_CREG_BASE_MCSPI0</name>
         <value>0x48030000</value>
      </symbol>
      <symbol id="sm-19">
         <name>__PRU_CREG_DMTIMER2</name>
         <value>0x1</value>
      </symbol>
      <symbol id="sm-1a">
         <name>__PRU_CREG_BASE_DMTIMER2</name>
         <value>0x48040000</value>
      </symbol>
      <symbol id="sm-1b">
         <name>__PRU_CREG_MMCHS0</name>
         <value>0x5</value>
      </symbol>
      <symbol id="sm-1c">
         <name>__PRU_CREG_BASE_MMCHS0</name>
         <value>0x48060000</value>
      </symbol>
      <symbol id="sm-1d">
         <name>__PRU_CREG_MBX0</name>
         <value>0x16</value>
      </symbol>
      <symbol id="sm-1e">
         <name>__PRU_CREG_BASE_MBX0</name>
         <value>0x480c8000</value>
      </symbol>
      <symbol id="sm-1f">
         <name>__PRU_CREG_SPINLOCK</name>
         <value>0x17</value>
      </symbol>
      <symbol id="sm-20">
         <name>__PRU_CREG_BASE_SPINLOCK</name>
         <value>0x480ca000</value>
      </symbol>
      <symbol id="sm-21">
         <name>__PRU_CREG_I2C2</name>
         <value>0x11</value>
      </symbol>
      <symbol id="sm-22">
         <name>__PRU_CREG_BASE_I2C2</name>
         <value>0x4819c000</value>
      </symbol>
      <symbol id="sm-23">
         <name>__PRU_CREG_MCSPI1</name>
         <value>0x10</value>
      </symbol>
      <symbol id="sm-24">
         <name>__PRU_CREG_BASE_MCSPI1</name>
         <value>0x481a0000</value>
      </symbol>
      <symbol id="sm-25">
         <name>__PRU_CREG_DCAN0</name>
         <value>0xe</value>
      </symbol>
      <symbol id="sm-26">
         <name>__PRU_CREG_BASE_DCAN0</name>
         <value>0x481cc000</value>
      </symbol>
      <symbol id="sm-27">
         <name>__PRU_CREG_DCAN1</name>
         <value>0xf</value>
      </symbol>
      <symbol id="sm-28">
         <name>__PRU_CREG_BASE_DCAN1</name>
         <value>0x481d0000</value>
      </symbol>
      <symbol id="sm-29">
         <name>__PRU_CREG_EHRPWM1</name>
         <value>0x12</value>
      </symbol>
      <symbol id="sm-2a">
         <name>__PRU_CREG_BASE_EHRPWM1</name>
         <value>0x48300000</value>
      </symbol>
      <symbol id="sm-2b">
         <name>__PRU_CREG_EHRPWM2</name>
         <value>0x13</value>
      </symbol>
      <symbol id="sm-2c">
         <name>__PRU_CREG_BASE_EHRPWM2</name>
         <value>0x48302000</value>
      </symbol>
      <symbol id="sm-2d">
         <name>__PRU_CREG_EHRPWM3</name>
         <value>0x14</value>
      </symbol>
      <symbol id="sm-2e">
         <name>__PRU_CREG_BASE_EHRPWM3</name>
         <value>0x48304000</value>
      </symbol>
      <symbol id="sm-2f">
         <name>__PRU_CREG_RSVD13</name>
         <value>0xd</value>
      </symbol>
      <symbol id="sm-30">
         <name>__PRU_CREG_BASE_RSVD13</name>
         <value>0x48310000</value>
      </symbol>
      <symbol id="sm-31">
         <name>__PRU_CREG_RSVD10</name>
         <value>0xa</value>
      </symbol>
      <symbol id="sm-32">
         <name>__PRU_CREG_BASE_RSVD10</name>
         <value>0x48318000</value>
      </symbol>
      <symbol id="sm-33">
         <name>__PRU_CREG_TPCC</name>
         <value>0x1d</value>
      </symbol>
      <symbol id="sm-34">
         <name>__PRU_CREG_BASE_TPCC</name>
         <value>0x49000000</value>
      </symbol>
      <symbol id="sm-35">
         <name>__PRU_CREG_GEMAC</name>
         <value>0x9</value>
      </symbol>
      <symbol id="sm-36">
         <name>__PRU_CREG_BASE_GEMAC</name>
         <value>0x4a100000</value>
      </symbol>
      <symbol id="sm-37">
         <name>__PRU_CREG_DDR</name>
         <value>0x1f</value>
      </symbol>
      <symbol id="sm-38">
         <name>__PRU_CREG_BASE_DDR</name>
         <value>0x80000000</value>
      </symbol>
      <symbol id="sm-39">
         <name>binit</name>
         <value>0xffffffff</value>
      </symbol>
      <symbol id="sm-3a">
         <name>__binit__</name>
         <value>0xffffffff</value>
      </symbol>
      <symbol id="sm-3b">
         <name>__TI_STACK_SIZE</name>
         <value>0x100</value>
      </symbol>
      <symbol id="sm-3c">
         <name>__TI_STACK_END</name>
         <value>0x100</value>
      </symbol>
      <symbol id="sm-3d">
         <name>__c_args__</name>
         <value>0xffffffff</value>
      </symbol>
      <symbol id="sm-f9">
         <name>buffer</name>
         <value>0x100</value>
         <object_component_ref idref="oc-71"/>
      </symbol>
      <symbol id="sm-fa">
         <name>main</name>
         <value>0x14</value>
         <object_component_ref idref="oc-45"/>
      </symbol>
      <symbol id="sm-fb">
         <name>CT_CFG</name>
         <value>0x26000</value>
         <object_component_ref idref="oc-6b"/>
      </symbol>
      <symbol id="sm-fc">
         <name>PRU0_CTRL</name>
         <value>0x22000</value>
         <object_component_ref idref="oc-6e"/>
      </symbol>
      <symbol id="sm-104">
         <name>__TI_c_int00</name>
         <value>0x1</value>
      </symbol>
      <symbol id="sm-105">
         <name>_stack</name>
         <value>0x0</value>
         <object_component_ref idref="oc-2f"/>
      </symbol>
      <symbol id="sm-10e">
         <name>_c_int00_noinit_noargs_noexit</name>
         <value>0x0</value>
         <object_component_ref idref="oc-29"/>
      </symbol>
      <symbol id="sm-120">
         <name>C$$EXIT</name>
         <value>0xc0</value>
         <object_component_ref idref="oc-80"/>
      </symbol>
      <symbol id="sm-121">
         <name>abort</name>
         <value>0xb8</value>
         <object_component_ref idref="oc-4c"/>
      </symbol>
      <symbol id="sm-122">
         <name>__TI_exit</name>
         <value>0x1</value>
      </symbol>
      <symbol id="sm-125">
         <name>__TI_args_main</name>
         <value>0x1</value>
      </symbol>
      <symbol id="sm-127">
         <name>__TI_auto_init</name>
         <value>0x1</value>
      </symbol>
   </symbol_table>
   <title>Link successful</title>
</link_info>
