******************************************************************************
                     PRU Linker Unix v2.1.0                    
******************************************************************************
>> Linked Thu Nov 27 20:02:08 2014

OUTPUT FILE NAME:   <pru_main.elf>
ENTRY POINT SYMBOL: "_c_int00_noinit_noargs_noexit"  address: 00000c68


MEMORY CONFIGURATION

         name            origin    length      used     unused   attr    fill
----------------------  --------  ---------  --------  --------  ----  --------
PAGE 0:
  PRUIMEM               00000000   00001000  00000c8c  00000374  RWIX

PAGE 1:
  PRUDMEM               00000000   00001000  00000118  00000ee8  RWIX


SECTION ALLOCATION MAP

 output                                  attributes/
section   page    origin      length       input sections
--------  ----  ----------  ----------   ----------------
.text      0    00000000    00000c8c     
                  00000000    00000110     dcan_frame.obj (.text:CANRxObjectConfig)
                  00000110    000000f4     pru_main.obj (.text:main)
                  00000204    000000ec     dcan_frame.obj (.text:CANTxObjectConfig)
                  000002f0    000000d0     dcan.obj (.text:DCANMsgIdSet)
                  000003c0    000000b8     dcan.obj (.text:DCANCommandRegSet)
                  00000478    00000098     dcan.obj (.text:DCANDataLengthCodeSet)
                  00000510    00000098     dcan.obj (.text:DCANMsgDirectionSet)
                  000005a8    00000094     dcan.obj (.text:DCANMsgObjectMskConfig)
                  0000063c    00000090     dcan.obj (.text:DCANFIFOEndOfBlockControl)
                  000006cc    00000090     dcan.obj (.text:DCANTxRqstStatGet)
                  0000075c    00000088     dcan.obj (.text:DCANDataWrite)
                  000007e4    00000070     dcan.obj (.text:DCANMsgValidStatusGet)
                  00000854    00000070     dcan.obj (.text:DCANUseAcceptanceMaskControl)
                  000008c4    00000064     dcan_frame.obj (.text:CANMsgObjectConfig)
                  00000928    00000064     dcan.obj (.text:DCANMsgObjIntEnable)
                  0000098c    00000054     dcan.obj (.text:DCANMsgObjInvalidate)
                  000009e0    00000054     dcan.obj (.text:DCANMsgObjValidate)
                  00000a34    0000004c     dcan_frame.obj (.text:CANInValidateMsgObject)
                  00000a80    00000044     dcan_frame.obj (.text:CANSetBitTiming)
                  00000ac4    00000044     dcan.obj (.text:DCANConfigRegWriteAccessControl)
                  00000b08    0000003c     dcan.obj (.text:DCANIntLineEnable)
                  00000b44    00000038     dcan.obj (.text:DCANIFBusyStatusGet)
                  00000b7c    00000034     dcan.obj (.text:DCANIntEnable)
                  00000bb0    00000030     dcan.obj (.text:DCANInitModeSet)
                  00000be0    00000030     dcan.obj (.text:DCANNormalModeSet)
                  00000c10    00000030     dcan.obj (.text:DCANReset)
                  00000c40    00000028     dcan.obj (.text:DCANBitTimingConfig)
                  00000c68    00000014     rtspruv2_le.lib : boot_special.obj (.text:_c_int00_noinit_noargs_noexit)
                  00000c7c    00000008                     : exit.obj (.text:abort)
                  00000c84    00000008                     : exit.obj (.text:loader_exit)

.stack     1    00000000    00000100     UNINITIALIZED
                  00000000    00000004     rtspruv2_le.lib : boot.obj (.stack)
                  00000004    000000fc     --HOLE--

.data      1    00000100    00000018     
                  00000100    00000018     pru_main.obj (.data)

.cinit     1    00000000    00000000     UNINITIALIZED


SEGMENT ATTRIBUTES

    id tag      seg value
    -- ---      --- -----
     0 PHA_PAGE 1   1    
     1 PHA_PAGE 2   1    


GLOBAL SYMBOLS: SORTED ALPHABETICALLY BY Name 

page  address   name                           
----  -------   ----                           
0     00000c84  C$$EXIT                        
0     00000a34  CANInValidateMsgObject         
0     000008c4  CANMsgObjectConfig             
0     00000000  CANRxObjectConfig              
0     00000a80  CANSetBitTiming                
0     00000204  CANTxObjectConfig              
0     00000c40  DCANBitTimingConfig            
0     000003c0  DCANCommandRegSet              
0     00000ac4  DCANConfigRegWriteAccessControl
0     00000478  DCANDataLengthCodeSet          
0     0000075c  DCANDataWrite                  
0     0000063c  DCANFIFOEndOfBlockControl      
0     00000b44  DCANIFBusyStatusGet            
0     00000bb0  DCANInitModeSet                
0     00000b7c  DCANIntEnable                  
0     00000b08  DCANIntLineEnable              
0     00000510  DCANMsgDirectionSet            
0     000002f0  DCANMsgIdSet                   
0     00000928  DCANMsgObjIntEnable            
0     0000098c  DCANMsgObjInvalidate           
0     000009e0  DCANMsgObjValidate             
0     000005a8  DCANMsgObjectMskConfig         
0     000007e4  DCANMsgValidStatusGet          
0     00000be0  DCANNormalModeSet              
0     00000c10  DCANReset                      
0     000006cc  DCANTxRqstStatGet              
0     00000854  DCANUseAcceptanceMaskControl   
1     00000100  __TI_STACK_END                 
abs   00000100  __TI_STACK_SIZE                
abs   ffffffff  __binit__                      
abs   ffffffff  __c_args__                     
0     00000c68  _c_int00_noinit_noargs_noexit  
1     00000000  _stack                         
0     00000c7c  abort                          
abs   ffffffff  binit                          
1     00000108  entry                          
0     00000110  main                           


GLOBAL SYMBOLS: SORTED BY Symbol Address 

page  address   name                           
----  -------   ----                           
0     00000000  CANRxObjectConfig              
0     00000110  main                           
0     00000204  CANTxObjectConfig              
0     000002f0  DCANMsgIdSet                   
0     000003c0  DCANCommandRegSet              
0     00000478  DCANDataLengthCodeSet          
0     00000510  DCANMsgDirectionSet            
0     000005a8  DCANMsgObjectMskConfig         
0     0000063c  DCANFIFOEndOfBlockControl      
0     000006cc  DCANTxRqstStatGet              
0     0000075c  DCANDataWrite                  
0     000007e4  DCANMsgValidStatusGet          
0     00000854  DCANUseAcceptanceMaskControl   
0     000008c4  CANMsgObjectConfig             
0     00000928  DCANMsgObjIntEnable            
0     0000098c  DCANMsgObjInvalidate           
0     000009e0  DCANMsgObjValidate             
0     00000a34  CANInValidateMsgObject         
0     00000a80  CANSetBitTiming                
0     00000ac4  DCANConfigRegWriteAccessControl
0     00000b08  DCANIntLineEnable              
0     00000b44  DCANIFBusyStatusGet            
0     00000b7c  DCANIntEnable                  
0     00000bb0  DCANInitModeSet                
0     00000be0  DCANNormalModeSet              
0     00000c10  DCANReset                      
0     00000c40  DCANBitTimingConfig            
0     00000c68  _c_int00_noinit_noargs_noexit  
0     00000c7c  abort                          
0     00000c84  C$$EXIT                        
1     00000000  _stack                         
1     00000100  __TI_STACK_END                 
1     00000108  entry                          
abs   00000100  __TI_STACK_SIZE                
abs   ffffffff  __binit__                      
abs   ffffffff  __c_args__                     
abs   ffffffff  binit                          

[37 symbols]
