******************************************************************************
                     PRU Linker Unix v2.1.0                    
******************************************************************************
>> Linked Tue Nov  4 04:32:18 2014

OUTPUT FILE NAME:   <button_led_1.out>
ENTRY POINT SYMBOL: "_c_int00_noinit_noargs_noexit"  address: 00000038


MEMORY CONFIGURATION

         name            origin    length      used     unused   attr    fill
----------------------  --------  ---------  --------  --------  ----  --------
PAGE 0:
  PRUIMEM               00000000   00001000  0000005c  00000fa4  RWIX

PAGE 1:
  PRUDMEM               00000000   00001000  00000134  00000ecc  RWIX
  SHAREDMEM             00010000   00010000  00000000  00010000  RWIX
  C0_INTC               00020000   00001504  00001504  00000000  RWIX
  C4_CFG                00026000   00000100  00000044  000000bc  RWIX
  C7_UART0              00028000   00000100  00000000  00000100  RWIX
  C26_IEP               0002e000   00000068  00000000  00000068  RWIX
  C3_ECAP               00030000   00000100  00000000  00000100  RWIX
  C21_MDIO              00032400   00000100  00000000  00000100  RWIX
  C8_MCASP0_DMA         46000000   00000100  00000000  00000100  RWIX
  C11_UART1             48022000   00000100  00000000  00000100  RWIX
  C12_UART2             48024000   00000100  00000000  00000100  RWIX
  C2_I2C1               4802a000   00000100  00000000  00000100  RWIX
  C6_MCSPI0             48030000   00000100  00000000  00000100  RWIX
  C1_DMTIMER2           48040000   00000100  00000000  00000100  RWIX
  C5_MMCHS0             48060000   00000100  00000000  00000100  RWIX
  C22_MBX0              480c8000   00000100  00000000  00000100  RWIX
  C23_SPINLOCK          480ca000   00000100  00000000  00000100  RWIX
  C17_I2C2              4819c000   00000100  00000000  00000100  RWIX
  C16_MCSPI1            481a0000   00000100  00000000  00000100  RWIX
  C14_DCAN0             481cc000   00000100  00000000  00000100  RWIX
  C15_DCAN1             481d0000   00000100  00000000  00000100  RWIX
  C18_EHRPWM1           48300000   00000100  00000000  00000100  RWIX
  C19_EHRPWM2           48302000   00000100  00000000  00000100  RWIX
  C20_EHRPWM3           48304000   00000100  00000000  00000100  RWIX
  C13_RSVD              48310000   00000100  00000000  00000100  RWIX
  C10_RSVD              48318000   00000100  00000000  00000100  RWIX
  C9_GEMAC              4a100000   00000100  00000000  00000100  RWIX
  C31_DDR               80000000   00000100  00000000  00000100  RWIX


SECTION ALLOCATION MAP

 output                                  attributes/
section   page    origin      length       input sections
--------  ----  ----------  ----------   ----------------
.text      0    00000000    0000005c     
                  00000000    00000038     button_led_1.obj (.text:main)
                  00000038    00000014     rtspruv3_le.lib : boot_special.obj (.text:_c_int00_noinit_noargs_noexit)
                  0000004c    00000008                     : exit.obj (.text:abort)
                  00000054    00000008                     : exit.obj (.text:loader_exit)

.stack     1    00000000    00000100     UNINITIALIZED
                  00000000    00000004     rtspruv3_le.lib : boot.obj (.stack)
                  00000004    000000fc     --HOLE--

.cinit     1    00000000    00000000     UNINITIALIZED

.resource_table 
*          1    00000100    00000034     
                  00000100    00000034     button_led_1.obj (.resource_table:retain)

.creg.C0_INTC.noload.near 
*          1    00020000    00000000     NOLOAD SECTION

.creg.C0_INTC.near 
*          1    00020000    00000000     UNINITIALIZED

.creg.C0_INTC.noload.far 
*          1    00020000    00001504     NOLOAD SECTION
                  00020000    00001504     button_led_1.obj (.creg.C0_INTC.noload.far)

.creg.C0_INTC.far 
*          1    00021504    00000000     UNINITIALIZED

.creg.C4_CFG.noload.near 
*          1    00026000    00000044     NOLOAD SECTION
                  00026000    00000044     button_led_1.obj (.creg.C4_CFG.noload.near)

.creg.C4_CFG.near 
*          1    00026044    00000000     UNINITIALIZED

.creg.C4_CFG.noload.far 
*          1    00026044    00000000     NOLOAD SECTION

.creg.C4_CFG.far 
*          1    00026044    00000000     UNINITIALIZED


SEGMENT ATTRIBUTES

    id tag      seg value
    -- ---      --- -----
     0 PHA_PAGE 1   1    
     1 PHA_PAGE 2   1    


GLOBAL SYMBOLS: SORTED ALPHABETICALLY BY Name 

page  address   name                               
----  -------   ----                               
0     00000054  C$$EXIT                            
1     00026000  CT_CFG                             
1     00020000  CT_INTC                            
abs   00020000  __PRU_CREG_BASE_C0_INTC            
abs   48318000  __PRU_CREG_BASE_C10_RSVD           
abs   48022000  __PRU_CREG_BASE_C11_UART1          
abs   48024000  __PRU_CREG_BASE_C12_UART2          
abs   48310000  __PRU_CREG_BASE_C13_RSVD           
abs   481cc000  __PRU_CREG_BASE_C14_DCAN0          
abs   481d0000  __PRU_CREG_BASE_C15_DCAN1          
abs   481a0000  __PRU_CREG_BASE_C16_MCSPI1         
abs   4819c000  __PRU_CREG_BASE_C17_I2C2           
abs   48300000  __PRU_CREG_BASE_C18_EHRPWM1        
abs   48302000  __PRU_CREG_BASE_C19_EHRPWM2        
abs   48040000  __PRU_CREG_BASE_C1_DMTIMER2        
abs   48304000  __PRU_CREG_BASE_C20_EHRPWM3        
abs   00032400  __PRU_CREG_BASE_C21_MDIO           
abs   480c8000  __PRU_CREG_BASE_C22_MBX0           
abs   480ca000  __PRU_CREG_BASE_C23_SPINLOCK       
abs   0002e000  __PRU_CREG_BASE_C26_IEP            
abs   4802a000  __PRU_CREG_BASE_C2_I2C1            
abs   80000000  __PRU_CREG_BASE_C31_DDR            
abs   00030000  __PRU_CREG_BASE_C3_ECAP            
abs   00026000  __PRU_CREG_BASE_C4_CFG             
abs   48060000  __PRU_CREG_BASE_C5_MMCHS0          
abs   48030000  __PRU_CREG_BASE_C6_MCSPI0          
abs   00028000  __PRU_CREG_BASE_C7_UART0           
abs   46000000  __PRU_CREG_BASE_C8_MCASP0_DMA      
abs   4a100000  __PRU_CREG_BASE_C9_GEMAC           
abs   00000000  __PRU_CREG_C0_INTC                 
abs   0000000a  __PRU_CREG_C10_RSVD                
abs   0000000b  __PRU_CREG_C11_UART1               
abs   0000000c  __PRU_CREG_C12_UART2               
abs   0000000d  __PRU_CREG_C13_RSVD                
abs   0000000e  __PRU_CREG_C14_DCAN0               
abs   0000000f  __PRU_CREG_C15_DCAN1               
abs   00000010  __PRU_CREG_C16_MCSPI1              
abs   00000011  __PRU_CREG_C17_I2C2                
abs   00000012  __PRU_CREG_C18_EHRPWM1             
abs   00000013  __PRU_CREG_C19_EHRPWM2             
abs   00000001  __PRU_CREG_C1_DMTIMER2             
abs   00000014  __PRU_CREG_C20_EHRPWM3             
abs   00000015  __PRU_CREG_C21_MDIO                
abs   00000016  __PRU_CREG_C22_MBX0                
abs   00000017  __PRU_CREG_C23_SPINLOCK            
abs   0000001a  __PRU_CREG_C26_IEP                 
abs   00000002  __PRU_CREG_C2_I2C1                 
abs   0000001f  __PRU_CREG_C31_DDR                 
abs   00000003  __PRU_CREG_C3_ECAP                 
abs   00000004  __PRU_CREG_C4_CFG                  
abs   00000005  __PRU_CREG_C5_MMCHS0               
abs   00000006  __PRU_CREG_C6_MCSPI0               
abs   00000007  __PRU_CREG_C7_UART0                
abs   00000008  __PRU_CREG_C8_MCASP0_DMA           
abs   00000009  __PRU_CREG_C9_GEMAC                
1     00000100  __TI_STACK_END                     
abs   00000100  __TI_STACK_SIZE                    
abs   ffffffff  __binit__                          
abs   ffffffff  __c_args__                         
0     00000038  _c_int00_noinit_noargs_noexit      
1     00000000  _stack                             
0     0000004c  abort                              
1     00000100  am335x_pru_remoteproc_ResourceTable
abs   ffffffff  binit                              
0     00000000  main                               


GLOBAL SYMBOLS: SORTED BY Symbol Address 

page  address   name                               
----  -------   ----                               
0     00000000  main                               
0     00000038  _c_int00_noinit_noargs_noexit      
0     0000004c  abort                              
0     00000054  C$$EXIT                            
1     00000000  _stack                             
1     00000100  __TI_STACK_END                     
1     00000100  am335x_pru_remoteproc_ResourceTable
1     00020000  CT_INTC                            
1     00026000  CT_CFG                             
abs   00000000  __PRU_CREG_C0_INTC                 
abs   00000001  __PRU_CREG_C1_DMTIMER2             
abs   00000002  __PRU_CREG_C2_I2C1                 
abs   00000003  __PRU_CREG_C3_ECAP                 
abs   00000004  __PRU_CREG_C4_CFG                  
abs   00000005  __PRU_CREG_C5_MMCHS0               
abs   00000006  __PRU_CREG_C6_MCSPI0               
abs   00000007  __PRU_CREG_C7_UART0                
abs   00000008  __PRU_CREG_C8_MCASP0_DMA           
abs   00000009  __PRU_CREG_C9_GEMAC                
abs   0000000a  __PRU_CREG_C10_RSVD                
abs   0000000b  __PRU_CREG_C11_UART1               
abs   0000000c  __PRU_CREG_C12_UART2               
abs   0000000d  __PRU_CREG_C13_RSVD                
abs   0000000e  __PRU_CREG_C14_DCAN0               
abs   0000000f  __PRU_CREG_C15_DCAN1               
abs   00000010  __PRU_CREG_C16_MCSPI1              
abs   00000011  __PRU_CREG_C17_I2C2                
abs   00000012  __PRU_CREG_C18_EHRPWM1             
abs   00000013  __PRU_CREG_C19_EHRPWM2             
abs   00000014  __PRU_CREG_C20_EHRPWM3             
abs   00000015  __PRU_CREG_C21_MDIO                
abs   00000016  __PRU_CREG_C22_MBX0                
abs   00000017  __PRU_CREG_C23_SPINLOCK            
abs   0000001a  __PRU_CREG_C26_IEP                 
abs   0000001f  __PRU_CREG_C31_DDR                 
abs   00000100  __TI_STACK_SIZE                    
abs   00020000  __PRU_CREG_BASE_C0_INTC            
abs   00026000  __PRU_CREG_BASE_C4_CFG             
abs   00028000  __PRU_CREG_BASE_C7_UART0           
abs   0002e000  __PRU_CREG_BASE_C26_IEP            
abs   00030000  __PRU_CREG_BASE_C3_ECAP            
abs   00032400  __PRU_CREG_BASE_C21_MDIO           
abs   46000000  __PRU_CREG_BASE_C8_MCASP0_DMA      
abs   48022000  __PRU_CREG_BASE_C11_UART1          
abs   48024000  __PRU_CREG_BASE_C12_UART2          
abs   4802a000  __PRU_CREG_BASE_C2_I2C1            
abs   48030000  __PRU_CREG_BASE_C6_MCSPI0          
abs   48040000  __PRU_CREG_BASE_C1_DMTIMER2        
abs   48060000  __PRU_CREG_BASE_C5_MMCHS0          
abs   480c8000  __PRU_CREG_BASE_C22_MBX0           
abs   480ca000  __PRU_CREG_BASE_C23_SPINLOCK       
abs   4819c000  __PRU_CREG_BASE_C17_I2C2           
abs   481a0000  __PRU_CREG_BASE_C16_MCSPI1         
abs   481cc000  __PRU_CREG_BASE_C14_DCAN0          
abs   481d0000  __PRU_CREG_BASE_C15_DCAN1          
abs   48300000  __PRU_CREG_BASE_C18_EHRPWM1        
abs   48302000  __PRU_CREG_BASE_C19_EHRPWM2        
abs   48304000  __PRU_CREG_BASE_C20_EHRPWM3        
abs   48310000  __PRU_CREG_BASE_C13_RSVD           
abs   48318000  __PRU_CREG_BASE_C10_RSVD           
abs   4a100000  __PRU_CREG_BASE_C9_GEMAC           
abs   80000000  __PRU_CREG_BASE_C31_DDR            
abs   ffffffff  __binit__                          
abs   ffffffff  __c_args__                         
abs   ffffffff  binit                              

[65 symbols]
